Archive member included to satisfy reference by file (symbol)

C:/Users/LENOVO/Documents/Reseaux_Ubiquitaire/hei-2019-2020-lab-sens-it-reinert-gerardin/sensit-sdk-v2.0.0/sdk/lib\libSENSIT_SDK_V2.0.0.a(addon_sigfox_verified_api.o)
                              C:/Users/LENOVO/Documents/Reseaux_Ubiquitaire/hei-2019-2020-lab-sens-it-reinert-gerardin/sensit-sdk-v2.0.0/sdk/obj/AT_functions.o (ADDON_SIGFOX_VERIFIED_API_get_version)
C:/Users/LENOVO/Documents/Reseaux_Ubiquitaire/hei-2019-2020-lab-sens-it-reinert-gerardin/sensit-sdk-v2.0.0/sdk/lib\libSENSIT_SDK_V2.0.0.a(mcu_api.o)
                              C:/Users/LENOVO/Documents/Reseaux_Ubiquitaire/hei-2019-2020-lab-sens-it-reinert-gerardin/sensit-sdk-v2.0.0/sdk/lib\libSENSIT_SDK_V2.0.0.a(addon_sigfox_verified_api.o) (MCU_API_timer_start)
C:/Users/LENOVO/Documents/Reseaux_Ubiquitaire/hei-2019-2020-lab-sens-it-reinert-gerardin/sensit-sdk-v2.0.0/sdk/lib\libSENSIT_SDK_V2.0.0.a(nvmem_api.o)
                              C:/Users/LENOVO/Documents/Reseaux_Ubiquitaire/hei-2019-2020-lab-sens-it-reinert-gerardin/sensit-sdk-v2.0.0/sdk/lib\libSENSIT_SDK_V2.0.0.a(mcu_api.o) (NVMEM_API_get_device_id)
C:/Users/LENOVO/Documents/Reseaux_Ubiquitaire/hei-2019-2020-lab-sens-it-reinert-gerardin/sensit-sdk-v2.0.0/sdk/lib\libSENSIT_SDK_V2.0.0.a(radio.o)
                              C:/Users/LENOVO/Documents/Reseaux_Ubiquitaire/hei-2019-2020-lab-sens-it-reinert-gerardin/sensit-sdk-v2.0.0/sdk/lib\libSENSIT_SDK_V2.0.0.a(mcu_api.o) (RADIO_is_600bps)
C:/Users/LENOVO/Documents/Reseaux_Ubiquitaire/hei-2019-2020-lab-sens-it-reinert-gerardin/sensit-sdk-v2.0.0/sdk/lib\libSENSIT_SDK_V2.0.0.a(rtc.o)
                              C:/Users/LENOVO/Documents/Reseaux_Ubiquitaire/hei-2019-2020-lab-sens-it-reinert-gerardin/sensit-sdk-v2.0.0/sdk/lib\libSENSIT_SDK_V2.0.0.a(mcu_api.o) (RTC_set_rx_timer)
C:/Users/LENOVO/Documents/Reseaux_Ubiquitaire/hei-2019-2020-lab-sens-it-reinert-gerardin/sensit-sdk-v2.0.0/sdk/lib\libSENSIT_SDK_V2.0.0.a(sensit_api.o)
                              C:/Users/LENOVO/Documents/Reseaux_Ubiquitaire/hei-2019-2020-lab-sens-it-reinert-gerardin/sensit-sdk-v2.0.0/sdk/obj/AT_functions.o (SENSIT_API_get_sdk_version)
C:/Users/LENOVO/Documents/Reseaux_Ubiquitaire/hei-2019-2020-lab-sens-it-reinert-gerardin/sensit-sdk-v2.0.0/sdk/lib\libSENSIT_SDK_V2.0.0.a(sigfox_api.o)
                              C:/Users/LENOVO/Documents/Reseaux_Ubiquitaire/hei-2019-2020-lab-sens-it-reinert-gerardin/sensit-sdk-v2.0.0/sdk/obj/radio_api.o (SIGFOX_API_open)
C:/Users/LENOVO/Documents/Reseaux_Ubiquitaire/hei-2019-2020-lab-sens-it-reinert-gerardin/sensit-sdk-v2.0.0/sdk/lib\libSENSIT_SDK_V2.0.0.a(sigfox_internal.o)
                              C:/Users/LENOVO/Documents/Reseaux_Ubiquitaire/hei-2019-2020-lab-sens-it-reinert-gerardin/sensit-sdk-v2.0.0/sdk/lib\libSENSIT_SDK_V2.0.0.a(sigfox_api.o) (SIGFOX_INT_get_max_micro_channel)
C:/Users/LENOVO/Documents/Reseaux_Ubiquitaire/hei-2019-2020-lab-sens-it-reinert-gerardin/sensit-sdk-v2.0.0/sdk/lib\libSENSIT_SDK_V2.0.0.a(sigfox_pn.o)
                              C:/Users/LENOVO/Documents/Reseaux_Ubiquitaire/hei-2019-2020-lab-sens-it-reinert-gerardin/sensit-sdk-v2.0.0/sdk/lib\libSENSIT_SDK_V2.0.0.a(sigfox_internal.o) (SIGFOX_PN_next_pn)
C:/Users/LENOVO/Documents/Reseaux_Ubiquitaire/hei-2019-2020-lab-sens-it-reinert-gerardin/sensit-sdk-v2.0.0/sdk/lib\libSENSIT_SDK_V2.0.0.a(sigfox_scramb.o)
                              C:/Users/LENOVO/Documents/Reseaux_Ubiquitaire/hei-2019-2020-lab-sens-it-reinert-gerardin/sensit-sdk-v2.0.0/sdk/lib\libSENSIT_SDK_V2.0.0.a(sigfox_internal.o) (SIGFOX_SCRAMB_compute)
C:/Users/LENOVO/Documents/Reseaux_Ubiquitaire/hei-2019-2020-lab-sens-it-reinert-gerardin/sensit-sdk-v2.0.0/sdk/lib\libSENSIT_SDK_V2.0.0.a(sleep.o)
                              C:/Users/LENOVO/Documents/Reseaux_Ubiquitaire/hei-2019-2020-lab-sens-it-reinert-gerardin/sensit-sdk-v2.0.0/sdk/lib\libSENSIT_SDK_V2.0.0.a(rtc.o) (SLEEP_handler)
C:/Users/LENOVO/Documents/Reseaux_Ubiquitaire/hei-2019-2020-lab-sens-it-reinert-gerardin/sensit-sdk-v2.0.0/sdk/lib\libSENSIT_SDK_V2.0.0.a(spi.o)
                              C:/Users/LENOVO/Documents/Reseaux_Ubiquitaire/hei-2019-2020-lab-sens-it-reinert-gerardin/sensit-sdk-v2.0.0/sdk/lib\libSENSIT_SDK_V2.0.0.a(sensit_api.o) (SPI_init)
C:/Users/LENOVO/Documents/Reseaux_Ubiquitaire/hei-2019-2020-lab-sens-it-reinert-gerardin/sensit-sdk-v2.0.0/sdk/lib\libSENSIT_SDK_V2.0.0.a(startup_stm32f042x6.o)
                              (Reset_Handler)
C:/Users/LENOVO/Documents/Reseaux_Ubiquitaire/hei-2019-2020-lab-sens-it-reinert-gerardin/sensit-sdk-v2.0.0/sdk/lib\libSENSIT_SDK_V2.0.0.a(system_stm32f0xx.o)
                              C:/Users/LENOVO/Documents/Reseaux_Ubiquitaire/hei-2019-2020-lab-sens-it-reinert-gerardin/sensit-sdk-v2.0.0/sdk/lib\libSENSIT_SDK_V2.0.0.a(startup_stm32f042x6.o) (SystemInit)
[...]
Memory Configuration

Name             Origin             Length             Attributes
RAM              0x20000000         0x00001800         xrw
ROM              0x08000000         0x00007400         xr
*default*        0x00000000         0xffffffff

Linker script and memory map

LOAD C:/Users/LENOVO/Documents/Reseaux_Ubiquitaire/hei-2019-2020-lab-sens-it-reinert-gerardin/sensit-sdk-v2.0.0/sdk/obj/error.o
LOAD C:/Users/LENOVO/Documents/Reseaux_Ubiquitaire/hei-2019-2020-lab-sens-it-reinert-gerardin/sensit-sdk-v2.0.0/sdk/obj/button.o
LOAD C:/Users/LENOVO/Documents/Reseaux_Ubiquitaire/hei-2019-2020-lab-sens-it-reinert-gerardin/sensit-sdk-v2.0.0/sdk/obj/battery.o
LOAD C:/Users/LENOVO/Documents/Reseaux_Ubiquitaire/hei-2019-2020-lab-sens-it-reinert-gerardin/sensit-sdk-v2.0.0/sdk/obj/callback.o
LOAD C:/Users/LENOVO/Documents/Reseaux_Ubiquitaire/hei-2019-2020-lab-sens-it-reinert-gerardin/sensit-sdk-v2.0.0/sdk/obj/serial.o
LOAD C:/Users/LENOVO/Documents/Reseaux_Ubiquitaire/hei-2019-2020-lab-sens-it-reinert-gerardin/sensit-sdk-v2.0.0/sdk/obj/radio_api.o
LOAD C:/Users/LENOVO/Documents/Reseaux_Ubiquitaire/hei-2019-2020-lab-sens-it-reinert-gerardin/sensit-sdk-v2.0.0/sdk/obj/etsi.o
LOAD C:/Users/LENOVO/Documents/Reseaux_Ubiquitaire/hei-2019-2020-lab-sens-it-reinert-gerardin/sensit-sdk-v2.0.0/sdk/obj/fcc.o
LOAD C:/Users/LENOVO/Documents/Reseaux_Ubiquitaire/hei-2019-2020-lab-sens-it-reinert-gerardin/sensit-sdk-v2.0.0/sdk/obj/hts221.o
LOAD C:/Users/LENOVO/Documents/Reseaux_Ubiquitaire/hei-2019-2020-lab-sens-it-reinert-gerardin/sensit-sdk-v2.0.0/sdk/obj/ltr329.o
LOAD C:/Users/LENOVO/Documents/Reseaux_Ubiquitaire/hei-2019-2020-lab-sens-it-reinert-gerardin/sensit-sdk-v2.0.0/sdk/obj/fxos8700.o
LOAD C:/Users/LENOVO/Documents/Reseaux_Ubiquitaire/hei-2019-2020-lab-sens-it-reinert-gerardin/sensit-sdk-v2.0.0/sdk/obj/AT_parser.o
LOAD C:/Users/LENOVO/Documents/Reseaux_Ubiquitaire/hei-2019-2020-lab-sens-it-reinert-gerardin/sensit-sdk-v2.0.0/sdk/obj/AT_functions.o
LOAD C:/Users/LENOVO/Documents/Reseaux_Ubiquitaire/hei-2019-2020-lab-sens-it-reinert-gerardin/sensit-sdk-v2.0.0/sdk/obj/discovery.o
LOAD C:/Users/LENOVO/Documents/Reseaux_Ubiquitaire/hei-2019-2020-lab-sens-it-reinert-gerardin/sensit-sdk-v2.0.0/sdk/obj/main.o
LOAD C:/Users/LENOVO/Documents/Reseaux_Ubiquitaire/hei-2019-2020-lab-sens-it-reinert-gerardin/sensit-sdk-v2.0.0/sdk/lib\libSENSIT_SDK_V2.0.0.a
                0x20001800                _estack = 0x20001800
                0x00000000                _Min_Heap_Size = 0x0
                0x00000400                _Min_Stack_Size = 0x400

.isr_vector     0x08000000       0xc0
                0x08000000                . = ALIGN (0x4)
 *(.isr_vector)
 .isr_vector    0x08000000       0xc0 C:/Users/LENOVO/Documents/Reseaux_Ubiquitaire/hei-2019-2020-lab-sens-it-reinert-gerardin/sensit-sdk-v2.0.0/sdk/lib\libSENSIT_SDK_V2.0.0.a(startup_stm32f042x6.o)
                0x08000000                g_pfnVectors
                0x080000c0                . = ALIGN (0x4)

.text           0x080000c0     0x5a74
                0x080000c0                . = ALIGN (0x4)
 *(.text)
 .text          0x080000c0       0x14 c:/program files (x86)/gnu tools arm embedded/8 2019-q3-update/bin/../lib/gcc/arm-none-eabi/8.3.1/thumb/v6-m/nofp\libgcc.a(_thumb1_case_uqi.o)
                0x080000c0                __gnu_thumb1_case_uqi
 .text          0x080000d4       0x14 c:/program files (x86)/gnu tools arm embedded/8 2019-q3-update/bin/../lib/gcc/arm-none-eabi/8.3.1/thumb/v6-m/nofp\libgcc.a(_thumb1_case_uhi.o)
                0x080000d4                __gnu_thumb1_case_uhi
 .text          0x080000e8      0x114 c:/program files (x86)/gnu tools arm embedded/8 2019-q3-update/bin/../lib/gcc/arm-none-eabi/8.3.1/thumb/v6-m/nofp\libgcc.a(_udivsi3.o)
                0x080000e8                __aeabi_uidiv
                0x080000e8                __udivsi3
                0x080001f4                __aeabi_uidivmod
 .text          0x080001fc      0x1d4 c:/program files (x86)/gnu tools arm embedded/8 2019-q3-update/bin/../lib/gcc/arm-none-eabi/8.3.1/thumb/v6-m/nofp\libgcc.a(_divsi3.o)
                0x080001fc                __divsi3
                0x080001fc                __aeabi_idiv
                0x080003c8                __aeabi_idivmod
 .text          0x080003d0        0x4 c:/program files (x86)/gnu tools arm embedded/8 2019-q3-update/bin/../lib/gcc/arm-none-eabi/8.3.1/thumb/v6-m/nofp\libgcc.a(_dvmd_tls.o)
                0x080003d0                __aeabi_idiv0
                0x080003d0                __aeabi_ldiv0
 .text          0x080003d4       0x30 c:/program files (x86)/gnu tools arm embedded/8 2019-q3-update/bin/../lib/gcc/arm-none-eabi/8.3.1/thumb/v6-m/nofp\libgcc.a(_fixunssfsi.o)
                0x080003d4                __fixunssfsi
                0x080003d4                __aeabi_f2uiz
 .text          0x08000404      0x230 c:/program files (x86)/gnu tools arm embedded/8 2019-q3-update/bin/../lib/gcc/arm-none-eabi/8.3.1/thumb/v6-m/nofp\libgcc.a(divsf3.o)
                0x08000404                __aeabi_fdiv
 .text          0x08000634      0x22c c:/program files (x86)/gnu tools arm embedded/8 2019-q3-update/bin/../lib/gcc/arm-none-eabi/8.3.1/thumb/v6-m/nofp\libgcc.a(mulsf3.o)
                0x08000634                __aeabi_fmul
 .text          0x08000860      0x348 c:/program files (x86)/gnu tools arm embedded/8 2019-q3-update/bin/../lib/gcc/arm-none-eabi/8.3.1/thumb/v6-m/nofp\libgcc.a(subsf3.o)
                0x08000860                __aeabi_fsub
 .text          0x08000ba8       0x40 c:/program files (x86)/gnu tools arm embedded/8 2019-q3-update/bin/../lib/gcc/arm-none-eabi/8.3.1/thumb/v6-m/nofp\libgcc.a(fixsfsi.o)
                0x08000ba8                __aeabi_f2iz
 .text          0x08000be8       0x80 c:/program files (x86)/gnu tools arm embedded/8 2019-q3-update/bin/../lib/gcc/arm-none-eabi/8.3.1/thumb/v6-m/nofp\libgcc.a(floatunsisf.o)
                0x08000be8                __aeabi_ui2f
 .text          0x08000c68       0x74 c:/program files (x86)/gnu tools arm embedded/8 2019-q3-update/bin/../lib/gcc/arm-none-eabi/8.3.1/thumb/v6-m/nofp\libgcc.a(_arm_cmpsf2.o)
                0x08000c68                __aeabi_cfrcmple
                0x08000c70                __aeabi_cfcmpeq
                0x08000c70                __aeabi_cfcmple
                0x08000c80                __aeabi_fcmpeq
                0x08000c8c                __aeabi_fcmplt
                0x08000ca0                __aeabi_fcmple
                0x08000cb4                __aeabi_fcmpgt
                0x08000cc8                __aeabi_fcmpge
 .text          0x08000cdc       0x3c c:/program files (x86)/gnu tools arm embedded/8 2019-q3-update/bin/../lib/gcc/arm-none-eabi/8.3.1/thumb/v6-m/nofp\libgcc.a(_clzsi2.o)
                0x08000cdc                __clzsi2
 .text          0x08000d18       0x50 c:/program files (x86)/gnu tools arm embedded/8 2019-q3-update/bin/../lib/gcc/arm-none-eabi/8.3.1/thumb/v6-m/nofp\libgcc.a(eqsf2.o)
                0x08000d18                __eqsf2
                0x08000d18                __nesf2
 .text          0x08000d68       0x98 c:/program files (x86)/gnu tools arm embedded/8 2019-q3-update/bin/../lib/gcc/arm-none-eabi/8.3.1/thumb/v6-m/nofp\libgcc.a(gesf2.o)
                0x08000d68                __gesf2
                0x08000d68                __gtsf2
 .text          0x08000e00       0x94 c:/program files (x86)/gnu tools arm embedded/8 2019-q3-update/bin/../lib/gcc/arm-none-eabi/8.3.1/thumb/v6-m/nofp\libgcc.a(lesf2.o)
                0x08000e00                __ltsf2
                0x08000e00                __lesf2
 *(.text*)
 .text.ERROR_loop
                0x08000e94       0x42 C:/Users/LENOVO/Documents/Reseaux_Ubiquitaire/hei-2019-2020-lab-sens-it-reinert-gerardin/sensit-sdk-v2.0.0/sdk/obj/error.o
 .text.ERROR_parser
                0x08000ed6       0xc8 C:/Users/LENOVO/Documents/Reseaux_Ubiquitaire/hei-2019-2020-lab-sens-it-reinert-gerardin/sensit-sdk-v2.0.0/sdk/obj/error.o
                0x08000ed6                ERROR_parser
 .text.BUTTON_handler
                0x08000f9e       0x5e C:/Users/LENOVO/Documents/Reseaux_Ubiquitaire/hei-2019-2020-lab-sens-it-reinert-gerardin/sensit-sdk-v2.0.0/sdk/obj/button.o
                0x08000f9e                BUTTON_handler
 .text.BATTERY_handler
                0x08000ffc       0x90 C:/Users/LENOVO/Documents/Reseaux_Ubiquitaire/hei-2019-2020-lab-sens-it-reinert-gerardin/sensit-sdk-v2.0.0/sdk/obj/battery.o
                0x08000ffc                BATTERY_handler
 .text.CALLBACK_report_test_result
                0x0800108c        0x2 C:/Users/LENOVO/Documents/Reseaux_Ubiquitaire/hei-2019-2020-lab-sens-it-reinert-gerardin/sensit-sdk-v2.0.0/sdk/obj/callback.o
                0x0800108c                CALLBACK_report_test_result
 *fill*         0x0800108e        0x2 
 .text.RADIO_API_init
                0x08001090       0x4c C:/Users/LENOVO/Documents/Reseaux_Ubiquitaire/hei-2019-2020-lab-sens-it-reinert-gerardin/sensit-sdk-v2.0.0/sdk/obj/radio_api.o
                0x08001090                RADIO_API_init
 .text.RADIO_API_send_message
                0x080010dc       0x7c C:/Users/LENOVO/Documents/Reseaux_Ubiquitaire/hei-2019-2020-lab-sens-it-reinert-gerardin/sensit-sdk-v2.0.0/sdk/obj/radio_api.o
                0x080010dc                RADIO_API_send_message
 .text.ETSI_handler
                0x08001158       0x60 C:/Users/LENOVO/Documents/Reseaux_Ubiquitaire/hei-2019-2020-lab-sens-it-reinert-gerardin/sensit-sdk-v2.0.0/sdk/obj/etsi.o
                0x08001158                ETSI_handler
 .text.FCC_handler
                0x080011b8       0x50 C:/Users/LENOVO/Documents/Reseaux_Ubiquitaire/hei-2019-2020-lab-sens-it-reinert-gerardin/sensit-sdk-v2.0.0/sdk/obj/fcc.o
                0x080011b8                FCC_handler
 .text.HTS221_init
                0x08001208       0xbc C:/Users/LENOVO/Documents/Reseaux_Ubiquitaire/hei-2019-2020-lab-sens-it-reinert-gerardin/sensit-sdk-v2.0.0/sdk/obj/hts221.o
                0x08001208                HTS221_init
 .text.LTR329_init
                0x080012c4       0x50 C:/Users/LENOVO/Documents/Reseaux_Ubiquitaire/hei-2019-2020-lab-sens-it-reinert-gerardin/sensit-sdk-v2.0.0/sdk/obj/ltr329.o
                0x080012c4                LTR329_init
 .text.FXOS8700_reset
                0x08001314       0x28 C:/Users/LENOVO/Documents/Reseaux_Ubiquitaire/hei-2019-2020-lab-sens-it-reinert-gerardin/sensit-sdk-v2.0.0/sdk/obj/fxos8700.o
                0x08001314                FXOS8700_reset
 .text.FXOS8700_init
                0x0800133c       0x2e C:/Users/LENOVO/Documents/Reseaux_Ubiquitaire/hei-2019-2020-lab-sens-it-reinert-gerardin/sensit-sdk-v2.0.0/sdk/obj/fxos8700.o
                0x0800133c                FXOS8700_init
 *fill*         0x0800136a        0x2 
 .text.FXOS8700_set_transient_mode
                0x0800136c       0xf0 C:/Users/LENOVO/Documents/Reseaux_Ubiquitaire/hei-2019-2020-lab-sens-it-reinert-gerardin/sensit-sdk-v2.0.0/sdk/obj/fxos8700.o
                0x0800136c                FXOS8700_set_transient_mode
 .text.FXOS8700_clear_transient_interrupt
                0x0800145c       0x28 C:/Users/LENOVO/Documents/Reseaux_Ubiquitaire/hei-2019-2020-lab-sens-it-reinert-gerardin/sensit-sdk-v2.0.0/sdk/obj/fxos8700.o
                0x0800145c                FXOS8700_clear_transient_interrupt
 .text.startup.main
                0x08001484       0xec C:/Users/LENOVO/Documents/Reseaux_Ubiquitaire/hei-2019-2020-lab-sens-it-reinert-gerardin/sensit-sdk-v2.0.0/sdk/obj/main.o
                0x08001484                main
 .text.MCU_API_malloc
                0x08001570       0x14 C:/Users/LENOVO/Documents/Reseaux_Ubiquitaire/hei-2019-2020-lab-sens-it-reinert-gerardin/sensit-sdk-v2.0.0/sdk/lib\libSENSIT_SDK_V2.0.0.a(mcu_api.o)
                0x08001570                MCU_API_malloc
 .text.MCU_API_free
                0x08001584        0x4 C:/Users/LENOVO/Documents/Reseaux_Ubiquitaire/hei-2019-2020-lab-sens-it-reinert-gerardin/sensit-sdk-v2.0.0/sdk/lib\libSENSIT_SDK_V2.0.0.a(mcu_api.o)
                0x08001584                MCU_API_free
 .text.MCU_API_get_voltage_temperature
                0x08001588       0x22 C:/Users/LENOVO/Documents/Reseaux_Ubiquitaire/hei-2019-2020-lab-sens-it-reinert-gerardin/sensit-sdk-v2.0.0/sdk/lib\libSENSIT_SDK_V2.0.0.a(mcu_api.o)
                0x08001588                MCU_API_get_voltage_temperature
 .text.MCU_API_delay
                0x080015aa       0x3e C:/Users/LENOVO/Documents/Reseaux_Ubiquitaire/hei-2019-2020-lab-sens-it-reinert-gerardin/sensit-sdk-v2.0.0/sdk/lib\libSENSIT_SDK_V2.0.0.a(mcu_api.o)
                0x080015aa                MCU_API_delay
 .text.MCU_API_aes_128_cbc_encrypt
                0x080015e8       0x62 C:/Users/LENOVO/Documents/Reseaux_Ubiquitaire/hei-2019-2020-lab-sens-it-reinert-gerardin/sensit-sdk-v2.0.0/sdk/lib\libSENSIT_SDK_V2.0.0.a(mcu_api.o)
                0x080015e8                MCU_API_aes_128_cbc_encrypt
 .text.MCU_API_get_nv_mem
                0x0800164a        0xe C:/Users/LENOVO/Documents/Reseaux_Ubiquitaire/hei-2019-2020-lab-sens-it-reinert-gerardin/sensit-sdk-v2.0.0/sdk/lib\libSENSIT_SDK_V2.0.0.a(mcu_api.o)
                0x0800164a                MCU_API_get_nv_mem
 .text.MCU_API_set_nv_mem
                0x08001658       0x16 C:/Users/LENOVO/Documents/Reseaux_Ubiquitaire/hei-2019-2020-lab-sens-it-reinert-gerardin/sensit-sdk-v2.0.0/sdk/lib\libSENSIT_SDK_V2.0.0.a(mcu_api.o)
                0x08001658                MCU_API_set_nv_mem
 *fill*         0x0800166e        0x2 
 .text.MCU_API_timer_start_carrier_sense
                0x08001670       0x60 C:/Users/LENOVO/Documents/Reseaux_Ubiquitaire/hei-2019-2020-lab-sens-it-reinert-gerardin/sensit-sdk-v2.0.0/sdk/lib\libSENSIT_SDK_V2.0.0.a(mcu_api.o)
                0x08001670                MCU_API_timer_start_carrier_sense
 .text.TIM16_IRQHandler
                0x080016d0       0x24 C:/Users/LENOVO/Documents/Reseaux_Ubiquitaire/hei-2019-2020-lab-sens-it-reinert-gerardin/sensit-sdk-v2.0.0/sdk/lib\libSENSIT_SDK_V2.0.0.a(mcu_api.o)
                0x080016d0                TIM16_IRQHandler
 .text.MCU_API_timer_start
                0x080016f4        0xc C:/Users/LENOVO/Documents/Reseaux_Ubiquitaire/hei-2019-2020-lab-sens-it-reinert-gerardin/sensit-sdk-v2.0.0/sdk/lib\libSENSIT_SDK_V2.0.0.a(mcu_api.o)
                0x080016f4                MCU_API_timer_start
 .text.MCU_API_timer_stop
                0x08001700        0x4 C:/Users/LENOVO/Documents/Reseaux_Ubiquitaire/hei-2019-2020-lab-sens-it-reinert-gerardin/sensit-sdk-v2.0.0/sdk/lib\libSENSIT_SDK_V2.0.0.a(mcu_api.o)
                0x08001700                MCU_API_timer_stop
 .text.MCU_API_timer_stop_carrier_sense
                0x08001704       0x38 C:/Users/LENOVO/Documents/Reseaux_Ubiquitaire/hei-2019-2020-lab-sens-it-reinert-gerardin/sensit-sdk-v2.0.0/sdk/lib\libSENSIT_SDK_V2.0.0.a(mcu_api.o)
                0x08001704                MCU_API_timer_stop_carrier_sense
 .text.MCU_API_timer_wait_for_end
                0x0800173c       0x10 C:/Users/LENOVO/Documents/Reseaux_Ubiquitaire/hei-2019-2020-lab-sens-it-reinert-gerardin/sensit-sdk-v2.0.0/sdk/lib\libSENSIT_SDK_V2.0.0.a(mcu_api.o)
                0x0800173c                MCU_API_timer_wait_for_end
 .text.MCU_API_report_test_result
                0x0800174c        0xa C:/Users/LENOVO/Documents/Reseaux_Ubiquitaire/hei-2019-2020-lab-sens-it-reinert-gerardin/sensit-sdk-v2.0.0/sdk/lib\libSENSIT_SDK_V2.0.0.a(mcu_api.o)
                0x0800174c                MCU_API_report_test_result
 .text.MCU_API_get_device_id
                0x08001756       0x12 C:/Users/LENOVO/Documents/Reseaux_Ubiquitaire/hei-2019-2020-lab-sens-it-reinert-gerardin/sensit-sdk-v2.0.0/sdk/lib\libSENSIT_SDK_V2.0.0.a(mcu_api.o)
                0x08001756                MCU_API_get_device_id
 .text.NVMEM_API_get_device_id
                0x08001768       0x2c C:/Users/LENOVO/Documents/Reseaux_Ubiquitaire/hei-2019-2020-lab-sens-it-reinert-gerardin/sensit-sdk-v2.0.0/sdk/lib\libSENSIT_SDK_V2.0.0.a(nvmem_api.o)
                0x08001768                NVMEM_API_get_device_id
 .text.NVMEM_API_get_frequency_calibration
                0x08001794       0x1c C:/Users/LENOVO/Documents/Reseaux_Ubiquitaire/hei-2019-2020-lab-sens-it-reinert-gerardin/sensit-sdk-v2.0.0/sdk/lib\libSENSIT_SDK_V2.0.0.a(nvmem_api.o)
                0x08001794                NVMEM_API_get_frequency_calibration
 .text.NVMEM_API_get_radio_configuration
                0x080017b0       0x14 C:/Users/LENOVO/Documents/Reseaux_Ubiquitaire/hei-2019-2020-lab-sens-it-reinert-gerardin/sensit-sdk-v2.0.0/sdk/lib\libSENSIT_SDK_V2.0.0.a(nvmem_api.o)
                0x080017b0                NVMEM_API_get_radio_configuration
 .text.NVMEM_API_compute_aes
                0x080017c4       0xc8 C:/Users/LENOVO/Documents/Reseaux_Ubiquitaire/hei-2019-2020-lab-sens-it-reinert-gerardin/sensit-sdk-v2.0.0/sdk/lib\libSENSIT_SDK_V2.0.0.a(nvmem_api.o)
                0x080017c4                NVMEM_API_compute_aes
 .text.NVMEM_API_init_page_index
                0x0800188c       0xb4 C:/Users/LENOVO/Documents/Reseaux_Ubiquitaire/hei-2019-2020-lab-sens-it-reinert-gerardin/sensit-sdk-v2.0.0/sdk/lib\libSENSIT_SDK_V2.0.0.a(nvmem_api.o)
                0x0800188c                NVMEM_API_init_page_index
 .text.NVMEM_API_init
                0x08001940       0xa0 C:/Users/LENOVO/Documents/Reseaux_Ubiquitaire/hei-2019-2020-lab-sens-it-reinert-gerardin/sensit-sdk-v2.0.0/sdk/lib\libSENSIT_SDK_V2.0.0.a(nvmem_api.o)
                0x08001940                NVMEM_API_init
 .text.NVMEM_API_set_data
                0x080019e0       0xd8 C:/Users/LENOVO/Documents/Reseaux_Ubiquitaire/hei-2019-2020-lab-sens-it-reinert-gerardin/sensit-sdk-v2.0.0/sdk/lib\libSENSIT_SDK_V2.0.0.a(nvmem_api.o)
                0x080019e0                NVMEM_API_set_data
 .text.NVMEM_API_get_data
                0x08001ab8       0x58 C:/Users/LENOVO/Documents/Reseaux_Ubiquitaire/hei-2019-2020-lab-sens-it-reinert-gerardin/sensit-sdk-v2.0.0/sdk/lib\libSENSIT_SDK_V2.0.0.a(nvmem_api.o)
                0x08001ab8                NVMEM_API_get_data
 .text.RADIO_init
                0x08001b10       0x1c C:/Users/LENOVO/Documents/Reseaux_Ubiquitaire/hei-2019-2020-lab-sens-it-reinert-gerardin/sensit-sdk-v2.0.0/sdk/lib\libSENSIT_SDK_V2.0.0.a(radio.o)
                0x08001b10                RADIO_init
 .text.RADIO_power_on
                0x08001b2c       0x44 C:/Users/LENOVO/Documents/Reseaux_Ubiquitaire/hei-2019-2020-lab-sens-it-reinert-gerardin/sensit-sdk-v2.0.0/sdk/lib\libSENSIT_SDK_V2.0.0.a(radio.o)
                0x08001b2c                RADIO_power_on
 .text.RADIO_power_off
                0x08001b70       0x2c C:/Users/LENOVO/Documents/Reseaux_Ubiquitaire/hei-2019-2020-lab-sens-it-reinert-gerardin/sensit-sdk-v2.0.0/sdk/lib\libSENSIT_SDK_V2.0.0.a(radio.o)
                0x08001b70                RADIO_power_off
 .text.RADIO_get_state
                0x08001b9c        0xc C:/Users/LENOVO/Documents/Reseaux_Ubiquitaire/hei-2019-2020-lab-sens-it-reinert-gerardin/sensit-sdk-v2.0.0/sdk/lib\libSENSIT_SDK_V2.0.0.a(radio.o)
                0x08001b9c                RADIO_get_state
 .text.RADIO_set_rf_line
                0x08001ba8       0x50 C:/Users/LENOVO/Documents/Reseaux_Ubiquitaire/hei-2019-2020-lab-sens-it-reinert-gerardin/sensit-sdk-v2.0.0/sdk/lib\libSENSIT_SDK_V2.0.0.a(radio.o)
                0x08001ba8                RADIO_set_rf_line
 .text.RADIO_is_600bps
                0x08001bf8       0x18 C:/Users/LENOVO/Documents/Reseaux_Ubiquitaire/hei-2019-2020-lab-sens-it-reinert-gerardin/sensit-sdk-v2.0.0/sdk/lib\libSENSIT_SDK_V2.0.0.a(radio.o)
                0x08001bf8                RADIO_is_600bps
 .text.RTC_init
                0x08001c10       0x2c C:/Users/LENOVO/Documents/Reseaux_Ubiquitaire/hei-2019-2020-lab-sens-it-reinert-gerardin/sensit-sdk-v2.0.0/sdk/lib\libSENSIT_SDK_V2.0.0.a(rtc.o)
                0x08001c10                RTC_init
 .text.RTC_get_current_time
                0x08001c3c        0xc C:/Users/LENOVO/Documents/Reseaux_Ubiquitaire/hei-2019-2020-lab-sens-it-reinert-gerardin/sensit-sdk-v2.0.0/sdk/lib\libSENSIT_SDK_V2.0.0.a(rtc.o)
                0x08001c3c                RTC_get_current_time
 .text.RTC_set_alarm_timer
                0x08001c48       0x14 C:/Users/LENOVO/Documents/Reseaux_Ubiquitaire/hei-2019-2020-lab-sens-it-reinert-gerardin/sensit-sdk-v2.0.0/sdk/lib\libSENSIT_SDK_V2.0.0.a(rtc.o)
                0x08001c48                RTC_set_alarm_timer
 .text.RTC_set_rx_timer
                0x08001c5c        0xc C:/Users/LENOVO/Documents/Reseaux_Ubiquitaire/hei-2019-2020-lab-sens-it-reinert-gerardin/sensit-sdk-v2.0.0/sdk/lib\libSENSIT_SDK_V2.0.0.a(rtc.o)
                0x08001c5c                RTC_set_rx_timer
 .text.RTC_wait_frame
                0x08001c68       0x2c C:/Users/LENOVO/Documents/Reseaux_Ubiquitaire/hei-2019-2020-lab-sens-it-reinert-gerardin/sensit-sdk-v2.0.0/sdk/lib\libSENSIT_SDK_V2.0.0.a(rtc.o)
                0x08001c68                RTC_wait_frame
 .text.RTC_IRQHandler
                0x08001c94       0x68 C:/Users/LENOVO/Documents/Reseaux_Ubiquitaire/hei-2019-2020-lab-sens-it-reinert-gerardin/sensit-sdk-v2.0.0/sdk/lib\libSENSIT_SDK_V2.0.0.a(rtc.o)
                0x08001c94                RTC_IRQHandler
 .text._init    0x08001cfc       0x1c C:/Users/LENOVO/Documents/Reseaux_Ubiquitaire/hei-2019-2020-lab-sens-it-reinert-gerardin/sensit-sdk-v2.0.0/sdk/lib\libSENSIT_SDK_V2.0.0.a(sensit_api.o)
                0x08001cfc                _init
 .text.SENSIT_API_configure_radio
                0x08001d18       0x2a C:/Users/LENOVO/Documents/Reseaux_Ubiquitaire/hei-2019-2020-lab-sens-it-reinert-gerardin/sensit-sdk-v2.0.0/sdk/lib\libSENSIT_SDK_V2.0.0.a(sensit_api.o)
                0x08001d18                SENSIT_API_configure_radio
 .text.SENSIT_API_switch_radio
                0x08001d42       0x38 C:/Users/LENOVO/Documents/Reseaux_Ubiquitaire/hei-2019-2020-lab-sens-it-reinert-gerardin/sensit-sdk-v2.0.0/sdk/lib\libSENSIT_SDK_V2.0.0.a(sensit_api.o)
                0x08001d42                SENSIT_API_switch_radio
 *fill*         0x08001d7a        0x2 
 .text.SENSIT_API_reset
                0x08001d7c       0x60 C:/Users/LENOVO/Documents/Reseaux_Ubiquitaire/hei-2019-2020-lab-sens-it-reinert-gerardin/sensit-sdk-v2.0.0/sdk/lib\libSENSIT_SDK_V2.0.0.a(sensit_api.o)
                0x08001d7c                SENSIT_API_reset
 .text.SENSIT_API_sleep
                0x08001ddc        0xa C:/Users/LENOVO/Documents/Reseaux_Ubiquitaire/hei-2019-2020-lab-sens-it-reinert-gerardin/sensit-sdk-v2.0.0/sdk/lib\libSENSIT_SDK_V2.0.0.a(sensit_api.o)
                0x08001ddc                SENSIT_API_sleep
 .text.SENSIT_API_set_rtc_alarm
                0x08001de6        0xa C:/Users/LENOVO/Documents/Reseaux_Ubiquitaire/hei-2019-2020-lab-sens-it-reinert-gerardin/sensit-sdk-v2.0.0/sdk/lib\libSENSIT_SDK_V2.0.0.a(sensit_api.o)
                0x08001de6                SENSIT_API_set_rtc_alarm
 .text.SENSIT_API_configure_button
                0x08001df0       0x50 C:/Users/LENOVO/Documents/Reseaux_Ubiquitaire/hei-2019-2020-lab-sens-it-reinert-gerardin/sensit-sdk-v2.0.0/sdk/lib\libSENSIT_SDK_V2.0.0.a(sensit_api.o)
                0x08001df0                SENSIT_API_configure_button
 .text.SENSIT_API_get_button_state
                0x08001e40       0x14 C:/Users/LENOVO/Documents/Reseaux_Ubiquitaire/hei-2019-2020-lab-sens-it-reinert-gerardin/sensit-sdk-v2.0.0/sdk/lib\libSENSIT_SDK_V2.0.0.a(sensit_api.o)
                0x08001e40                SENSIT_API_get_button_state
 .text.SENSIT_API_set_rgb_led
                0x08001e54       0x30 C:/Users/LENOVO/Documents/Reseaux_Ubiquitaire/hei-2019-2020-lab-sens-it-reinert-gerardin/sensit-sdk-v2.0.0/sdk/lib\libSENSIT_SDK_V2.0.0.a(sensit_api.o)
                0x08001e54                SENSIT_API_set_rgb_led
 .text.SENSIT_API_set_white_led
                0x08001e84       0x18 C:/Users/LENOVO/Documents/Reseaux_Ubiquitaire/hei-2019-2020-lab-sens-it-reinert-gerardin/sensit-sdk-v2.0.0/sdk/lib\libSENSIT_SDK_V2.0.0.a(sensit_api.o)
                0x08001e84                SENSIT_API_set_white_led
 .text.SENSIT_API_get_battery_level
                0x08001e9c        0xe C:/Users/LENOVO/Documents/Reseaux_Ubiquitaire/hei-2019-2020-lab-sens-it-reinert-gerardin/sensit-sdk-v2.0.0/sdk/lib\libSENSIT_SDK_V2.0.0.a(sensit_api.o)
                0x08001e9c                SENSIT_API_get_battery_level
 .text.SENSIT_API_get_current_time
                0x08001eaa        0xe C:/Users/LENOVO/Documents/Reseaux_Ubiquitaire/hei-2019-2020-lab-sens-it-reinert-gerardin/sensit-sdk-v2.0.0/sdk/lib\libSENSIT_SDK_V2.0.0.a(sensit_api.o)
                0x08001eaa                SENSIT_API_get_current_time
 .text.SENSIT_API_wait
                0x08001eb8        0xa C:/Users/LENOVO/Documents/Reseaux_Ubiquitaire/hei-2019-2020-lab-sens-it-reinert-gerardin/sensit-sdk-v2.0.0/sdk/lib\libSENSIT_SDK_V2.0.0.a(sensit_api.o)
                0x08001eb8                SENSIT_API_wait
 .text.SENSIT_API_write_read_i2c_bus
                0x08001ec2       0x20 C:/Users/LENOVO/Documents/Reseaux_Ubiquitaire/hei-2019-2020-lab-sens-it-reinert-gerardin/sensit-sdk-v2.0.0/sdk/lib\libSENSIT_SDK_V2.0.0.a(sensit_api.o)
                0x08001ec2                SENSIT_API_write_read_i2c_bus
 *fill*         0x08001ee2        0x2 
 .text.SENSIT_API_configure_fxos8700_interrupt
                0x08001ee4       0x30 C:/Users/LENOVO/Documents/Reseaux_Ubiquitaire/hei-2019-2020-lab-sens-it-reinert-gerardin/sensit-sdk-v2.0.0/sdk/lib\libSENSIT_SDK_V2.0.0.a(sensit_api.o)
                0x08001ee4                SENSIT_API_configure_fxos8700_interrupt
 .text.SENSIT_API_reset_device_sequence_number
                0x08001f14       0x20 C:/Users/LENOVO/Documents/Reseaux_Ubiquitaire/hei-2019-2020-lab-sens-it-reinert-gerardin/sensit-sdk-v2.0.0/sdk/lib\libSENSIT_SDK_V2.0.0.a(sensit_api.o)
                0x08001f14                SENSIT_API_reset_device_sequence_number
 .text.SIGFOX_API_open
                0x08001f34      0x1b4 C:/Users/LENOVO/Documents/Reseaux_Ubiquitaire/hei-2019-2020-lab-sens-it-reinert-gerardin/sensit-sdk-v2.0.0/sdk/lib\libSENSIT_SDK_V2.0.0.a(sigfox_api.o)
                0x08001f34                SIGFOX_API_open
 .text.SIGFOX_API_send_frame
                0x080020e8       0x48 C:/Users/LENOVO/Documents/Reseaux_Ubiquitaire/hei-2019-2020-lab-sens-it-reinert-gerardin/sensit-sdk-v2.0.0/sdk/lib\libSENSIT_SDK_V2.0.0.a(sigfox_api.o)
                0x080020e8                SIGFOX_API_send_frame
 .text.SIGFOX_API_set_std_config
                0x08002130       0x90 C:/Users/LENOVO/Documents/Reseaux_Ubiquitaire/hei-2019-2020-lab-sens-it-reinert-gerardin/sensit-sdk-v2.0.0/sdk/lib\libSENSIT_SDK_V2.0.0.a(sigfox_api.o)
                0x08002130                SIGFOX_API_set_std_config
 .text.SIGFOX_INT_randomize
                0x080021c0       0x16 C:/Users/LENOVO/Documents/Reseaux_Ubiquitaire/hei-2019-2020-lab-sens-it-reinert-gerardin/sensit-sdk-v2.0.0/sdk/lib\libSENSIT_SDK_V2.0.0.a(sigfox_internal.o)
                0x080021c0                SIGFOX_INT_randomize
 .text.SIGFOX_INT_get_max_micro_channel
                0x080021d6       0x30 C:/Users/LENOVO/Documents/Reseaux_Ubiquitaire/hei-2019-2020-lab-sens-it-reinert-gerardin/sensit-sdk-v2.0.0/sdk/lib\libSENSIT_SDK_V2.0.0.a(sigfox_internal.o)
                0x080021d6                SIGFOX_INT_get_max_micro_channel
 .text.SIGFOX_INT_get_macro_channel_index
                0x08002206       0x5a C:/Users/LENOVO/Documents/Reseaux_Ubiquitaire/hei-2019-2020-lab-sens-it-reinert-gerardin/sensit-sdk-v2.0.0/sdk/lib\libSENSIT_SDK_V2.0.0.a(sigfox_internal.o)
                0x08002206                SIGFOX_INT_get_macro_channel_index
 .text.SIGFOX_INT_dc_lbt_channel_pn_max
                0x08002260       0x30 C:/Users/LENOVO/Documents/Reseaux_Ubiquitaire/hei-2019-2020-lab-sens-it-reinert-gerardin/sensit-sdk-v2.0.0/sdk/lib\libSENSIT_SDK_V2.0.0.a(sigfox_internal.o)
                0x08002260                SIGFOX_INT_dc_lbt_channel_pn_max
 .text.SIGFOX_INT_dc_lbt_channel_pn_min
                0x08002290       0x22 C:/Users/LENOVO/Documents/Reseaux_Ubiquitaire/hei-2019-2020-lab-sens-it-reinert-gerardin/sensit-sdk-v2.0.0/sdk/lib\libSENSIT_SDK_V2.0.0.a(sigfox_internal.o)
                0x08002290                SIGFOX_INT_dc_lbt_channel_pn_min
 .text.RETURN_CODE
                0x080022b2        0x8 C:/Users/LENOVO/Documents/Reseaux_Ubiquitaire/hei-2019-2020-lab-sens-it-reinert-gerardin/sensit-sdk-v2.0.0/sdk/lib\libSENSIT_SDK_V2.0.0.a(sigfox_internal.o)
                0x080022b2                RETURN_CODE
 *fill*         0x080022ba        0x2 
 .text.SIGFOX_INT_compute_channels
                0x080022bc      0x134 C:/Users/LENOVO/Documents/Reseaux_Ubiquitaire/hei-2019-2020-lab-sens-it-reinert-gerardin/sensit-sdk-v2.0.0/sdk/lib\libSENSIT_SDK_V2.0.0.a(sigfox_internal.o)
                0x080022bc                SIGFOX_INT_compute_channels
 .text.SIGFOX_INT_compute_carrier_sense_frequency
                0x080023f0       0x2e C:/Users/LENOVO/Documents/Reseaux_Ubiquitaire/hei-2019-2020-lab-sens-it-reinert-gerardin/sensit-sdk-v2.0.0/sdk/lib\libSENSIT_SDK_V2.0.0.a(sigfox_internal.o)
                0x080023f0                SIGFOX_INT_compute_carrier_sense_frequency
 .text.SIGFOX_INT_store_nvm
                0x0800241e       0x32 C:/Users/LENOVO/Documents/Reseaux_Ubiquitaire/hei-2019-2020-lab-sens-it-reinert-gerardin/sensit-sdk-v2.0.0/sdk/lib\libSENSIT_SDK_V2.0.0.a(sigfox_internal.o)
                0x0800241e                SIGFOX_INT_store_nvm
 .text.SIGFOX_INT_build_frame
                0x08002450      0x1da C:/Users/LENOVO/Documents/Reseaux_Ubiquitaire/hei-2019-2020-lab-sens-it-reinert-gerardin/sensit-sdk-v2.0.0/sdk/lib\libSENSIT_SDK_V2.0.0.a(sigfox_internal.o)
                0x08002450                SIGFOX_INT_build_frame
 *fill*         0x0800262a        0x2 
 .text.SIGFOX_INT_prepare_transmission
                0x0800262c       0x88 C:/Users/LENOVO/Documents/Reseaux_Ubiquitaire/hei-2019-2020-lab-sens-it-reinert-gerardin/sensit-sdk-v2.0.0/sdk/lib\libSENSIT_SDK_V2.0.0.a(sigfox_internal.o)
                0x0800262c                SIGFOX_INT_prepare_transmission
 .text.SIGFOX_INT_send_single_frame
                0x080026b4       0x98 C:/Users/LENOVO/Documents/Reseaux_Ubiquitaire/hei-2019-2020-lab-sens-it-reinert-gerardin/sensit-sdk-v2.0.0/sdk/lib\libSENSIT_SDK_V2.0.0.a(sigfox_internal.o)
                0x080026b4                SIGFOX_INT_send_single_frame
 .text.SIGFOX_INT_execute_carrier_sense
                0x0800274c       0x3a C:/Users/LENOVO/Documents/Reseaux_Ubiquitaire/hei-2019-2020-lab-sens-it-reinert-gerardin/sensit-sdk-v2.0.0/sdk/lib\libSENSIT_SDK_V2.0.0.a(sigfox_internal.o)
                0x0800274c                SIGFOX_INT_execute_carrier_sense
 .text.SIGFOX_INT_downlink_configuration
                0x08002786       0x4c C:/Users/LENOVO/Documents/Reseaux_Ubiquitaire/hei-2019-2020-lab-sens-it-reinert-gerardin/sensit-sdk-v2.0.0/sdk/lib\libSENSIT_SDK_V2.0.0.a(sigfox_internal.o)
                0x08002786                SIGFOX_INT_downlink_configuration
 .text.SIGFOX_INT_get_received_frames
                0x080027d2      0x10a C:/Users/LENOVO/Documents/Reseaux_Ubiquitaire/hei-2019-2020-lab-sens-it-reinert-gerardin/sensit-sdk-v2.0.0/sdk/lib\libSENSIT_SDK_V2.0.0.a(sigfox_internal.o)
                0x080027d2                SIGFOX_INT_get_received_frames
 .text.SIGFOX_INT_process_downlink
                0x080028dc       0x46 C:/Users/LENOVO/Documents/Reseaux_Ubiquitaire/hei-2019-2020-lab-sens-it-reinert-gerardin/sensit-sdk-v2.0.0/sdk/lib\libSENSIT_SDK_V2.0.0.a(sigfox_internal.o)
                0x080028dc                SIGFOX_INT_process_downlink
 *fill*         0x08002922        0x2 
 .text.SIGFOX_INT_compute_uplink_frequency
                0x08002924       0x94 C:/Users/LENOVO/Documents/Reseaux_Ubiquitaire/hei-2019-2020-lab-sens-it-reinert-gerardin/sensit-sdk-v2.0.0/sdk/lib\libSENSIT_SDK_V2.0.0.a(sigfox_internal.o)
                0x08002924                SIGFOX_INT_compute_uplink_frequency
 .text.SIGFOX_INT_process_uplink
                0x080029b8      0x28c C:/Users/LENOVO/Documents/Reseaux_Ubiquitaire/hei-2019-2020-lab-sens-it-reinert-gerardin/sensit-sdk-v2.0.0/sdk/lib\libSENSIT_SDK_V2.0.0.a(sigfox_internal.o)
                0x080029b8                SIGFOX_INT_process_uplink
 .text.SIGFOX_INT_execute_communication_sequence
                0x08002c44      0x118 C:/Users/LENOVO/Documents/Reseaux_Ubiquitaire/hei-2019-2020-lab-sens-it-reinert-gerardin/sensit-sdk-v2.0.0/sdk/lib\libSENSIT_SDK_V2.0.0.a(sigfox_internal.o)
                0x08002c44                SIGFOX_INT_execute_communication_sequence
 .text.SIGFOX_INT_get_device_id
                0x08002d5c       0x18 C:/Users/LENOVO/Documents/Reseaux_Ubiquitaire/hei-2019-2020-lab-sens-it-reinert-gerardin/sensit-sdk-v2.0.0/sdk/lib\libSENSIT_SDK_V2.0.0.a(sigfox_internal.o)
                0x08002d5c                SIGFOX_INT_get_device_id
 .text.SIGFOX_PN_next_pn
                0x08002d74       0x50 C:/Users/LENOVO/Documents/Reseaux_Ubiquitaire/hei-2019-2020-lab-sens-it-reinert-gerardin/sensit-sdk-v2.0.0/sdk/lib\libSENSIT_SDK_V2.0.0.a(sigfox_pn.o)
                0x08002d74                SIGFOX_PN_next_pn
 .text.SIGFOX_SCRAMB_compute
                0x08002dc4       0x8c C:/Users/LENOVO/Documents/Reseaux_Ubiquitaire/hei-2019-2020-lab-sens-it-reinert-gerardin/sensit-sdk-v2.0.0/sdk/lib\libSENSIT_SDK_V2.0.0.a(sigfox_scramb.o)
                0x08002dc4                SIGFOX_SCRAMB_compute
 .text.SLEEP_handler
                0x08002e50       0x88 C:/Users/LENOVO/Documents/Reseaux_Ubiquitaire/hei-2019-2020-lab-sens-it-reinert-gerardin/sensit-sdk-v2.0.0/sdk/lib\libSENSIT_SDK_V2.0.0.a(sleep.o)
                0x08002e50                SLEEP_handler
 .text.SPI_init
                0x08002ed8       0x30 C:/Users/LENOVO/Documents/Reseaux_Ubiquitaire/hei-2019-2020-lab-sens-it-reinert-gerardin/sensit-sdk-v2.0.0/sdk/lib\libSENSIT_SDK_V2.0.0.a(spi.o)
                0x08002ed8                SPI_init
 .text.SPI_disable
                0x08002f08       0x34 C:/Users/LENOVO/Documents/Reseaux_Ubiquitaire/hei-2019-2020-lab-sens-it-reinert-gerardin/sensit-sdk-v2.0.0/sdk/lib\libSENSIT_SDK_V2.0.0.a(spi.o)
                0x08002f08                SPI_disable
 .text.SPI_enable
                0x08002f3c       0x30 C:/Users/LENOVO/Documents/Reseaux_Ubiquitaire/hei-2019-2020-lab-sens-it-reinert-gerardin/sensit-sdk-v2.0.0/sdk/lib\libSENSIT_SDK_V2.0.0.a(spi.o)
                0x08002f3c                SPI_enable
 .text.SPI_write_read
                0x08002f6c       0x2c C:/Users/LENOVO/Documents/Reseaux_Ubiquitaire/hei-2019-2020-lab-sens-it-reinert-gerardin/sensit-sdk-v2.0.0/sdk/lib\libSENSIT_SDK_V2.0.0.a(spi.o)
                0x08002f6c                SPI_write_read
 .text.Reset_Handler
                0x08002f98       0x80 C:/Users/LENOVO/Documents/Reseaux_Ubiquitaire/hei-2019-2020-lab-sens-it-reinert-gerardin/sensit-sdk-v2.0.0/sdk/lib\libSENSIT_SDK_V2.0.0.a(startup_stm32f042x6.o)
                0x08002f98                Reset_Handler
 .text.Default_Handler
                0x08003018        0x2 C:/Users/LENOVO/Documents/Reseaux_Ubiquitaire/hei-2019-2020-lab-sens-it-reinert-gerardin/sensit-sdk-v2.0.0/sdk/lib\libSENSIT_SDK_V2.0.0.a(startup_stm32f042x6.o)
                0x08003018                TIM1_CC_IRQHandler
                0x08003018                TSC_IRQHandler
                0x08003018                SysTick_Handler
                0x08003018                PendSV_Handler
                0x08003018                I2C1_IRQHandler
                0x08003018                RCC_CRS_IRQHandler
                0x08003018                SPI1_IRQHandler
                0x08003018                EXTI2_3_IRQHandler
                0x08003018                ADC1_IRQHandler
                0x08003018                TIM17_IRQHandler
                0x08003018                CEC_CAN_IRQHandler
                0x08003018                PVD_VDDIO2_IRQHandler
                0x08003018                TIM3_IRQHandler
                0x08003018                DMA1_Channel1_IRQHandler
                0x08003018                Default_Handler
                0x08003018                TIM14_IRQHandler
                0x08003018                DMA1_Channel4_5_IRQHandler
                0x08003018                EXTI0_1_IRQHandler
                0x08003018                SPI2_IRQHandler
                0x08003018                SVC_Handler
                0x08003018                DMA1_Channel2_3_IRQHandler
                0x08003018                USART2_IRQHandler
                0x08003018                FLASH_IRQHandler
                0x08003018                TIM1_BRK_UP_TRG_COM_IRQHandler
 *fill*         0x0800301a        0x2 
 .text.SystemInit
                0x0800301c      0x178 C:/Users/LENOVO/Documents/Reseaux_Ubiquitaire/hei-2019-2020-lab-sens-it-reinert-gerardin/sensit-sdk-v2.0.0/sdk/lib\libSENSIT_SDK_V2.0.0.a(system_stm32f0xx.o)
                0x0800301c                SystemInit
 .text.SYSTICK_wait_ms
                0x08003194       0x84 C:/Users/LENOVO/Documents/Reseaux_Ubiquitaire/hei-2019-2020-lab-sens-it-reinert-gerardin/sensit-sdk-v2.0.0/sdk/lib\libSENSIT_SDK_V2.0.0.a(systick.o)
                0x08003194                SYSTICK_wait_ms
 .text.SYSTICK_wait_tick
                0x08003218       0x38 C:/Users/LENOVO/Documents/Reseaux_Ubiquitaire/hei-2019-2020-lab-sens-it-reinert-gerardin/sensit-sdk-v2.0.0/sdk/lib\libSENSIT_SDK_V2.0.0.a(systick.o)
                0x08003218                SYSTICK_wait_tick
 .text.USART1_IRQHandler
                0x08003250       0x68 C:/Users/LENOVO/Documents/Reseaux_Ubiquitaire/hei-2019-2020-lab-sens-it-reinert-gerardin/sensit-sdk-v2.0.0/sdk/lib\libSENSIT_SDK_V2.0.0.a(uart.o)
                0x08003250                USART1_IRQHandler
 .text.HAL_PCD_SetupStageCallback
                0x080032b8       0x14 C:/Users/LENOVO/Documents/Reseaux_Ubiquitaire/hei-2019-2020-lab-sens-it-reinert-gerardin/sensit-sdk-v2.0.0/sdk/lib\libSENSIT_SDK_V2.0.0.a(usbd_conf.o)
                0x080032b8                HAL_PCD_SetupStageCallback
 .text.HAL_PCD_DataOutStageCallback
                0x080032cc       0x18 C:/Users/LENOVO/Documents/Reseaux_Ubiquitaire/hei-2019-2020-lab-sens-it-reinert-gerardin/sensit-sdk-v2.0.0/sdk/lib\libSENSIT_SDK_V2.0.0.a(usbd_conf.o)
                0x080032cc                HAL_PCD_DataOutStageCallback
 .text.HAL_PCD_DataInStageCallback
                0x080032e4       0x16 C:/Users/LENOVO/Documents/Reseaux_Ubiquitaire/hei-2019-2020-lab-sens-it-reinert-gerardin/sensit-sdk-v2.0.0/sdk/lib\libSENSIT_SDK_V2.0.0.a(usbd_conf.o)
                0x080032e4                HAL_PCD_DataInStageCallback
 .text.HAL_PCD_SOFCallback
                0x080032fa        0xe C:/Users/LENOVO/Documents/Reseaux_Ubiquitaire/hei-2019-2020-lab-sens-it-reinert-gerardin/sensit-sdk-v2.0.0/sdk/lib\libSENSIT_SDK_V2.0.0.a(usbd_conf.o)
                0x080032fa                HAL_PCD_SOFCallback
 .text.HAL_PCD_ResetCallback
                0x08003308       0x18 C:/Users/LENOVO/Documents/Reseaux_Ubiquitaire/hei-2019-2020-lab-sens-it-reinert-gerardin/sensit-sdk-v2.0.0/sdk/lib\libSENSIT_SDK_V2.0.0.a(usbd_conf.o)
                0x08003308                HAL_PCD_ResetCallback
 .text.HAL_PCD_SuspendCallback
                0x08003320        0xe C:/Users/LENOVO/Documents/Reseaux_Ubiquitaire/hei-2019-2020-lab-sens-it-reinert-gerardin/sensit-sdk-v2.0.0/sdk/lib\libSENSIT_SDK_V2.0.0.a(usbd_conf.o)
                0x08003320                HAL_PCD_SuspendCallback
 .text.HAL_PCD_ResumeCallback
                0x0800332e        0xe C:/Users/LENOVO/Documents/Reseaux_Ubiquitaire/hei-2019-2020-lab-sens-it-reinert-gerardin/sensit-sdk-v2.0.0/sdk/lib\libSENSIT_SDK_V2.0.0.a(usbd_conf.o)
                0x0800332e                HAL_PCD_ResumeCallback
 .text.USBD_LL_OpenEP
                0x0800333c       0x16 C:/Users/LENOVO/Documents/Reseaux_Ubiquitaire/hei-2019-2020-lab-sens-it-reinert-gerardin/sensit-sdk-v2.0.0/sdk/lib\libSENSIT_SDK_V2.0.0.a(usbd_conf.o)
                0x0800333c                USBD_LL_OpenEP
 .text.USBD_LL_StallEP
                0x08003352       0x10 C:/Users/LENOVO/Documents/Reseaux_Ubiquitaire/hei-2019-2020-lab-sens-it-reinert-gerardin/sensit-sdk-v2.0.0/sdk/lib\libSENSIT_SDK_V2.0.0.a(usbd_conf.o)
                0x08003352                USBD_LL_StallEP
 .text.USBD_LL_ClearStallEP
                0x08003362       0x10 C:/Users/LENOVO/Documents/Reseaux_Ubiquitaire/hei-2019-2020-lab-sens-it-reinert-gerardin/sensit-sdk-v2.0.0/sdk/lib\libSENSIT_SDK_V2.0.0.a(usbd_conf.o)
                0x08003362                USBD_LL_ClearStallEP
 .text.USBD_LL_IsStallEP
                0x08003372       0x26 C:/Users/LENOVO/Documents/Reseaux_Ubiquitaire/hei-2019-2020-lab-sens-it-reinert-gerardin/sensit-sdk-v2.0.0/sdk/lib\libSENSIT_SDK_V2.0.0.a(usbd_conf.o)
                0x08003372                USBD_LL_IsStallEP
 .text.USBD_LL_SetUSBAddress
                0x08003398       0x10 C:/Users/LENOVO/Documents/Reseaux_Ubiquitaire/hei-2019-2020-lab-sens-it-reinert-gerardin/sensit-sdk-v2.0.0/sdk/lib\libSENSIT_SDK_V2.0.0.a(usbd_conf.o)
                0x08003398                USBD_LL_SetUSBAddress
 .text.USBD_LL_Transmit
                0x080033a8       0x10 C:/Users/LENOVO/Documents/Reseaux_Ubiquitaire/hei-2019-2020-lab-sens-it-reinert-gerardin/sensit-sdk-v2.0.0/sdk/lib\libSENSIT_SDK_V2.0.0.a(usbd_conf.o)
                0x080033a8                USBD_LL_Transmit
 .text.USBD_LL_PrepareReceive
                0x080033b8       0x10 C:/Users/LENOVO/Documents/Reseaux_Ubiquitaire/hei-2019-2020-lab-sens-it-reinert-gerardin/sensit-sdk-v2.0.0/sdk/lib\libSENSIT_SDK_V2.0.0.a(usbd_conf.o)
                0x080033b8                USBD_LL_PrepareReceive
 .text.USB_IRQHandler
                0x080033c8       0x10 C:/Users/LENOVO/Documents/Reseaux_Ubiquitaire/hei-2019-2020-lab-sens-it-reinert-gerardin/sensit-sdk-v2.0.0/sdk/lib\libSENSIT_SDK_V2.0.0.a(usbd_conf.o)
                0x080033c8                USB_IRQHandler
 .text.USBD_SetClassConfig
                0x080033d8       0x1a C:/Users/LENOVO/Documents/Reseaux_Ubiquitaire/hei-2019-2020-lab-sens-it-reinert-gerardin/sensit-sdk-v2.0.0/sdk/lib\libSENSIT_SDK_V2.0.0.a(usbd_core.o)
                0x080033d8                USBD_SetClassConfig
 .text.USBD_ClrClassConfig
                0x080033f2       0x10 C:/Users/LENOVO/Documents/Reseaux_Ubiquitaire/hei-2019-2020-lab-sens-it-reinert-gerardin/sensit-sdk-v2.0.0/sdk/lib\libSENSIT_SDK_V2.0.0.a(usbd_core.o)
                0x080033f2                USBD_ClrClassConfig
 *fill*         0x08003402        0x2 
 .text.USBD_LL_SetupStage
                0x08003404       0x68 C:/Users/LENOVO/Documents/Reseaux_Ubiquitaire/hei-2019-2020-lab-sens-it-reinert-gerardin/sensit-sdk-v2.0.0/sdk/lib\libSENSIT_SDK_V2.0.0.a(usbd_core.o)
                0x08003404                USBD_LL_SetupStage
 .text.USBD_LL_DataOutStage
                0x0800346c       0x74 C:/Users/LENOVO/Documents/Reseaux_Ubiquitaire/hei-2019-2020-lab-sens-it-reinert-gerardin/sensit-sdk-v2.0.0/sdk/lib\libSENSIT_SDK_V2.0.0.a(usbd_core.o)
                0x0800346c                USBD_LL_DataOutStage
 .text.USBD_LL_DataInStage
                0x080034e0       0xac C:/Users/LENOVO/Documents/Reseaux_Ubiquitaire/hei-2019-2020-lab-sens-it-reinert-gerardin/sensit-sdk-v2.0.0/sdk/lib\libSENSIT_SDK_V2.0.0.a(usbd_core.o)
                0x080034e0                USBD_LL_DataInStage
 .text.USBD_LL_Reset
                0x0800358c       0x48 C:/Users/LENOVO/Documents/Reseaux_Ubiquitaire/hei-2019-2020-lab-sens-it-reinert-gerardin/sensit-sdk-v2.0.0/sdk/lib\libSENSIT_SDK_V2.0.0.a(usbd_core.o)
                0x0800358c                USBD_LL_Reset
 .text.USBD_LL_SetSpeed
                0x080035d4        0x6 C:/Users/LENOVO/Documents/Reseaux_Ubiquitaire/hei-2019-2020-lab-sens-it-reinert-gerardin/sensit-sdk-v2.0.0/sdk/lib\libSENSIT_SDK_V2.0.0.a(usbd_core.o)
                0x080035d4                USBD_LL_SetSpeed
 .text.USBD_LL_Suspend
                0x080035da       0x16 C:/Users/LENOVO/Documents/Reseaux_Ubiquitaire/hei-2019-2020-lab-sens-it-reinert-gerardin/sensit-sdk-v2.0.0/sdk/lib\libSENSIT_SDK_V2.0.0.a(usbd_core.o)
                0x080035da                USBD_LL_Suspend
 .text.USBD_LL_Resume
                0x080035f0        0xe C:/Users/LENOVO/Documents/Reseaux_Ubiquitaire/hei-2019-2020-lab-sens-it-reinert-gerardin/sensit-sdk-v2.0.0/sdk/lib\libSENSIT_SDK_V2.0.0.a(usbd_core.o)
                0x080035f0                USBD_LL_Resume
 .text.USBD_LL_SOF
                0x080035fe       0x1e C:/Users/LENOVO/Documents/Reseaux_Ubiquitaire/hei-2019-2020-lab-sens-it-reinert-gerardin/sensit-sdk-v2.0.0/sdk/lib\libSENSIT_SDK_V2.0.0.a(usbd_core.o)
                0x080035fe                USBD_LL_SOF
 .text.USBD_CtlError.constprop.0
                0x0800361c       0x14 C:/Users/LENOVO/Documents/Reseaux_Ubiquitaire/hei-2019-2020-lab-sens-it-reinert-gerardin/sensit-sdk-v2.0.0/sdk/lib\libSENSIT_SDK_V2.0.0.a(usbd_ctlreq.o)
 .text.USBD_StdDevReq
                0x08003630      0x224 C:/Users/LENOVO/Documents/Reseaux_Ubiquitaire/hei-2019-2020-lab-sens-it-reinert-gerardin/sensit-sdk-v2.0.0/sdk/lib\libSENSIT_SDK_V2.0.0.a(usbd_ctlreq.o)
                0x08003630                USBD_StdDevReq
 .text.USBD_StdItfReq
                0x08003854       0x38 C:/Users/LENOVO/Documents/Reseaux_Ubiquitaire/hei-2019-2020-lab-sens-it-reinert-gerardin/sensit-sdk-v2.0.0/sdk/lib\libSENSIT_SDK_V2.0.0.a(usbd_ctlreq.o)
                0x08003854                USBD_StdItfReq
 .text.USBD_StdEPReq
                0x0800388c       0xd4 C:/Users/LENOVO/Documents/Reseaux_Ubiquitaire/hei-2019-2020-lab-sens-it-reinert-gerardin/sensit-sdk-v2.0.0/sdk/lib\libSENSIT_SDK_V2.0.0.a(usbd_ctlreq.o)
                0x0800388c                USBD_StdEPReq
 .text.USBD_ParseSetupRequest
                0x08003960       0x28 C:/Users/LENOVO/Documents/Reseaux_Ubiquitaire/hei-2019-2020-lab-sens-it-reinert-gerardin/sensit-sdk-v2.0.0/sdk/lib\libSENSIT_SDK_V2.0.0.a(usbd_ctlreq.o)
                0x08003960                USBD_ParseSetupRequest
 .text.USBD_CtlSendData
                0x08003988       0x1c C:/Users/LENOVO/Documents/Reseaux_Ubiquitaire/hei-2019-2020-lab-sens-it-reinert-gerardin/sensit-sdk-v2.0.0/sdk/lib\libSENSIT_SDK_V2.0.0.a(usbd_ioreq.o)
                0x08003988                USBD_CtlSendData
 .text.USBD_CtlContinueSendData
                0x080039a4       0x10 C:/Users/LENOVO/Documents/Reseaux_Ubiquitaire/hei-2019-2020-lab-sens-it-reinert-gerardin/sensit-sdk-v2.0.0/sdk/lib\libSENSIT_SDK_V2.0.0.a(usbd_ioreq.o)
                0x080039a4                USBD_CtlContinueSendData
 .text.USBD_CtlContinueRx
                0x080039b4       0x10 C:/Users/LENOVO/Documents/Reseaux_Ubiquitaire/hei-2019-2020-lab-sens-it-reinert-gerardin/sensit-sdk-v2.0.0/sdk/lib\libSENSIT_SDK_V2.0.0.a(usbd_ioreq.o)
                0x080039b4                USBD_CtlContinueRx
 .text.USBD_CtlSendStatus
                0x080039c4       0x18 C:/Users/LENOVO/Documents/Reseaux_Ubiquitaire/hei-2019-2020-lab-sens-it-reinert-gerardin/sensit-sdk-v2.0.0/sdk/lib\libSENSIT_SDK_V2.0.0.a(usbd_ioreq.o)
                0x080039c4                USBD_CtlSendStatus
 .text.USBD_CtlReceiveStatus
                0x080039dc       0x18 C:/Users/LENOVO/Documents/Reseaux_Ubiquitaire/hei-2019-2020-lab-sens-it-reinert-gerardin/sensit-sdk-v2.0.0/sdk/lib\libSENSIT_SDK_V2.0.0.a(usbd_ioreq.o)
                0x080039dc                USBD_CtlReceiveStatus
 .text.WATCHDOG_clear
                0x080039f4       0x10 C:/Users/LENOVO/Documents/Reseaux_Ubiquitaire/hei-2019-2020-lab-sens-it-reinert-gerardin/sensit-sdk-v2.0.0/sdk/lib\libSENSIT_SDK_V2.0.0.a(watchdog.o)
                0x080039f4                WATCHDOG_clear
 .text.ADC_init
                0x08003a04       0x88 C:/Users/LENOVO/Documents/Reseaux_Ubiquitaire/hei-2019-2020-lab-sens-it-reinert-gerardin/sensit-sdk-v2.0.0/sdk/lib\libSENSIT_SDK_V2.0.0.a(adc.o)
                0x08003a04                ADC_init
 .text.ADC_measure_battery
                0x08003a8c       0x84 C:/Users/LENOVO/Documents/Reseaux_Ubiquitaire/hei-2019-2020-lab-sens-it-reinert-gerardin/sensit-sdk-v2.0.0/sdk/lib\libSENSIT_SDK_V2.0.0.a(adc.o)
                0x08003a8c                ADC_measure_battery
 .text.ADC_get_last_battery_level
                0x08003b10        0xc C:/Users/LENOVO/Documents/Reseaux_Ubiquitaire/hei-2019-2020-lab-sens-it-reinert-gerardin/sensit-sdk-v2.0.0/sdk/lib\libSENSIT_SDK_V2.0.0.a(adc.o)
                0x08003b10                ADC_get_last_battery_level
 .text.ADC_get_battery_level
                0x08003b1c       0x10 C:/Users/LENOVO/Documents/Reseaux_Ubiquitaire/hei-2019-2020-lab-sens-it-reinert-gerardin/sensit-sdk-v2.0.0/sdk/lib\libSENSIT_SDK_V2.0.0.a(adc.o)
                0x08003b1c                ADC_get_battery_level
 .text.ADC_measure_temperature
                0x08003b2c       0x68 C:/Users/LENOVO/Documents/Reseaux_Ubiquitaire/hei-2019-2020-lab-sens-it-reinert-gerardin/sensit-sdk-v2.0.0/sdk/lib\libSENSIT_SDK_V2.0.0.a(adc.o)
                0x08003b2c                ADC_measure_temperature
 .text.AESEncode
                0x08003b94      0x1c0 C:/Users/LENOVO/Documents/Reseaux_Ubiquitaire/hei-2019-2020-lab-sens-it-reinert-gerardin/sensit-sdk-v2.0.0/sdk/lib\libSENSIT_SDK_V2.0.0.a(aes.o)
                0x08003b94                AESEncode
 .text.calibReadHSI48clk
                0x08003d54       0x84 C:/Users/LENOVO/Documents/Reseaux_Ubiquitaire/hei-2019-2020-lab-sens-it-reinert-gerardin/sensit-sdk-v2.0.0/sdk/lib\libSENSIT_SDK_V2.0.0.a(calib.o)
 .text.calibRTCclkIsCalibrated
                0x08003dd8      0x1a0 C:/Users/LENOVO/Documents/Reseaux_Ubiquitaire/hei-2019-2020-lab-sens-it-reinert-gerardin/sensit-sdk-v2.0.0/sdk/lib\libSENSIT_SDK_V2.0.0.a(calib.o)
                0x08003dd8                calibRTCclkIsCalibrated
 .text.calibHSI48clkIsCalibrated
                0x08003f78       0x90 C:/Users/LENOVO/Documents/Reseaux_Ubiquitaire/hei-2019-2020-lab-sens-it-reinert-gerardin/sensit-sdk-v2.0.0/sdk/lib\libSENSIT_SDK_V2.0.0.a(calib.o)
                0x08003f78                calibHSI48clkIsCalibrated
 .text.CC1125_send_strobe
                0x08004008       0x2c C:/Users/LENOVO/Documents/Reseaux_Ubiquitaire/hei-2019-2020-lab-sens-it-reinert-gerardin/sensit-sdk-v2.0.0/sdk/lib\libSENSIT_SDK_V2.0.0.a(cc1125.o)
                0x08004008                CC1125_send_strobe
 .text.CC1125_write_reg
                0x08004034       0x54 C:/Users/LENOVO/Documents/Reseaux_Ubiquitaire/hei-2019-2020-lab-sens-it-reinert-gerardin/sensit-sdk-v2.0.0/sdk/lib\libSENSIT_SDK_V2.0.0.a(cc1125.o)
                0x08004034                CC1125_write_reg
 .text.CC1125_read_reg
                0x08004088       0x54 C:/Users/LENOVO/Documents/Reseaux_Ubiquitaire/hei-2019-2020-lab-sens-it-reinert-gerardin/sensit-sdk-v2.0.0/sdk/lib\libSENSIT_SDK_V2.0.0.a(cc1125.o)
                0x08004088                CC1125_read_reg
 .text.CC1125_output_clock
                0x080040dc       0x18 C:/Users/LENOVO/Documents/Reseaux_Ubiquitaire/hei-2019-2020-lab-sens-it-reinert-gerardin/sensit-sdk-v2.0.0/sdk/lib\libSENSIT_SDK_V2.0.0.a(cc1125.o)
                0x080040dc                CC1125_output_clock
 .text.CRC_compute
                0x080040f4       0x4c C:/Users/LENOVO/Documents/Reseaux_Ubiquitaire/hei-2019-2020-lab-sens-it-reinert-gerardin/sensit-sdk-v2.0.0/sdk/lib\libSENSIT_SDK_V2.0.0.a(crc.o)
                0x080040f4                CRC_compute
 .text.FLASH_unlock
                0x08004140       0x3c C:/Users/LENOVO/Documents/Reseaux_Ubiquitaire/hei-2019-2020-lab-sens-it-reinert-gerardin/sensit-sdk-v2.0.0/sdk/lib\libSENSIT_SDK_V2.0.0.a(flash.o)
                0x08004140                FLASH_unlock
 .text.FLASH_lock
                0x0800417c       0x14 C:/Users/LENOVO/Documents/Reseaux_Ubiquitaire/hei-2019-2020-lab-sens-it-reinert-gerardin/sensit-sdk-v2.0.0/sdk/lib\libSENSIT_SDK_V2.0.0.a(flash.o)
                0x0800417c                FLASH_lock
 .text.FLASH_write
                0x08004190       0x40 C:/Users/LENOVO/Documents/Reseaux_Ubiquitaire/hei-2019-2020-lab-sens-it-reinert-gerardin/sensit-sdk-v2.0.0/sdk/lib\libSENSIT_SDK_V2.0.0.a(flash.o)
                0x08004190                FLASH_write
 .text.FLASH_erase_page
                0x080041d0       0x90 C:/Users/LENOVO/Documents/Reseaux_Ubiquitaire/hei-2019-2020-lab-sens-it-reinert-gerardin/sensit-sdk-v2.0.0/sdk/lib\libSENSIT_SDK_V2.0.0.a(flash.o)
                0x080041d0                FLASH_erase_page
 .text._handler
                0x08004260       0x44 C:/Users/LENOVO/Documents/Reseaux_Ubiquitaire/hei-2019-2020-lab-sens-it-reinert-gerardin/sensit-sdk-v2.0.0/sdk/lib\libSENSIT_SDK_V2.0.0.a(gpio.o)
 .text.GPIO_init
                0x080042a4       0xcc C:/Users/LENOVO/Documents/Reseaux_Ubiquitaire/hei-2019-2020-lab-sens-it-reinert-gerardin/sensit-sdk-v2.0.0/sdk/lib\libSENSIT_SDK_V2.0.0.a(gpio.o)
                0x080042a4                GPIO_init
 .text.EXTI4_15_IRQHandler
                0x08004370       0x88 C:/Users/LENOVO/Documents/Reseaux_Ubiquitaire/hei-2019-2020-lab-sens-it-reinert-gerardin/sensit-sdk-v2.0.0/sdk/lib\libSENSIT_SDK_V2.0.0.a(gpio.o)
                0x08004370                EXTI4_15_IRQHandler
 .text.HardFault_Handler
                0x080043f8        0x8 C:/Users/LENOVO/Documents/Reseaux_Ubiquitaire/hei-2019-2020-lab-sens-it-reinert-gerardin/sensit-sdk-v2.0.0/sdk/lib\libSENSIT_SDK_V2.0.0.a(gpio.o)
                0x080043f8                HardFault_Handler
 .text.NMI_Handler
                0x08004400        0x8 C:/Users/LENOVO/Documents/Reseaux_Ubiquitaire/hei-2019-2020-lab-sens-it-reinert-gerardin/sensit-sdk-v2.0.0/sdk/lib\libSENSIT_SDK_V2.0.0.a(gpio.o)
                0x08004400                NMI_Handler
 .text.WWDG_IRQHandler
                0x08004408        0x8 C:/Users/LENOVO/Documents/Reseaux_Ubiquitaire/hei-2019-2020-lab-sens-it-reinert-gerardin/sensit-sdk-v2.0.0/sdk/lib\libSENSIT_SDK_V2.0.0.a(gpio.o)
                0x08004408                WWDG_IRQHandler
 .text.I2C_init
                0x08004410       0x30 C:/Users/LENOVO/Documents/Reseaux_Ubiquitaire/hei-2019-2020-lab-sens-it-reinert-gerardin/sensit-sdk-v2.0.0/sdk/lib\libSENSIT_SDK_V2.0.0.a(i2c.o)
                0x08004410                I2C_init
 .text.I2C_write_read
                0x08004440      0x160 C:/Users/LENOVO/Documents/Reseaux_Ubiquitaire/hei-2019-2020-lab-sens-it-reinert-gerardin/sensit-sdk-v2.0.0/sdk/lib\libSENSIT_SDK_V2.0.0.a(i2c.o)
                0x08004440                I2C_write_read
 .text.LED_set_toggle_color
                0x080045a0        0xc C:/Users/LENOVO/Documents/Reseaux_Ubiquitaire/hei-2019-2020-lab-sens-it-reinert-gerardin/sensit-sdk-v2.0.0/sdk/lib\libSENSIT_SDK_V2.0.0.a(led.o)
                0x080045a0                LED_set_toggle_color
 .text.LED_toggle
                0x080045ac       0x5c C:/Users/LENOVO/Documents/Reseaux_Ubiquitaire/hei-2019-2020-lab-sens-it-reinert-gerardin/sensit-sdk-v2.0.0/sdk/lib\libSENSIT_SDK_V2.0.0.a(led.o)
                0x080045ac                LED_toggle
 .text.my_memcpy
                0x08004608       0x1c C:/Users/LENOVO/Documents/Reseaux_Ubiquitaire/hei-2019-2020-lab-sens-it-reinert-gerardin/sensit-sdk-v2.0.0/sdk/lib\libSENSIT_SDK_V2.0.0.a(my_string.o)
                0x08004608                my_memcpy
 .text.my_memcmp
                0x08004624       0x1c C:/Users/LENOVO/Documents/Reseaux_Ubiquitaire/hei-2019-2020-lab-sens-it-reinert-gerardin/sensit-sdk-v2.0.0/sdk/lib\libSENSIT_SDK_V2.0.0.a(my_string.o)
                0x08004624                my_memcmp
 .text.RF_API_init
                0x08004640       0x64 C:/Users/LENOVO/Documents/Reseaux_Ubiquitaire/hei-2019-2020-lab-sens-it-reinert-gerardin/sensit-sdk-v2.0.0/sdk/lib\libSENSIT_SDK_V2.0.0.a(rf_api.o)
                0x08004640                RF_API_init
 .text.RF_API_stop
                0x080046a4       0x28 C:/Users/LENOVO/Documents/Reseaux_Ubiquitaire/hei-2019-2020-lab-sens-it-reinert-gerardin/sensit-sdk-v2.0.0/sdk/lib\libSENSIT_SDK_V2.0.0.a(rf_api.o)
                0x080046a4                RF_API_stop
 .text.RF_API_send
                0x080046cc       0x3c C:/Users/LENOVO/Documents/Reseaux_Ubiquitaire/hei-2019-2020-lab-sens-it-reinert-gerardin/sensit-sdk-v2.0.0/sdk/lib\libSENSIT_SDK_V2.0.0.a(rf_api.o)
                0x080046cc                RF_API_send
 .text.RF_API_change_frequency
                0x08004708      0x180 C:/Users/LENOVO/Documents/Reseaux_Ubiquitaire/hei-2019-2020-lab-sens-it-reinert-gerardin/sensit-sdk-v2.0.0/sdk/lib\libSENSIT_SDK_V2.0.0.a(rf_api.o)
                0x08004708                RF_API_change_frequency
 .text.RF_API_wait_frame
                0x08004888       0xe0 C:/Users/LENOVO/Documents/Reseaux_Ubiquitaire/hei-2019-2020-lab-sens-it-reinert-gerardin/sensit-sdk-v2.0.0/sdk/lib\libSENSIT_SDK_V2.0.0.a(rf_api.o)
                0x08004888                RF_API_wait_frame
 .text.RF_API_wait_for_clear_channel
                0x08004968       0xb0 C:/Users/LENOVO/Documents/Reseaux_Ubiquitaire/hei-2019-2020-lab-sens-it-reinert-gerardin/sensit-sdk-v2.0.0/sdk/lib\libSENSIT_SDK_V2.0.0.a(rf_api.o)
                0x08004968                RF_API_wait_for_clear_channel
 .text.SIGFOX_CRC_crc16
                0x08004a18       0x3c C:/Users/LENOVO/Documents/Reseaux_Ubiquitaire/hei-2019-2020-lab-sens-it-reinert-gerardin/sensit-sdk-v2.0.0/sdk/lib\libSENSIT_SDK_V2.0.0.a(sigfox_crc.o)
                0x08004a18                SIGFOX_CRC_crc16
 .text.SIGFOX_CRC_crc8
                0x08004a54       0x34 C:/Users/LENOVO/Documents/Reseaux_Ubiquitaire/hei-2019-2020-lab-sens-it-reinert-gerardin/sensit-sdk-v2.0.0/sdk/lib\libSENSIT_SDK_V2.0.0.a(sigfox_crc.o)
                0x08004a54                SIGFOX_CRC_crc8
 .text.SIGFOX_DECODE_dewhitening_pn
                0x08004a88       0x26 C:/Users/LENOVO/Documents/Reseaux_Ubiquitaire/hei-2019-2020-lab-sens-it-reinert-gerardin/sensit-sdk-v2.0.0/sdk/lib\libSENSIT_SDK_V2.0.0.a(sigfox_decode.o)
 *fill*         0x08004aae        0x2 
 .text.SIGFOX_DECODE_decode_frame
                0x08004ab0      0x164 C:/Users/LENOVO/Documents/Reseaux_Ubiquitaire/hei-2019-2020-lab-sens-it-reinert-gerardin/sensit-sdk-v2.0.0/sdk/lib\libSENSIT_SDK_V2.0.0.a(sigfox_decode.o)
                0x08004ab0                SIGFOX_DECODE_decode_frame
 .text.SIGFOX_HMAC_compute_aes
                0x08004c14       0x54 C:/Users/LENOVO/Documents/Reseaux_Ubiquitaire/hei-2019-2020-lab-sens-it-reinert-gerardin/sensit-sdk-v2.0.0/sdk/lib\libSENSIT_SDK_V2.0.0.a(sigfox_hmac.o)
                0x08004c14                SIGFOX_HMAC_compute_aes
 .text.PCD_WritePMA
                0x08004c68       0x28 C:/Users/LENOVO/Documents/Reseaux_Ubiquitaire/hei-2019-2020-lab-sens-it-reinert-gerardin/sensit-sdk-v2.0.0/sdk/lib\libSENSIT_SDK_V2.0.0.a(stm32f0xx_hal_pcd.o)
 .text.PCD_ReadPMA
                0x08004c90       0x20 C:/Users/LENOVO/Documents/Reseaux_Ubiquitaire/hei-2019-2020-lab-sens-it-reinert-gerardin/sensit-sdk-v2.0.0/sdk/lib\libSENSIT_SDK_V2.0.0.a(stm32f0xx_hal_pcd.o)
 .text.HAL_PCD_SetAddress
                0x08004cb0       0x2c C:/Users/LENOVO/Documents/Reseaux_Ubiquitaire/hei-2019-2020-lab-sens-it-reinert-gerardin/sensit-sdk-v2.0.0/sdk/lib\libSENSIT_SDK_V2.0.0.a(stm32f0xx_hal_pcd.o)
                0x08004cb0                HAL_PCD_SetAddress
 .text.HAL_PCD_EP_Open
                0x08004cdc      0x2b0 C:/Users/LENOVO/Documents/Reseaux_Ubiquitaire/hei-2019-2020-lab-sens-it-reinert-gerardin/sensit-sdk-v2.0.0/sdk/lib\libSENSIT_SDK_V2.0.0.a(stm32f0xx_hal_pcd.o)
                0x08004cdc                HAL_PCD_EP_Open
 .text.HAL_PCD_EP_Receive
                0x08004f8c       0xe8 C:/Users/LENOVO/Documents/Reseaux_Ubiquitaire/hei-2019-2020-lab-sens-it-reinert-gerardin/sensit-sdk-v2.0.0/sdk/lib\libSENSIT_SDK_V2.0.0.a(stm32f0xx_hal_pcd.o)
                0x08004f8c                HAL_PCD_EP_Receive
 .text.HAL_PCD_EP_Transmit
                0x08005074      0x1e4 C:/Users/LENOVO/Documents/Reseaux_Ubiquitaire/hei-2019-2020-lab-sens-it-reinert-gerardin/sensit-sdk-v2.0.0/sdk/lib\libSENSIT_SDK_V2.0.0.a(stm32f0xx_hal_pcd.o)
                0x08005074                HAL_PCD_EP_Transmit
 .text.HAL_PCD_IRQHandler
                0x08005258      0x464 C:/Users/LENOVO/Documents/Reseaux_Ubiquitaire/hei-2019-2020-lab-sens-it-reinert-gerardin/sensit-sdk-v2.0.0/sdk/lib\libSENSIT_SDK_V2.0.0.a(stm32f0xx_hal_pcd.o)
                0x08005258                HAL_PCD_IRQHandler
 .text.HAL_PCD_EP_SetStall
                0x080056bc       0x90 C:/Users/LENOVO/Documents/Reseaux_Ubiquitaire/hei-2019-2020-lab-sens-it-reinert-gerardin/sensit-sdk-v2.0.0/sdk/lib\libSENSIT_SDK_V2.0.0.a(stm32f0xx_hal_pcd.o)
                0x080056bc                HAL_PCD_EP_SetStall
 .text.HAL_PCD_EP_ClrStall
                0x0800574c       0xbc C:/Users/LENOVO/Documents/Reseaux_Ubiquitaire/hei-2019-2020-lab-sens-it-reinert-gerardin/sensit-sdk-v2.0.0/sdk/lib\libSENSIT_SDK_V2.0.0.a(stm32f0xx_hal_pcd.o)
                0x0800574c                HAL_PCD_EP_ClrStall
 .text.MODULATION_ramp_up
                0x08005808       0x28 C:/Users/LENOVO/Documents/Reseaux_Ubiquitaire/hei-2019-2020-lab-sens-it-reinert-gerardin/sensit-sdk-v2.0.0/sdk/lib\libSENSIT_SDK_V2.0.0.a(modulation.o)
 .text.MODULATION_ramp_down
                0x08005830       0x2c C:/Users/LENOVO/Documents/Reseaux_Ubiquitaire/hei-2019-2020-lab-sens-it-reinert-gerardin/sensit-sdk-v2.0.0/sdk/lib\libSENSIT_SDK_V2.0.0.a(modulation.o)
 .text.MODULATION_init
                0x0800585c       0xe0 C:/Users/LENOVO/Documents/Reseaux_Ubiquitaire/hei-2019-2020-lab-sens-it-reinert-gerardin/sensit-sdk-v2.0.0/sdk/lib\libSENSIT_SDK_V2.0.0.a(modulation.o)
                0x0800585c                MODULATION_init
 .text.MODULATION_stop
                0x0800593c       0x3c C:/Users/LENOVO/Documents/Reseaux_Ubiquitaire/hei-2019-2020-lab-sens-it-reinert-gerardin/sensit-sdk-v2.0.0/sdk/lib\libSENSIT_SDK_V2.0.0.a(modulation.o)
                0x0800593c                MODULATION_stop
 .text.MODULATION_process
                0x08005978       0xa4 C:/Users/LENOVO/Documents/Reseaux_Ubiquitaire/hei-2019-2020-lab-sens-it-reinert-gerardin/sensit-sdk-v2.0.0/sdk/lib\libSENSIT_SDK_V2.0.0.a(modulation.o)
                0x08005978                MODULATION_process
 .text.TIM2_IRQHandler
                0x08005a1c       0x2c C:/Users/LENOVO/Documents/Reseaux_Ubiquitaire/hei-2019-2020-lab-sens-it-reinert-gerardin/sensit-sdk-v2.0.0/sdk/lib\libSENSIT_SDK_V2.0.0.a(modulation.o)
                0x08005a1c                TIM2_IRQHandler
 .text.__libc_init_array
                0x08005a48       0x44 c:/program files (x86)/gnu tools arm embedded/8 2019-q3-update/bin/../lib/gcc/arm-none-eabi/8.3.1/../../../../arm-none-eabi/lib/thumb/v6-m/nofp\libc.a(lib_a-init.o)
                0x08005a48                __libc_init_array
 .text.memset   0x08005a8c       0xa8 c:/program files (x86)/gnu tools arm embedded/8 2019-q3-update/bin/../lib/gcc/arm-none-eabi/8.3.1/../../../../arm-none-eabi/lib/thumb/v6-m/nofp\libc.a(lib_a-memset.o)
                0x08005a8c                memset
 *(.glue_7)
 .glue_7        0x08005b34        0x0 linker stubs
 *(.glue_7t)
 .glue_7t       0x08005b34        0x0 linker stubs
 *(.eh_frame)
 *(.init)
 *(.fini)
                0x08005b34                . = ALIGN (0x4)
                0x08005b34                _etext = .

.vfp11_veneer   0x08005b34        0x0
 .vfp11_veneer  0x08005b34        0x0 linker stubs

.v4_bx          0x08005b34        0x0
 .v4_bx         0x08005b34        0x0 linker stubs

.iplt           0x08005b34        0x0
 .iplt          0x08005b34        0x0 C:/Users/LENOVO/Documents/Reseaux_Ubiquitaire/hei-2019-2020-lab-sens-it-reinert-gerardin/sensit-sdk-v2.0.0/sdk/obj/error.o

.rodata         0x08005b34      0x3f0
                0x08005b34                . = ALIGN (0x4)
 *(.rodata)
 .rodata        0x08005b34       0x10 C:/Users/LENOVO/Documents/Reseaux_Ubiquitaire/hei-2019-2020-lab-sens-it-reinert-gerardin/sensit-sdk-v2.0.0/sdk/lib\libSENSIT_SDK_V2.0.0.a(nvmem_api.o)
 .rodata        0x08005b44       0x34 C:/Users/LENOVO/Documents/Reseaux_Ubiquitaire/hei-2019-2020-lab-sens-it-reinert-gerardin/sensit-sdk-v2.0.0/sdk/lib\libSENSIT_SDK_V2.0.0.a(sigfox_internal.o)
                0x08005b44                fsync_lut_tx
                0x08005b68                public_key
 .rodata        0x08005b78       0x10 C:/Users/LENOVO/Documents/Reseaux_Ubiquitaire/hei-2019-2020-lab-sens-it-reinert-gerardin/sensit-sdk-v2.0.0/sdk/lib\libSENSIT_SDK_V2.0.0.a(sigfox_scramb.o)
 .rodata        0x08005b88      0x100 C:/Users/LENOVO/Documents/Reseaux_Ubiquitaire/hei-2019-2020-lab-sens-it-reinert-gerardin/sensit-sdk-v2.0.0/sdk/lib\libSENSIT_SDK_V2.0.0.a(aes.o)
                0x08005b88                STable
 .rodata        0x08005c88      0x190 C:/Users/LENOVO/Documents/Reseaux_Ubiquitaire/hei-2019-2020-lab-sens-it-reinert-gerardin/sensit-sdk-v2.0.0/sdk/lib\libSENSIT_SDK_V2.0.0.a(rf_api.o)
 .rodata        0x08005e18       0x20 C:/Users/LENOVO/Documents/Reseaux_Ubiquitaire/hei-2019-2020-lab-sens-it-reinert-gerardin/sensit-sdk-v2.0.0/sdk/lib\libSENSIT_SDK_V2.0.0.a(sigfox_decode.o)
                0x08005e18                pow_alpha
                0x08005e28                log_alpha
 .rodata        0x08005e38       0xac c:/program files (x86)/gnu tools arm embedded/8 2019-q3-update/bin/../lib/gcc/arm-none-eabi/8.3.1/thumb/v6-m/nofp\libgcc.a(divsf3.o)
 .rodata        0x08005ee4       0x40 c:/program files (x86)/gnu tools arm embedded/8 2019-q3-update/bin/../lib/gcc/arm-none-eabi/8.3.1/thumb/v6-m/nofp\libgcc.a(mulsf3.o)
 *(.rodata*)
                0x08005f24                . = ALIGN (0x4)

.rel.dyn        0x08005f24        0x0
 .rel.iplt      0x08005f24        0x0 C:/Users/LENOVO/Documents/Reseaux_Ubiquitaire/hei-2019-2020-lab-sens-it-reinert-gerardin/sensit-sdk-v2.0.0/sdk/obj/error.o

.ARM.extab      0x08005f24        0x0
                0x08005f24                . = ALIGN (0x4)
 *(.ARM.extab* .gnu.linkonce.armextab.*)
                0x08005f24                . = ALIGN (0x4)

.ARM            0x08005f24        0x0
                0x08005f24                . = ALIGN (0x4)
                0x08005f24                __exidx_start = .
 *(.ARM.exidx*)
                0x08005f24                __exidx_end = .
                0x08005f24                . = ALIGN (0x4)

.preinit_array  0x08005f24        0x0
                0x08005f24                . = ALIGN (0x4)
                0x08005f24                PROVIDE (__preinit_array_start = .)
 *(.preinit_array*)
                0x08005f24                PROVIDE (__preinit_array_end = .)
                0x08005f24                . = ALIGN (0x4)

.init_array     0x08005f24        0x0
                0x08005f24                . = ALIGN (0x4)
                0x08005f24                PROVIDE (__init_array_start = .)
 *(SORT_BY_NAME(.init_array.*))
 *(.init_array*)
                0x08005f24                PROVIDE (__init_array_end = .)
                0x08005f24                . = ALIGN (0x4)

.fini_array     0x08005f24        0x0
                0x08005f24                . = ALIGN (0x4)
                [!provide]                PROVIDE (__fini_array_start = .)
 *(SORT_BY_NAME(.fini_array.*))
 *(.fini_array*)
                [!provide]                PROVIDE (__fini_array_end = .)
                0x08005f24                . = ALIGN (0x4)
                0x08005f24                _sidata = LOADADDR (.data)

.data           0x20000000      0x1e8 load address 0x08005f24
                0x20000000                . = ALIGN (0x4)
                0x20000000                _sdata = .
 *(.data)
 .data          0x20000000        0x2 C:/Users/LENOVO/Documents/Reseaux_Ubiquitaire/hei-2019-2020-lab-sens-it-reinert-gerardin/sensit-sdk-v2.0.0/sdk/obj/battery.o
 *fill*         0x20000002        0x2 
 .data          0x20000004       0xa0 C:/Users/LENOVO/Documents/Reseaux_Ubiquitaire/hei-2019-2020-lab-sens-it-reinert-gerardin/sensit-sdk-v2.0.0/sdk/obj/radio_api.o
 .data          0x200000a4       0x10 C:/Users/LENOVO/Documents/Reseaux_Ubiquitaire/hei-2019-2020-lab-sens-it-reinert-gerardin/sensit-sdk-v2.0.0/sdk/obj/main.o
                0x200000a4                firmware_version
 .data          0x200000b4       0x15 C:/Users/LENOVO/Documents/Reseaux_Ubiquitaire/hei-2019-2020-lab-sens-it-reinert-gerardin/sensit-sdk-v2.0.0/sdk/lib\libSENSIT_SDK_V2.0.0.a(nvmem_api.o)
 .data          0x200000c9        0x1 C:/Users/LENOVO/Documents/Reseaux_Ubiquitaire/hei-2019-2020-lab-sens-it-reinert-gerardin/sensit-sdk-v2.0.0/sdk/lib\libSENSIT_SDK_V2.0.0.a(radio.o)
 .data          0x200000ca      0x11d C:/Users/LENOVO/Documents/Reseaux_Ubiquitaire/hei-2019-2020-lab-sens-it-reinert-gerardin/sensit-sdk-v2.0.0/sdk/lib\libSENSIT_SDK_V2.0.0.a(modulation.o)
 *(.data*)
                0x200001e8                . = ALIGN (0x4)
 *fill*         0x200001e7        0x1 
                0x200001e8                _edata = .

.igot.plt       0x200001e8        0x0 load address 0x0800610c
 .igot.plt      0x200001e8        0x0 C:/Users/LENOVO/Documents/Reseaux_Ubiquitaire/hei-2019-2020-lab-sens-it-reinert-gerardin/sensit-sdk-v2.0.0/sdk/obj/error.o
                0x200001e8                . = ALIGN (0x4)

.bss            0x200001e8      0x5d0 load address 0x0800610c
                0x200001e8                _sbss = .
                0x200001e8                __bss_start__ = _sbss
 *(.bss)
 .bss           0x200001e8        0x1 C:/Users/LENOVO/Documents/Reseaux_Ubiquitaire/hei-2019-2020-lab-sens-it-reinert-gerardin/sensit-sdk-v2.0.0/sdk/obj/radio_api.o
 *fill*         0x200001e9        0x3 
 .bss           0x200001ec       0x50 C:/Users/LENOVO/Documents/Reseaux_Ubiquitaire/hei-2019-2020-lab-sens-it-reinert-gerardin/sensit-sdk-v2.0.0/sdk/obj/etsi.o
 .bss           0x2000023c       0x10 C:/Users/LENOVO/Documents/Reseaux_Ubiquitaire/hei-2019-2020-lab-sens-it-reinert-gerardin/sensit-sdk-v2.0.0/sdk/obj/fcc.o
 .bss           0x2000024c       0x10 C:/Users/LENOVO/Documents/Reseaux_Ubiquitaire/hei-2019-2020-lab-sens-it-reinert-gerardin/sensit-sdk-v2.0.0/sdk/obj/hts221.o
 .bss           0x2000025c       0xa8 C:/Users/LENOVO/Documents/Reseaux_Ubiquitaire/hei-2019-2020-lab-sens-it-reinert-gerardin/sensit-sdk-v2.0.0/sdk/lib\libSENSIT_SDK_V2.0.0.a(mcu_api.o)
 .bss           0x20000304       0x14 C:/Users/LENOVO/Documents/Reseaux_Ubiquitaire/hei-2019-2020-lab-sens-it-reinert-gerardin/sensit-sdk-v2.0.0/sdk/lib\libSENSIT_SDK_V2.0.0.a(nvmem_api.o)
 .bss           0x20000318        0x1 C:/Users/LENOVO/Documents/Reseaux_Ubiquitaire/hei-2019-2020-lab-sens-it-reinert-gerardin/sensit-sdk-v2.0.0/sdk/lib\libSENSIT_SDK_V2.0.0.a(radio.o)
 *fill*         0x20000319        0x3 
 .bss           0x2000031c        0xc C:/Users/LENOVO/Documents/Reseaux_Ubiquitaire/hei-2019-2020-lab-sens-it-reinert-gerardin/sensit-sdk-v2.0.0/sdk/lib\libSENSIT_SDK_V2.0.0.a(rtc.o)
                0x2000031c                rtc_current_time
                0x20000320                rtc_alarm_timer
                0x20000324                rx_timer
 .bss           0x20000328        0x1 C:/Users/LENOVO/Documents/Reseaux_Ubiquitaire/hei-2019-2020-lab-sens-it-reinert-gerardin/sensit-sdk-v2.0.0/sdk/lib\libSENSIT_SDK_V2.0.0.a(sigfox_api.o)
                0x20000328                g_state
 .bss           0x20000329        0x1 C:/Users/LENOVO/Documents/Reseaux_Ubiquitaire/hei-2019-2020-lab-sens-it-reinert-gerardin/sensit-sdk-v2.0.0/sdk/lib\libSENSIT_SDK_V2.0.0.a(sleep.o)
 .bss           0x2000032a      0x204 C:/Users/LENOVO/Documents/Reseaux_Ubiquitaire/hei-2019-2020-lab-sens-it-reinert-gerardin/sensit-sdk-v2.0.0/sdk/lib\libSENSIT_SDK_V2.0.0.a(uart.o)
 .bss           0x2000052e        0x1 C:/Users/LENOVO/Documents/Reseaux_Ubiquitaire/hei-2019-2020-lab-sens-it-reinert-gerardin/sensit-sdk-v2.0.0/sdk/lib\libSENSIT_SDK_V2.0.0.a(usbd_ctlreq.o)
 *fill*         0x2000052f        0x1 
 .bss           0x20000530        0x4 C:/Users/LENOVO/Documents/Reseaux_Ubiquitaire/hei-2019-2020-lab-sens-it-reinert-gerardin/sensit-sdk-v2.0.0/sdk/lib\libSENSIT_SDK_V2.0.0.a(adc.o)
 .bss           0x20000534        0xc C:/Users/LENOVO/Documents/Reseaux_Ubiquitaire/hei-2019-2020-lab-sens-it-reinert-gerardin/sensit-sdk-v2.0.0/sdk/lib\libSENSIT_SDK_V2.0.0.a(calib.o)
 .bss           0x20000540        0x1 C:/Users/LENOVO/Documents/Reseaux_Ubiquitaire/hei-2019-2020-lab-sens-it-reinert-gerardin/sensit-sdk-v2.0.0/sdk/lib\libSENSIT_SDK_V2.0.0.a(led.o)
 *fill*         0x20000541        0x3 
 .bss           0x20000544       0x1d C:/Users/LENOVO/Documents/Reseaux_Ubiquitaire/hei-2019-2020-lab-sens-it-reinert-gerardin/sensit-sdk-v2.0.0/sdk/lib\libSENSIT_SDK_V2.0.0.a(modulation.o)
 *(.bss*)
 *(COMMON)
 COMMON         0x20000561        0x1 C:/Users/LENOVO/Documents/Reseaux_Ubiquitaire/hei-2019-2020-lab-sens-it-reinert-gerardin/sensit-sdk-v2.0.0/sdk/obj/error.o
                0x20000561                pending_interrupt
 *fill*         0x20000562        0x2 
 COMMON         0x20000564        0x9 C:/Users/LENOVO/Documents/Reseaux_Ubiquitaire/hei-2019-2020-lab-sens-it-reinert-gerardin/sensit-sdk-v2.0.0/sdk/lib\libSENSIT_SDK_V2.0.0.a(mcu_api.o)
                0x20000564                sleep_end
                0x20000568                cs_timer
                0x2000056c                tx_end
 *fill*         0x2000056d        0x3 
 COMMON         0x20000570        0x4 C:/Users/LENOVO/Documents/Reseaux_Ubiquitaire/hei-2019-2020-lab-sens-it-reinert-gerardin/sensit-sdk-v2.0.0/sdk/lib\libSENSIT_SDK_V2.0.0.a(rtc.o)
                0x20000570                rtc_alarm_reload
 COMMON         0x20000574        0x4 C:/Users/LENOVO/Documents/Reseaux_Ubiquitaire/hei-2019-2020-lab-sens-it-reinert-gerardin/sensit-sdk-v2.0.0/sdk/lib\libSENSIT_SDK_V2.0.0.a(sigfox_api.o)
                0x20000574                rs
 COMMON         0x20000578      0x220 C:/Users/LENOVO/Documents/Reseaux_Ubiquitaire/hei-2019-2020-lab-sens-it-reinert-gerardin/sensit-sdk-v2.0.0/sdk/lib\libSENSIT_SDK_V2.0.0.a(usbd_conf.o)
                0x20000578                hpcd_USB_FS
 COMMON         0x20000798       0x20 C:/Users/LENOVO/Documents/Reseaux_Ubiquitaire/hei-2019-2020-lab-sens-it-reinert-gerardin/sensit-sdk-v2.0.0/sdk/lib\libSENSIT_SDK_V2.0.0.a(sigfox_hmac.o)
                0x20000798                aes_in
                0x200007b8                . = ALIGN (0x4)
                0x200007b8                _ebss = .
                0x200007b8                __bss_end__ = _ebss

._user_heap_stack
                0x200007b8      0x400 load address 0x0800610c
                0x200007b8                . = ALIGN (0x8)
                [!provide]                PROVIDE (end = .)
                [!provide]                PROVIDE (_end = .)
                0x200007b8                . = (. + _Min_Heap_Size)
                0x20000bb8                . = (. + _Min_Stack_Size)
 *fill*         0x200007b8      0x400 
                0x20000bb8                . = ALIGN (0x8)

/DISCARD/
 libc.a(*)
 libm.a(*)
 libgcc.a(*)

.ARM.attributes
                0x00000000       0x2a
 *(.ARM.attributes)
 .ARM.attributes
                0x00000000       0x2c C:/Users/LENOVO/Documents/Reseaux_Ubiquitaire/hei-2019-2020-lab-sens-it-reinert-gerardin/sensit-sdk-v2.0.0/sdk/obj/error.o
 .ARM.attributes
                0x0000002c       0x2c C:/Users/LENOVO/Documents/Reseaux_Ubiquitaire/hei-2019-2020-lab-sens-it-reinert-gerardin/sensit-sdk-v2.0.0/sdk/obj/button.o
 .ARM.attributes
                0x00000058       0x2c C:/Users/LENOVO/Documents/Reseaux_Ubiquitaire/hei-2019-2020-lab-sens-it-reinert-gerardin/sensit-sdk-v2.0.0/sdk/obj/battery.o
 .ARM.attributes
                0x00000084       0x2c C:/Users/LENOVO/Documents/Reseaux_Ubiquitaire/hei-2019-2020-lab-sens-it-reinert-gerardin/sensit-sdk-v2.0.0/sdk/obj/callback.o
 .ARM.attributes
                0x000000b0       0x2c C:/Users/LENOVO/Documents/Reseaux_Ubiquitaire/hei-2019-2020-lab-sens-it-reinert-gerardin/sensit-sdk-v2.0.0/sdk/obj/radio_api.o
 .ARM.attributes
                0x000000dc       0x2c C:/Users/LENOVO/Documents/Reseaux_Ubiquitaire/hei-2019-2020-lab-sens-it-reinert-gerardin/sensit-sdk-v2.0.0/sdk/obj/etsi.o
 .ARM.attributes
                0x00000108       0x2c C:/Users/LENOVO/Documents/Reseaux_Ubiquitaire/hei-2019-2020-lab-sens-it-reinert-gerardin/sensit-sdk-v2.0.0/sdk/obj/fcc.o
 .ARM.attributes
                0x00000134       0x2c C:/Users/LENOVO/Documents/Reseaux_Ubiquitaire/hei-2019-2020-lab-sens-it-reinert-gerardin/sensit-sdk-v2.0.0/sdk/obj/hts221.o
 .ARM.attributes
                0x00000160       0x2c C:/Users/LENOVO/Documents/Reseaux_Ubiquitaire/hei-2019-2020-lab-sens-it-reinert-gerardin/sensit-sdk-v2.0.0/sdk/obj/ltr329.o
 .ARM.attributes
                0x0000018c       0x2c C:/Users/LENOVO/Documents/Reseaux_Ubiquitaire/hei-2019-2020-lab-sens-it-reinert-gerardin/sensit-sdk-v2.0.0/sdk/obj/fxos8700.o
 .ARM.attributes
                0x000001b8       0x2c C:/Users/LENOVO/Documents/Reseaux_Ubiquitaire/hei-2019-2020-lab-sens-it-reinert-gerardin/sensit-sdk-v2.0.0/sdk/obj/main.o
 .ARM.attributes
                0x000001e4       0x31 C:/Users/LENOVO/Documents/Reseaux_Ubiquitaire/hei-2019-2020-lab-sens-it-reinert-gerardin/sensit-sdk-v2.0.0/sdk/lib\libSENSIT_SDK_V2.0.0.a(mcu_api.o)
 .ARM.attributes
                0x00000215       0x31 C:/Users/LENOVO/Documents/Reseaux_Ubiquitaire/hei-2019-2020-lab-sens-it-reinert-gerardin/sensit-sdk-v2.0.0/sdk/lib\libSENSIT_SDK_V2.0.0.a(nvmem_api.o)
 .ARM.attributes
                0x00000246       0x31 C:/Users/LENOVO/Documents/Reseaux_Ubiquitaire/hei-2019-2020-lab-sens-it-reinert-gerardin/sensit-sdk-v2.0.0/sdk/lib\libSENSIT_SDK_V2.0.0.a(radio.o)
 .ARM.attributes
                0x00000277       0x31 C:/Users/LENOVO/Documents/Reseaux_Ubiquitaire/hei-2019-2020-lab-sens-it-reinert-gerardin/sensit-sdk-v2.0.0/sdk/lib\libSENSIT_SDK_V2.0.0.a(rtc.o)
 .ARM.attributes
                0x000002a8       0x31 C:/Users/LENOVO/Documents/Reseaux_Ubiquitaire/hei-2019-2020-lab-sens-it-reinert-gerardin/sensit-sdk-v2.0.0/sdk/lib\libSENSIT_SDK_V2.0.0.a(sensit_api.o)
 .ARM.attributes
                0x000002d9       0x31 C:/Users/LENOVO/Documents/Reseaux_Ubiquitaire/hei-2019-2020-lab-sens-it-reinert-gerardin/sensit-sdk-v2.0.0/sdk/lib\libSENSIT_SDK_V2.0.0.a(sigfox_api.o)
 .ARM.attributes
                0x0000030a       0x31 C:/Users/LENOVO/Documents/Reseaux_Ubiquitaire/hei-2019-2020-lab-sens-it-reinert-gerardin/sensit-sdk-v2.0.0/sdk/lib\libSENSIT_SDK_V2.0.0.a(sigfox_internal.o)
 .ARM.attributes
                0x0000033b       0x31 C:/Users/LENOVO/Documents/Reseaux_Ubiquitaire/hei-2019-2020-lab-sens-it-reinert-gerardin/sensit-sdk-v2.0.0/sdk/lib\libSENSIT_SDK_V2.0.0.a(sigfox_pn.o)
 .ARM.attributes
                0x0000036c       0x31 C:/Users/LENOVO/Documents/Reseaux_Ubiquitaire/hei-2019-2020-lab-sens-it-reinert-gerardin/sensit-sdk-v2.0.0/sdk/lib\libSENSIT_SDK_V2.0.0.a(sigfox_scramb.o)
 .ARM.attributes
                0x0000039d       0x31 C:/Users/LENOVO/Documents/Reseaux_Ubiquitaire/hei-2019-2020-lab-sens-it-reinert-gerardin/sensit-sdk-v2.0.0/sdk/lib\libSENSIT_SDK_V2.0.0.a(sleep.o)
 .ARM.attributes
                0x000003ce       0x31 C:/Users/LENOVO/Documents/Reseaux_Ubiquitaire/hei-2019-2020-lab-sens-it-reinert-gerardin/sensit-sdk-v2.0.0/sdk/lib\libSENSIT_SDK_V2.0.0.a(spi.o)
 .ARM.attributes
                0x000003ff       0x21 C:/Users/LENOVO/Documents/Reseaux_Ubiquitaire/hei-2019-2020-lab-sens-it-reinert-gerardin/sensit-sdk-v2.0.0/sdk/lib\libSENSIT_SDK_V2.0.0.a(startup_stm32f042x6.o)
 .ARM.attributes
                0x00000420       0x31 C:/Users/LENOVO/Documents/Reseaux_Ubiquitaire/hei-2019-2020-lab-sens-it-reinert-gerardin/sensit-sdk-v2.0.0/sdk/lib\libSENSIT_SDK_V2.0.0.a(system_stm32f0xx.o)
 .ARM.attributes
                0x00000451       0x31 C:/Users/LENOVO/Documents/Reseaux_Ubiquitaire/hei-2019-2020-lab-sens-it-reinert-gerardin/sensit-sdk-v2.0.0/sdk/lib\libSENSIT_SDK_V2.0.0.a(systick.o)
 .ARM.attributes
                0x00000482       0x31 C:/Users/LENOVO/Documents/Reseaux_Ubiquitaire/hei-2019-2020-lab-sens-it-reinert-gerardin/sensit-sdk-v2.0.0/sdk/lib\libSENSIT_SDK_V2.0.0.a(uart.o)
 .ARM.attributes
                0x000004b3       0x31 C:/Users/LENOVO/Documents/Reseaux_Ubiquitaire/hei-2019-2020-lab-sens-it-reinert-gerardin/sensit-sdk-v2.0.0/sdk/lib\libSENSIT_SDK_V2.0.0.a(usbd_conf.o)
 .ARM.attributes
                0x000004e4       0x31 C:/Users/LENOVO/Documents/Reseaux_Ubiquitaire/hei-2019-2020-lab-sens-it-reinert-gerardin/sensit-sdk-v2.0.0/sdk/lib\libSENSIT_SDK_V2.0.0.a(usbd_core.o)
 .ARM.attributes
                0x00000515       0x31 C:/Users/LENOVO/Documents/Reseaux_Ubiquitaire/hei-2019-2020-lab-sens-it-reinert-gerardin/sensit-sdk-v2.0.0/sdk/lib\libSENSIT_SDK_V2.0.0.a(usbd_ctlreq.o)
 .ARM.attributes
                0x00000546       0x31 C:/Users/LENOVO/Documents/Reseaux_Ubiquitaire/hei-2019-2020-lab-sens-it-reinert-gerardin/sensit-sdk-v2.0.0/sdk/lib\libSENSIT_SDK_V2.0.0.a(usbd_ioreq.o)
 .ARM.attributes
                0x00000577       0x31 C:/Users/LENOVO/Documents/Reseaux_Ubiquitaire/hei-2019-2020-lab-sens-it-reinert-gerardin/sensit-sdk-v2.0.0/sdk/lib\libSENSIT_SDK_V2.0.0.a(watchdog.o)
 .ARM.attributes
                0x000005a8       0x31 C:/Users/LENOVO/Documents/Reseaux_Ubiquitaire/hei-2019-2020-lab-sens-it-reinert-gerardin/sensit-sdk-v2.0.0/sdk/lib\libSENSIT_SDK_V2.0.0.a(adc.o)
 .ARM.attributes
                0x000005d9       0x31 C:/Users/LENOVO/Documents/Reseaux_Ubiquitaire/hei-2019-2020-lab-sens-it-reinert-gerardin/sensit-sdk-v2.0.0/sdk/lib\libSENSIT_SDK_V2.0.0.a(aes.o)
 .ARM.attributes
                0x0000060a       0x31 C:/Users/LENOVO/Documents/Reseaux_Ubiquitaire/hei-2019-2020-lab-sens-it-reinert-gerardin/sensit-sdk-v2.0.0/sdk/lib\libSENSIT_SDK_V2.0.0.a(calib.o)
 .ARM.attributes
                0x0000063b       0x31 C:/Users/LENOVO/Documents/Reseaux_Ubiquitaire/hei-2019-2020-lab-sens-it-reinert-gerardin/sensit-sdk-v2.0.0/sdk/lib\libSENSIT_SDK_V2.0.0.a(cc1125.o)
 .ARM.attributes
                0x0000066c       0x31 C:/Users/LENOVO/Documents/Reseaux_Ubiquitaire/hei-2019-2020-lab-sens-it-reinert-gerardin/sensit-sdk-v2.0.0/sdk/lib\libSENSIT_SDK_V2.0.0.a(crc.o)
 .ARM.attributes
                0x0000069d       0x31 C:/Users/LENOVO/Documents/Reseaux_Ubiquitaire/hei-2019-2020-lab-sens-it-reinert-gerardin/sensit-sdk-v2.0.0/sdk/lib\libSENSIT_SDK_V2.0.0.a(flash.o)
 .ARM.attributes
                0x000006ce       0x31 C:/Users/LENOVO/Documents/Reseaux_Ubiquitaire/hei-2019-2020-lab-sens-it-reinert-gerardin/sensit-sdk-v2.0.0/sdk/lib\libSENSIT_SDK_V2.0.0.a(gpio.o)
 .ARM.attributes
                0x000006ff       0x31 C:/Users/LENOVO/Documents/Reseaux_Ubiquitaire/hei-2019-2020-lab-sens-it-reinert-gerardin/sensit-sdk-v2.0.0/sdk/lib\libSENSIT_SDK_V2.0.0.a(i2c.o)
 .ARM.attributes
                0x00000730       0x31 C:/Users/LENOVO/Documents/Reseaux_Ubiquitaire/hei-2019-2020-lab-sens-it-reinert-gerardin/sensit-sdk-v2.0.0/sdk/lib\libSENSIT_SDK_V2.0.0.a(led.o)
 .ARM.attributes
                0x00000761       0x31 C:/Users/LENOVO/Documents/Reseaux_Ubiquitaire/hei-2019-2020-lab-sens-it-reinert-gerardin/sensit-sdk-v2.0.0/sdk/lib\libSENSIT_SDK_V2.0.0.a(my_string.o)
 .ARM.attributes
                0x00000792       0x31 C:/Users/LENOVO/Documents/Reseaux_Ubiquitaire/hei-2019-2020-lab-sens-it-reinert-gerardin/sensit-sdk-v2.0.0/sdk/lib\libSENSIT_SDK_V2.0.0.a(rf_api.o)
 .ARM.attributes
                0x000007c3       0x31 C:/Users/LENOVO/Documents/Reseaux_Ubiquitaire/hei-2019-2020-lab-sens-it-reinert-gerardin/sensit-sdk-v2.0.0/sdk/lib\libSENSIT_SDK_V2.0.0.a(sigfox_crc.o)
 .ARM.attributes
                0x000007f4       0x31 C:/Users/LENOVO/Documents/Reseaux_Ubiquitaire/hei-2019-2020-lab-sens-it-reinert-gerardin/sensit-sdk-v2.0.0/sdk/lib\libSENSIT_SDK_V2.0.0.a(sigfox_decode.o)
 .ARM.attributes
                0x00000825       0x31 C:/Users/LENOVO/Documents/Reseaux_Ubiquitaire/hei-2019-2020-lab-sens-it-reinert-gerardin/sensit-sdk-v2.0.0/sdk/lib\libSENSIT_SDK_V2.0.0.a(sigfox_hmac.o)
 .ARM.attributes
                0x00000856       0x31 C:/Users/LENOVO/Documents/Reseaux_Ubiquitaire/hei-2019-2020-lab-sens-it-reinert-gerardin/sensit-sdk-v2.0.0/sdk/lib\libSENSIT_SDK_V2.0.0.a(stm32f0xx_hal_pcd.o)
 .ARM.attributes
                0x00000887       0x31 C:/Users/LENOVO/Documents/Reseaux_Ubiquitaire/hei-2019-2020-lab-sens-it-reinert-gerardin/sensit-sdk-v2.0.0/sdk/lib\libSENSIT_SDK_V2.0.0.a(modulation.o)
OUTPUT(C:/Users/LENOVO/Documents/Reseaux_Ubiquitaire/hei-2019-2020-lab-sens-it-reinert-gerardin/sensit-sdk-v2.0.0/sdk/bin/sensit.elf elf32-littlearm)

.debug_info     0x00000000     0x246e
 .debug_info    0x00000000      0x3f1 C:/Users/LENOVO/Documents/Reseaux_Ubiquitaire/hei-2019-2020-lab-sens-it-reinert-gerardin/sensit-sdk-v2.0.0/sdk/obj/error.o
 .debug_info    0x000003f1      0x206 C:/Users/LENOVO/Documents/Reseaux_Ubiquitaire/hei-2019-2020-lab-sens-it-reinert-gerardin/sensit-sdk-v2.0.0/sdk/obj/button.o
 .debug_info    0x000005f7      0x323 C:/Users/LENOVO/Documents/Reseaux_Ubiquitaire/hei-2019-2020-lab-sens-it-reinert-gerardin/sensit-sdk-v2.0.0/sdk/obj/battery.o
 .debug_info    0x0000091a       0x97 C:/Users/LENOVO/Documents/Reseaux_Ubiquitaire/hei-2019-2020-lab-sens-it-reinert-gerardin/sensit-sdk-v2.0.0/sdk/obj/callback.o
 .debug_info    0x000009b1      0x4f5 C:/Users/LENOVO/Documents/Reseaux_Ubiquitaire/hei-2019-2020-lab-sens-it-reinert-gerardin/sensit-sdk-v2.0.0/sdk/obj/radio_api.o
 .debug_info    0x00000ea6      0x1a1 C:/Users/LENOVO/Documents/Reseaux_Ubiquitaire/hei-2019-2020-lab-sens-it-reinert-gerardin/sensit-sdk-v2.0.0/sdk/obj/etsi.o
 .debug_info    0x00001047      0x194 C:/Users/LENOVO/Documents/Reseaux_Ubiquitaire/hei-2019-2020-lab-sens-it-reinert-gerardin/sensit-sdk-v2.0.0/sdk/obj/fcc.o
 .debug_info    0x000011db      0x38f C:/Users/LENOVO/Documents/Reseaux_Ubiquitaire/hei-2019-2020-lab-sens-it-reinert-gerardin/sensit-sdk-v2.0.0/sdk/obj/hts221.o
 .debug_info    0x0000156a      0x399 C:/Users/LENOVO/Documents/Reseaux_Ubiquitaire/hei-2019-2020-lab-sens-it-reinert-gerardin/sensit-sdk-v2.0.0/sdk/obj/ltr329.o
 .debug_info    0x00001903      0x553 C:/Users/LENOVO/Documents/Reseaux_Ubiquitaire/hei-2019-2020-lab-sens-it-reinert-gerardin/sensit-sdk-v2.0.0/sdk/obj/fxos8700.o
 .debug_info    0x00001e56      0x618 C:/Users/LENOVO/Documents/Reseaux_Ubiquitaire/hei-2019-2020-lab-sens-it-reinert-gerardin/sensit-sdk-v2.0.0/sdk/obj/main.o

.debug_abbrev   0x00000000      0xec1
 .debug_abbrev  0x00000000      0x154 C:/Users/LENOVO/Documents/Reseaux_Ubiquitaire/hei-2019-2020-lab-sens-it-reinert-gerardin/sensit-sdk-v2.0.0/sdk/obj/error.o
 .debug_abbrev  0x00000154      0x125 C:/Users/LENOVO/Documents/Reseaux_Ubiquitaire/hei-2019-2020-lab-sens-it-reinert-gerardin/sensit-sdk-v2.0.0/sdk/obj/button.o
 .debug_abbrev  0x00000279      0x19e C:/Users/LENOVO/Documents/Reseaux_Ubiquitaire/hei-2019-2020-lab-sens-it-reinert-gerardin/sensit-sdk-v2.0.0/sdk/obj/battery.o
 .debug_abbrev  0x00000417       0x68 C:/Users/LENOVO/Documents/Reseaux_Ubiquitaire/hei-2019-2020-lab-sens-it-reinert-gerardin/sensit-sdk-v2.0.0/sdk/obj/callback.o
 .debug_abbrev  0x0000047f      0x1b3 C:/Users/LENOVO/Documents/Reseaux_Ubiquitaire/hei-2019-2020-lab-sens-it-reinert-gerardin/sensit-sdk-v2.0.0/sdk/obj/radio_api.o
 .debug_abbrev  0x00000632      0x142 C:/Users/LENOVO/Documents/Reseaux_Ubiquitaire/hei-2019-2020-lab-sens-it-reinert-gerardin/sensit-sdk-v2.0.0/sdk/obj/etsi.o
 .debug_abbrev  0x00000774      0x131 C:/Users/LENOVO/Documents/Reseaux_Ubiquitaire/hei-2019-2020-lab-sens-it-reinert-gerardin/sensit-sdk-v2.0.0/sdk/obj/fcc.o
 .debug_abbrev  0x000008a5      0x158 C:/Users/LENOVO/Documents/Reseaux_Ubiquitaire/hei-2019-2020-lab-sens-it-reinert-gerardin/sensit-sdk-v2.0.0/sdk/obj/hts221.o
 .debug_abbrev  0x000009fd      0x156 C:/Users/LENOVO/Documents/Reseaux_Ubiquitaire/hei-2019-2020-lab-sens-it-reinert-gerardin/sensit-sdk-v2.0.0/sdk/obj/ltr329.o
 .debug_abbrev  0x00000b53      0x182 C:/Users/LENOVO/Documents/Reseaux_Ubiquitaire/hei-2019-2020-lab-sens-it-reinert-gerardin/sensit-sdk-v2.0.0/sdk/obj/fxos8700.o
 .debug_abbrev  0x00000cd5      0x1ec C:/Users/LENOVO/Documents/Reseaux_Ubiquitaire/hei-2019-2020-lab-sens-it-reinert-gerardin/sensit-sdk-v2.0.0/sdk/obj/main.o

.debug_loc      0x00000000      0xcd2
 .debug_loc     0x00000000      0x112 C:/Users/LENOVO/Documents/Reseaux_Ubiquitaire/hei-2019-2020-lab-sens-it-reinert-gerardin/sensit-sdk-v2.0.0/sdk/obj/error.o
 .debug_loc     0x00000112       0xb8 C:/Users/LENOVO/Documents/Reseaux_Ubiquitaire/hei-2019-2020-lab-sens-it-reinert-gerardin/sensit-sdk-v2.0.0/sdk/obj/button.o
 .debug_loc     0x000001ca       0x8a C:/Users/LENOVO/Documents/Reseaux_Ubiquitaire/hei-2019-2020-lab-sens-it-reinert-gerardin/sensit-sdk-v2.0.0/sdk/obj/battery.o
 .debug_loc     0x00000254      0x191 C:/Users/LENOVO/Documents/Reseaux_Ubiquitaire/hei-2019-2020-lab-sens-it-reinert-gerardin/sensit-sdk-v2.0.0/sdk/obj/radio_api.o
 .debug_loc     0x000003e5       0xd8 C:/Users/LENOVO/Documents/Reseaux_Ubiquitaire/hei-2019-2020-lab-sens-it-reinert-gerardin/sensit-sdk-v2.0.0/sdk/obj/etsi.o
 .debug_loc     0x000004bd       0xc6 C:/Users/LENOVO/Documents/Reseaux_Ubiquitaire/hei-2019-2020-lab-sens-it-reinert-gerardin/sensit-sdk-v2.0.0/sdk/obj/fcc.o
 .debug_loc     0x00000583      0x28c C:/Users/LENOVO/Documents/Reseaux_Ubiquitaire/hei-2019-2020-lab-sens-it-reinert-gerardin/sensit-sdk-v2.0.0/sdk/obj/hts221.o
 .debug_loc     0x0000080f      0x19d C:/Users/LENOVO/Documents/Reseaux_Ubiquitaire/hei-2019-2020-lab-sens-it-reinert-gerardin/sensit-sdk-v2.0.0/sdk/obj/ltr329.o
 .debug_loc     0x000009ac      0x289 C:/Users/LENOVO/Documents/Reseaux_Ubiquitaire/hei-2019-2020-lab-sens-it-reinert-gerardin/sensit-sdk-v2.0.0/sdk/obj/fxos8700.o
 .debug_loc     0x00000c35       0x9d C:/Users/LENOVO/Documents/Reseaux_Ubiquitaire/hei-2019-2020-lab-sens-it-reinert-gerardin/sensit-sdk-v2.0.0/sdk/obj/main.o

.debug_aranges  0x00000000      0x1b8
 .debug_aranges
                0x00000000       0x28 C:/Users/LENOVO/Documents/Reseaux_Ubiquitaire/hei-2019-2020-lab-sens-it-reinert-gerardin/sensit-sdk-v2.0.0/sdk/obj/error.o
 .debug_aranges
                0x00000028       0x20 C:/Users/LENOVO/Documents/Reseaux_Ubiquitaire/hei-2019-2020-lab-sens-it-reinert-gerardin/sensit-sdk-v2.0.0/sdk/obj/button.o
 .debug_aranges
                0x00000048       0x20 C:/Users/LENOVO/Documents/Reseaux_Ubiquitaire/hei-2019-2020-lab-sens-it-reinert-gerardin/sensit-sdk-v2.0.0/sdk/obj/battery.o
 .debug_aranges
                0x00000068       0x20 C:/Users/LENOVO/Documents/Reseaux_Ubiquitaire/hei-2019-2020-lab-sens-it-reinert-gerardin/sensit-sdk-v2.0.0/sdk/obj/callback.o
 .debug_aranges
                0x00000088       0x28 C:/Users/LENOVO/Documents/Reseaux_Ubiquitaire/hei-2019-2020-lab-sens-it-reinert-gerardin/sensit-sdk-v2.0.0/sdk/obj/radio_api.o
 .debug_aranges
                0x000000b0       0x20 C:/Users/LENOVO/Documents/Reseaux_Ubiquitaire/hei-2019-2020-lab-sens-it-reinert-gerardin/sensit-sdk-v2.0.0/sdk/obj/etsi.o
 .debug_aranges
                0x000000d0       0x20 C:/Users/LENOVO/Documents/Reseaux_Ubiquitaire/hei-2019-2020-lab-sens-it-reinert-gerardin/sensit-sdk-v2.0.0/sdk/obj/fcc.o
 .debug_aranges
                0x000000f0       0x28 C:/Users/LENOVO/Documents/Reseaux_Ubiquitaire/hei-2019-2020-lab-sens-it-reinert-gerardin/sensit-sdk-v2.0.0/sdk/obj/hts221.o
 .debug_aranges
                0x00000118       0x38 C:/Users/LENOVO/Documents/Reseaux_Ubiquitaire/hei-2019-2020-lab-sens-it-reinert-gerardin/sensit-sdk-v2.0.0/sdk/obj/ltr329.o
 .debug_aranges
                0x00000150       0x48 C:/Users/LENOVO/Documents/Reseaux_Ubiquitaire/hei-2019-2020-lab-sens-it-reinert-gerardin/sensit-sdk-v2.0.0/sdk/obj/fxos8700.o
 .debug_aranges
                0x00000198       0x20 C:/Users/LENOVO/Documents/Reseaux_Ubiquitaire/hei-2019-2020-lab-sens-it-reinert-gerardin/sensit-sdk-v2.0.0/sdk/obj/main.o

.debug_ranges   0x00000000      0x108
 .debug_ranges  0x00000000       0x18 C:/Users/LENOVO/Documents/Reseaux_Ubiquitaire/hei-2019-2020-lab-sens-it-reinert-gerardin/sensit-sdk-v2.0.0/sdk/obj/error.o
 .debug_ranges  0x00000018       0x10 C:/Users/LENOVO/Documents/Reseaux_Ubiquitaire/hei-2019-2020-lab-sens-it-reinert-gerardin/sensit-sdk-v2.0.0/sdk/obj/button.o
 .debug_ranges  0x00000028       0x10 C:/Users/LENOVO/Documents/Reseaux_Ubiquitaire/hei-2019-2020-lab-sens-it-reinert-gerardin/sensit-sdk-v2.0.0/sdk/obj/battery.o
 .debug_ranges  0x00000038       0x10 C:/Users/LENOVO/Documents/Reseaux_Ubiquitaire/hei-2019-2020-lab-sens-it-reinert-gerardin/sensit-sdk-v2.0.0/sdk/obj/callback.o
 .debug_ranges  0x00000048       0x18 C:/Users/LENOVO/Documents/Reseaux_Ubiquitaire/hei-2019-2020-lab-sens-it-reinert-gerardin/sensit-sdk-v2.0.0/sdk/obj/radio_api.o
 .debug_ranges  0x00000060       0x10 C:/Users/LENOVO/Documents/Reseaux_Ubiquitaire/hei-2019-2020-lab-sens-it-reinert-gerardin/sensit-sdk-v2.0.0/sdk/obj/etsi.o
 .debug_ranges  0x00000070       0x10 C:/Users/LENOVO/Documents/Reseaux_Ubiquitaire/hei-2019-2020-lab-sens-it-reinert-gerardin/sensit-sdk-v2.0.0/sdk/obj/fcc.o
 .debug_ranges  0x00000080       0x18 C:/Users/LENOVO/Documents/Reseaux_Ubiquitaire/hei-2019-2020-lab-sens-it-reinert-gerardin/sensit-sdk-v2.0.0/sdk/obj/hts221.o
 .debug_ranges  0x00000098       0x28 C:/Users/LENOVO/Documents/Reseaux_Ubiquitaire/hei-2019-2020-lab-sens-it-reinert-gerardin/sensit-sdk-v2.0.0/sdk/obj/ltr329.o
 .debug_ranges  0x000000c0       0x38 C:/Users/LENOVO/Documents/Reseaux_Ubiquitaire/hei-2019-2020-lab-sens-it-reinert-gerardin/sensit-sdk-v2.0.0/sdk/obj/fxos8700.o
 .debug_ranges  0x000000f8       0x10 C:/Users/LENOVO/Documents/Reseaux_Ubiquitaire/hei-2019-2020-lab-sens-it-reinert-gerardin/sensit-sdk-v2.0.0/sdk/obj/main.o

.debug_line     0x00000000     0x1317
 .debug_line    0x00000000      0x1c4 C:/Users/LENOVO/Documents/Reseaux_Ubiquitaire/hei-2019-2020-lab-sens-it-reinert-gerardin/sensit-sdk-v2.0.0/sdk/obj/error.o
 .debug_line    0x000001c4      0x107 C:/Users/LENOVO/Documents/Reseaux_Ubiquitaire/hei-2019-2020-lab-sens-it-reinert-gerardin/sensit-sdk-v2.0.0/sdk/obj/button.o
 .debug_line    0x000002cb      0x10e C:/Users/LENOVO/Documents/Reseaux_Ubiquitaire/hei-2019-2020-lab-sens-it-reinert-gerardin/sensit-sdk-v2.0.0/sdk/obj/battery.o
 .debug_line    0x000003d9       0x66 C:/Users/LENOVO/Documents/Reseaux_Ubiquitaire/hei-2019-2020-lab-sens-it-reinert-gerardin/sensit-sdk-v2.0.0/sdk/obj/callback.o
 .debug_line    0x0000043f      0x1b0 C:/Users/LENOVO/Documents/Reseaux_Ubiquitaire/hei-2019-2020-lab-sens-it-reinert-gerardin/sensit-sdk-v2.0.0/sdk/obj/radio_api.o
 .debug_line    0x000005ef      0x117 C:/Users/LENOVO/Documents/Reseaux_Ubiquitaire/hei-2019-2020-lab-sens-it-reinert-gerardin/sensit-sdk-v2.0.0/sdk/obj/etsi.o