Archive member included to satisfy reference by file (symbol)

C:/Users/LENOVO/Documents/Reseaux_Ubiquitaire/hei-2019-2020-lab-sens-it-reinert-gerardin/sensit-sdk-v2.0.0/sdk/lib\libSENSIT_SDK_V2.0.0.a(addon_sigfox_verified_api.o)
                              C:/Users/LENOVO/Documents/Reseaux_Ubiquitaire/hei-2019-2020-lab-sens-it-reinert-gerardin/sensit-sdk-v2.0.0/sdk/obj/AT_functions.o (ADDON_SIGFOX_VERIFIED_API_get_version)
C:/Users/LENOVO/Documents/Reseaux_Ubiquitaire/hei-2019-2020-lab-sens-it-reinert-gerardin/sensit-sdk-v2.0.0/sdk/lib\libSENSIT_SDK_V2.0.0.a(mcu_api.o)
                              C:/Users/LENOVO/Documents/Reseaux_Ubiquitaire/hei-2019-2020-lab-sens-it-reinert-gerardin/sensit-sdk-v2.0.0/sdk/lib\libSENSIT_SDK_V2.0.0.a(addon_sigfox_verified_api.o) (MCU_API_timer_start)
C:/Users/LENOVO/Documents/Reseaux_Ubiquitaire/hei-2019-2020-lab-sens-it-reinert-gerardin/sensit-sdk-v2.0.0/sdk/lib\libSENSIT_SDK_V2.0.0.a(nvmem_api.o)
                              C:/Users/LENOVO/Documents/Reseaux_Ubiquitaire/hei-2019-2020-lab-sens-it-reinert-gerardin/sensit-sdk-v2.0.0/sdk/lib\libSENSIT_SDK_V2.0.0.a(mcu_api.o) (NVMEM_API_get_device_id)
C:/Users/LENOVO/Documents/Reseaux_Ubiquitaire/hei-2019-2020-lab-sens-it-reinert-gerardin/sensit-sdk-v2.0.0/sdk/lib\libSENSIT_SDK_V2.0.0.a(radio.o)
                              C:/Users/LENOVO/Documents/Reseaux_Ubiquitaire/hei-2019-2020-lab-sens-it-reinert-gerardin/sensit-sdk-v2.0.0/sdk/lib\libSENSIT_SDK_V2.0.0.a(mcu_api.o) (RADIO_is_600bps)
C:/Users/LENOVO/Documents/Reseaux_Ubiquitaire/hei-2019-2020-lab-sens-it-reinert-gerardin/sensit-sdk-v2.0.0/sdk/lib\libSENSIT_SDK_V2.0.0.a(rtc.o)
                              C:/Users/LENOVO/Documents/Reseaux_Ubiquitaire/hei-2019-2020-lab-sens-it-reinert-gerardin/sensit-sdk-v2.0.0/sdk/lib\libSENSIT_SDK_V2.0.0.a(mcu_api.o) (RTC_set_rx_timer)
C:/Users/LENOVO/Documents/Reseaux_Ubiquitaire/hei-2019-2020-lab-sens-it-reinert-gerardin/sensit-sdk-v2.0.0/sdk/lib\libSENSIT_SDK_V2.0.0.a(sensit_api.o)
                              C:/Users/LENOVO/Documents/Reseaux_Ubiquitaire/hei-2019-2020-lab-sens-it-reinert-gerardin/sensit-sdk-v2.0.0/sdk/obj/AT_functions.o (SENSIT_API_get_sdk_version)
C:/Users/LENOVO/Documents/Reseaux_Ubiquitaire/hei-2019-2020-lab-sens-it-reinert-gerardin/sensit-sdk-v2.0.0/sdk/lib\libSENSIT_SDK_V2.0.0.a(sigfox_api.o)
                              C:/Users/LENOVO/Documents/Reseaux_Ubiquitaire/hei-2019-2020-lab-sens-it-reinert-gerardin/sensit-sdk-v2.0.0/sdk/obj/radio_api.o (SIGFOX_API_open)
C:/Users/LENOVO/Documents/Reseaux_Ubiquitaire/hei-2019-2020-lab-sens-it-reinert-gerardin/sensit-sdk-v2.0.0/sdk/lib\libSENSIT_SDK_V2.0.0.a(sigfox_internal.o)
                              C:/Users/LENOVO/Documents/Reseaux_Ubiquitaire/hei-2019-2020-lab-sens-it-reinert-gerardin/sensit-sdk-v2.0.0/sdk/lib\libSENSIT_SDK_V2.0.0.a(sigfox_api.o) (SIGFOX_INT_get_max_micro_channel)
C:/Users/LENOVO/Documents/Reseaux_Ubiquitaire/hei-2019-2020-lab-sens-it-reinert-gerardin/sensit-sdk-v2.0.0/sdk/lib\libSENSIT_SDK_V2.0.0.a(sigfox_pn.o)
                              C:/Users/LENOVO/Documents/Reseaux_Ubiquitaire/hei-2019-2020-lab-sens-it-reinert-gerardin/sensit-sdk-v2.0.0/sdk/lib\libSENSIT_SDK_V2.0.0.a(sigfox_internal.o) (SIGFOX_PN_next_pn)
C:/Users/LENOVO/Documents/Reseaux_Ubiquitaire/hei-2019-2020-lab-sens-it-reinert-gerardin/sensit-sdk-v2.0.0/sdk/lib\libSENSIT_SDK_V2.0.0.a(sigfox_scramb.o)
                              C:/Users/LENOVO/Documents/Reseaux_Ubiquitaire/hei-2019-2020-lab-sens-it-reinert-gerardin/sensit-sdk-v2.0.0/sdk/lib\libSENSIT_SDK_V2.0.0.a(sigfox_internal.o) (SIGFOX_SCRAMB_compute)
C:/Users/LENOVO/Documents/Reseaux_Ubiquitaire/hei-2019-2020-lab-sens-it-reinert-gerardin/sensit-sdk-v2.0.0/sdk/lib\libSENSIT_SDK_V2.0.0.a(sleep.o)
                              C:/Users/LENOVO/Documents/Reseaux_Ubiquitaire/hei-2019-2020-lab-sens-it-reinert-gerardin/sensit-sdk-v2.0.0/sdk/lib\libSENSIT_SDK_V2.0.0.a(rtc.o) (SLEEP_handler)
C:/Users/LENOVO/Documents/Reseaux_Ubiquitaire/hei-2019-2020-lab-sens-it-reinert-gerardin/sensit-sdk-v2.0.0/sdk/lib\libSENSIT_SDK_V2.0.0.a(spi.o)
                              C:/Users/LENOVO/Documents/Reseaux_Ubiquitaire/hei-2019-2020-lab-sens-it-reinert-gerardin/sensit-sdk-v2.0.0/sdk/lib\libSENSIT_SDK_V2.0.0.a(sensit_api.o) (SPI_init)
C:/Users/LENOVO/Documents/Reseaux_Ubiquitaire/hei-2019-2020-lab-sens-it-reinert-gerardin/sensit-sdk-v2.0.0/sdk/lib\libSENSIT_SDK_V2.0.0.a(startup_stm32f042x6.o)
                              (Reset_Handler)
C:/Users/LENOVO/Documents/Reseaux_Ubiquitaire/hei-2019-2020-lab-sens-it-reinert-gerardin/sensit-sdk-v2.0.0/sdk/lib\libSENSIT_SDK_V2.0.0.a(system_stm32f0xx.o)
                              C:/Users/LENOVO/Documents/Reseaux_Ubiquitaire/hei-2019-2020-lab-sens-it-reinert-gerardin/sensit-sdk-v2.0.0/sdk/lib\libSENSIT_SDK_V2.0.0.a(startup_stm32f042x6.o) (SystemInit)
[...]
Memory Configuration

Name             Origin             Length             Attributes
RAM              0x20000000         0x00001800         xrw
ROM              0x08000000         0x00007400         xr
*default*        0x00000000         0xffffffff

Linker script and memory map

LOAD C:/Users/LENOVO/Documents/Reseaux_Ubiquitaire/hei-2019-2020-lab-sens-it-reinert-gerardin/sensit-sdk-v2.0.0/sdk/obj/error.o
LOAD C:/Users/LENOVO/Documents/Reseaux_Ubiquitaire/hei-2019-2020-lab-sens-it-reinert-gerardin/sensit-sdk-v2.0.0/sdk/obj/button.o
LOAD C:/Users/LENOVO/Documents/Reseaux_Ubiquitaire/hei-2019-2020-lab-sens-it-reinert-gerardin/sensit-sdk-v2.0.0/sdk/obj/battery.o
LOAD C:/Users/LENOVO/Documents/Reseaux_Ubiquitaire/hei-2019-2020-lab-sens-it-reinert-gerardin/sensit-sdk-v2.0.0/sdk/obj/callback.o
LOAD C:/Users/LENOVO/Documents/Reseaux_Ubiquitaire/hei-2019-2020-lab-sens-it-reinert-gerardin/sensit-sdk-v2.0.0/sdk/obj/serial.o
LOAD C:/Users/LENOVO/Documents/Reseaux_Ubiquitaire/hei-2019-2020-lab-sens-it-reinert-gerardin/sensit-sdk-v2.0.0/sdk/obj/radio_api.o
LOAD C:/Users/LENOVO/Documents/Reseaux_Ubiquitaire/hei-2019-2020-lab-sens-it-reinert-gerardin/sensit-sdk-v2.0.0/sdk/obj/etsi.o
LOAD C:/Users/LENOVO/Documents/Reseaux_Ubiquitaire/hei-2019-2020-lab-sens-it-reinert-gerardin/sensit-sdk-v2.0.0/sdk/obj/fcc.o
LOAD C:/Users/LENOVO/Documents/Reseaux_Ubiquitaire/hei-2019-2020-lab-sens-it-reinert-gerardin/sensit-sdk-v2.0.0/sdk/obj/hts221.o
LOAD C:/Users/LENOVO/Documents/Reseaux_Ubiquitaire/hei-2019-2020-lab-sens-it-reinert-gerardin/sensit-sdk-v2.0.0/sdk/obj/ltr329.o
LOAD C:/Users/LENOVO/Documents/Reseaux_Ubiquitaire/hei-2019-2020-lab-sens-it-reinert-gerardin/sensit-sdk-v2.0.0/sdk/obj/fxos8700.o
LOAD C:/Users/LENOVO/Documents/Reseaux_Ubiquitaire/hei-2019-2020-lab-sens-it-reinert-gerardin/sensit-sdk-v2.0.0/sdk/obj/AT_parser.o
LOAD C:/Users/LENOVO/Documents/Reseaux_Ubiquitaire/hei-2019-2020-lab-sens-it-reinert-gerardin/sensit-sdk-v2.0.0/sdk/obj/AT_functions.o
LOAD C:/Users/LENOVO/Documents/Reseaux_Ubiquitaire/hei-2019-2020-lab-sens-it-reinert-gerardin/sensit-sdk-v2.0.0/sdk/obj/discovery.o
LOAD C:/Users/LENOVO/Documents/Reseaux_Ubiquitaire/hei-2019-2020-lab-sens-it-reinert-gerardin/sensit-sdk-v2.0.0/sdk/obj/main.o
LOAD C:/Users/LENOVO/Documents/Reseaux_Ubiquitaire/hei-2019-2020-lab-sens-it-reinert-gerardin/sensit-sdk-v2.0.0/sdk/lib\libSENSIT_SDK_V2.0.0.a
                0x20001800                _estack = 0x20001800
                0x00000000                _Min_Heap_Size = 0x0
                0x00000400                _Min_Stack_Size = 0x400

.isr_vector     0x08000000       0xc0
                0x08000000                . = ALIGN (0x4)
 *(.isr_vector)
 .isr_vector    0x08000000       0xc0 C:/Users/LENOVO/Documents/Reseaux_Ubiquitaire/hei-2019-2020-lab-sens-it-reinert-gerardin/sensit-sdk-v2.0.0/sdk/lib\libSENSIT_SDK_V2.0.0.a(startup_stm32f042x6.o)
                0x08000000                g_pfnVectors
                0x080000c0                . = ALIGN (0x4)

.text           0x080000c0     0x5b8c
                0x080000c0                . = ALIGN (0x4)
 *(.text)
 .text          0x080000c0       0x14 c:/program files (x86)/gnu tools arm embedded/8 2019-q3-update/bin/../lib/gcc/arm-none-eabi/8.3.1/thumb/v6-m/nofp\libgcc.a(_thumb1_case_uqi.o)
                0x080000c0                __gnu_thumb1_case_uqi
 .text          0x080000d4       0x14 c:/program files (x86)/gnu tools arm embedded/8 2019-q3-update/bin/../lib/gcc/arm-none-eabi/8.3.1/thumb/v6-m/nofp\libgcc.a(_thumb1_case_uhi.o)
                0x080000d4                __gnu_thumb1_case_uhi
 .text          0x080000e8      0x114 c:/program files (x86)/gnu tools arm embedded/8 2019-q3-update/bin/../lib/gcc/arm-none-eabi/8.3.1/thumb/v6-m/nofp\libgcc.a(_udivsi3.o)
                0x080000e8                __aeabi_uidiv
                0x080000e8                __udivsi3
                0x080001f4                __aeabi_uidivmod
 .text          0x080001fc      0x1d4 c:/program files (x86)/gnu tools arm embedded/8 2019-q3-update/bin/../lib/gcc/arm-none-eabi/8.3.1/thumb/v6-m/nofp\libgcc.a(_divsi3.o)
                0x080001fc                __divsi3
                0x080001fc                __aeabi_idiv
                0x080003c8                __aeabi_idivmod
 .text          0x080003d0        0x4 c:/program files (x86)/gnu tools arm embedded/8 2019-q3-update/bin/../lib/gcc/arm-none-eabi/8.3.1/thumb/v6-m/nofp\libgcc.a(_dvmd_tls.o)
                0x080003d0                __aeabi_idiv0
                0x080003d0                __aeabi_ldiv0
 .text          0x080003d4       0x30 c:/program files (x86)/gnu tools arm embedded/8 2019-q3-update/bin/../lib/gcc/arm-none-eabi/8.3.1/thumb/v6-m/nofp\libgcc.a(_fixunssfsi.o)
                0x080003d4                __fixunssfsi
                0x080003d4                __aeabi_f2uiz
 .text          0x08000404      0x230 c:/program files (x86)/gnu tools arm embedded/8 2019-q3-update/bin/../lib/gcc/arm-none-eabi/8.3.1/thumb/v6-m/nofp\libgcc.a(divsf3.o)
                0x08000404                __aeabi_fdiv
 .text          0x08000634      0x22c c:/program files (x86)/gnu tools arm embedded/8 2019-q3-update/bin/../lib/gcc/arm-none-eabi/8.3.1/thumb/v6-m/nofp\libgcc.a(mulsf3.o)
                0x08000634                __aeabi_fmul
 .text          0x08000860      0x348 c:/program files (x86)/gnu tools arm embedded/8 2019-q3-update/bin/../lib/gcc/arm-none-eabi/8.3.1/thumb/v6-m/nofp\libgcc.a(subsf3.o)
                0x08000860                __aeabi_fsub
 .text          0x08000ba8       0x40 c:/program files (x86)/gnu tools arm embedded/8 2019-q3-update/bin/../lib/gcc/arm-none-eabi/8.3.1/thumb/v6-m/nofp\libgcc.a(fixsfsi.o)
                0x08000ba8                __aeabi_f2iz
 .text          0x08000be8       0x80 c:/program files (x86)/gnu tools arm embedded/8 2019-q3-update/bin/../lib/gcc/arm-none-eabi/8.3.1/thumb/v6-m/nofp\libgcc.a(floatunsisf.o)
                0x08000be8                __aeabi_ui2f
 .text          0x08000c68       0x74 c:/program files (x86)/gnu tools arm embedded/8 2019-q3-update/bin/../lib/gcc/arm-none-eabi/8.3.1/thumb/v6-m/nofp\libgcc.a(_arm_cmpsf2.o)
                0x08000c68                __aeabi_cfrcmple
                0x08000c70                __aeabi_cfcmpeq
                0x08000c70                __aeabi_cfcmple
                0x08000c80                __aeabi_fcmpeq
                0x08000c8c                __aeabi_fcmplt
                0x08000ca0                __aeabi_fcmple
                0x08000cb4                __aeabi_fcmpgt
                0x08000cc8                __aeabi_fcmpge
 .text          0x08000cdc       0x3c c:/program files (x86)/gnu tools arm embedded/8 2019-q3-update/bin/../lib/gcc/arm-none-eabi/8.3.1/thumb/v6-m/nofp\libgcc.a(_clzsi2.o)
                0x08000cdc                __clzsi2
 .text          0x08000d18       0x50 c:/program files (x86)/gnu tools arm embedded/8 2019-q3-update/bin/../lib/gcc/arm-none-eabi/8.3.1/thumb/v6-m/nofp\libgcc.a(eqsf2.o)
                0x08000d18                __eqsf2
                0x08000d18                __nesf2
 .text          0x08000d68       0x98 c:/program files (x86)/gnu tools arm embedded/8 2019-q3-update/bin/../lib/gcc/arm-none-eabi/8.3.1/thumb/v6-m/nofp\libgcc.a(gesf2.o)
                0x08000d68                __gesf2
                0x08000d68                __gtsf2
 .text          0x08000e00       0x94 c:/program files (x86)/gnu tools arm embedded/8 2019-q3-update/bin/../lib/gcc/arm-none-eabi/8.3.1/thumb/v6-m/nofp\libgcc.a(lesf2.o)
                0x08000e00                __ltsf2
                0x08000e00                __lesf2
 *(.text*)
 .text.ERROR_loop
                0x08000e94       0x42 C:/Users/LENOVO/Documents/Reseaux_Ubiquitaire/hei-2019-2020-lab-sens-it-reinert-gerardin/sensit-sdk-v2.0.0/sdk/obj/error.o
 .text.ERROR_parser
                0x08000ed6       0xc8 C:/Users/LENOVO/Documents/Reseaux_Ubiquitaire/hei-2019-2020-lab-sens-it-reinert-gerardin/sensit-sdk-v2.0.0/sdk/obj/error.o
                0x08000ed6                ERROR_parser
 .text.BUTTON_handler
                0x08000f9e       0x5e C:/Users/LENOVO/Documents/Reseaux_Ubiquitaire/hei-2019-2020-lab-sens-it-reinert-gerardin/sensit-sdk-v2.0.0/sdk/obj/button.o
                0x08000f9e                BUTTON_handler
 .text.BATTERY_handler
                0x08000ffc       0x90 C:/Users/LENOVO/Documents/Reseaux_Ubiquitaire/hei-2019-2020-lab-sens-it-reinert-gerardin/sensit-sdk-v2.0.0/sdk/obj/battery.o
                0x08000ffc                BATTERY_handler
 .text.CALLBACK_report_test_result
                0x0800108c        0x2 C:/Users/LENOVO/Documents/Reseaux_Ubiquitaire/hei-2019-2020-lab-sens-it-reinert-gerardin/sensit-sdk-v2.0.0/sdk/obj/callback.o
                0x0800108c                CALLBACK_report_test_result
 *fill*         0x0800108e        0x2 
 .text.RADIO_API_init
                0x08001090       0x4c C:/Users/LENOVO/Documents/Reseaux_Ubiquitaire/hei-2019-2020-lab-sens-it-reinert-gerardin/sensit-sdk-v2.0.0/sdk/obj/radio_api.o
                0x08001090                RADIO_API_init
 .text.RADIO_API_send_message
                0x080010dc       0x7c C:/Users/LENOVO/Documents/Reseaux_Ubiquitaire/hei-2019-2020-lab-sens-it-reinert-gerardin/sensit-sdk-v2.0.0/sdk/obj/radio_api.o
                0x080010dc                RADIO_API_send_message
 .text.ETSI_handler
                0x08001158       0x60 C:/Users/LENOVO/Documents/Reseaux_Ubiquitaire/hei-2019-2020-lab-sens-it-reinert-gerardin/sensit-sdk-v2.0.0/sdk/obj/etsi.o
                0x08001158                ETSI_handler
 .text.FCC_handler
                0x080011b8       0x50 C:/Users/LENOVO/Documents/Reseaux_Ubiquitaire/hei-2019-2020-lab-sens-it-reinert-gerardin/sensit-sdk-v2.0.0/sdk/obj/fcc.o
                0x080011b8                FCC_handler
 .text.HTS221_init
                0x08001208       0xbc C:/Users/LENOVO/Documents/Reseaux_Ubiquitaire/hei-2019-2020-lab-sens-it-reinert-gerardin/sensit-sdk-v2.0.0/sdk/obj/hts221.o
                0x08001208                HTS221_init
 .text.LTR329_init
                0x080012c4       0x50 C:/Users/LENOVO/Documents/Reseaux_Ubiquitaire/hei-2019-2020-lab-sens-it-reinert-gerardin/sensit-sdk-v2.0.0/sdk/obj/ltr329.o
                0x080012c4                LTR329_init
 .text.FXOS8700_reset
                0x08001314       0x28 C:/Users/LENOVO/Documents/Reseaux_Ubiquitaire/hei-2019-2020-lab-sens-it-reinert-gerardin/sensit-sdk-v2.0.0/sdk/obj/fxos8700.o
                0x08001314                FXOS8700_reset
 .text.FXOS8700_init
                0x0800133c       0x2e C:/Users/LENOVO/Documents/Reseaux_Ubiquitaire/hei-2019-2020-lab-sens-it-reinert-gerardin/sensit-sdk-v2.0.0/sdk/obj/fxos8700.o
                0x0800133c                FXOS8700_init
 *fill*         0x0800136a        0x2 
 .text.FXOS8700_set_transient_mode
                0x0800136c       0xf0 C:/Users/LENOVO/Documents/Reseaux_Ubiquitaire/hei-2019-2020-lab-sens-it-reinert-gerardin/sensit-sdk-v2.0.0/sdk/obj/fxos8700.o
                0x0800136c                FXOS8700_set_transient_mode
 .text.FXOS8700_clear_transient_interrupt
                0x0800145c       0x28 C:/Users/LENOVO/Documents/Reseaux_Ubiquitaire/hei-2019-2020-lab-sens-it-reinert-gerardin/sensit-sdk-v2.0.0/sdk/obj/fxos8700.o
                0x0800145c                FXOS8700_clear_transient_interrupt
 .text.DISCOVERY_build_payload
                0x08001484      0x108 C:/Users/LENOVO/Documents/Reseaux_Ubiquitaire/hei-2019-2020-lab-sens-it-reinert-gerardin/sensit-sdk-v2.0.0/sdk/obj/discovery.o
                0x08001484                DISCOVERY_build_payload
 .text.startup.main
                0x0800158c       0xfc C:/Users/LENOVO/Documents/Reseaux_Ubiquitaire/hei-2019-2020-lab-sens-it-reinert-gerardin/sensit-sdk-v2.0.0/sdk/obj/main.o
                0x0800158c                main
 .text.MCU_API_malloc
                0x08001688       0x14 C:/Users/LENOVO/Documents/Reseaux_Ubiquitaire/hei-2019-2020-lab-sens-it-reinert-gerardin/sensit-sdk-v2.0.0/sdk/lib\libSENSIT_SDK_V2.0.0.a(mcu_api.o)
                0x08001688                MCU_API_malloc
 .text.MCU_API_free
                0x0800169c        0x4 C:/Users/LENOVO/Documents/Reseaux_Ubiquitaire/hei-2019-2020-lab-sens-it-reinert-gerardin/sensit-sdk-v2.0.0/sdk/lib\libSENSIT_SDK_V2.0.0.a(mcu_api.o)
                0x0800169c                MCU_API_free
 .text.MCU_API_get_voltage_temperature
                0x080016a0       0x22 C:/Users/LENOVO/Documents/Reseaux_Ubiquitaire/hei-2019-2020-lab-sens-it-reinert-gerardin/sensit-sdk-v2.0.0/sdk/lib\libSENSIT_SDK_V2.0.0.a(mcu_api.o)
                0x080016a0                MCU_API_get_voltage_temperature
 .text.MCU_API_delay
                0x080016c2       0x3e C:/Users/LENOVO/Documents/Reseaux_Ubiquitaire/hei-2019-2020-lab-sens-it-reinert-gerardin/sensit-sdk-v2.0.0/sdk/lib\libSENSIT_SDK_V2.0.0.a(mcu_api.o)
                0x080016c2                MCU_API_delay
 .text.MCU_API_aes_128_cbc_encrypt
                0x08001700       0x62 C:/Users/LENOVO/Documents/Reseaux_Ubiquitaire/hei-2019-2020-lab-sens-it-reinert-gerardin/sensit-sdk-v2.0.0/sdk/lib\libSENSIT_SDK_V2.0.0.a(mcu_api.o)
                0x08001700                MCU_API_aes_128_cbc_encrypt
 .text.MCU_API_get_nv_mem
                0x08001762        0xe C:/Users/LENOVO/Documents/Reseaux_Ubiquitaire/hei-2019-2020-lab-sens-it-reinert-gerardin/sensit-sdk-v2.0.0/sdk/lib\libSENSIT_SDK_V2.0.0.a(mcu_api.o)
                0x08001762                MCU_API_get_nv_mem
 .text.MCU_API_set_nv_mem
                0x08001770       0x16 C:/Users/LENOVO/Documents/Reseaux_Ubiquitaire/hei-2019-2020-lab-sens-it-reinert-gerardin/sensit-sdk-v2.0.0/sdk/lib\libSENSIT_SDK_V2.0.0.a(mcu_api.o)
                0x08001770                MCU_API_set_nv_mem
 *fill*         0x08001786        0x2 
 .text.MCU_API_timer_start_carrier_sense
                0x08001788       0x60 C:/Users/LENOVO/Documents/Reseaux_Ubiquitaire/hei-2019-2020-lab-sens-it-reinert-gerardin/sensit-sdk-v2.0.0/sdk/lib\libSENSIT_SDK_V2.0.0.a(mcu_api.o)
                0x08001788                MCU_API_timer_start_carrier_sense
 .text.TIM16_IRQHandler
                0x080017e8       0x24 C:/Users/LENOVO/Documents/Reseaux_Ubiquitaire/hei-2019-2020-lab-sens-it-reinert-gerardin/sensit-sdk-v2.0.0/sdk/lib\libSENSIT_SDK_V2.0.0.a(mcu_api.o)
                0x080017e8                TIM16_IRQHandler
 .text.MCU_API_timer_start
                0x0800180c        0xc C:/Users/LENOVO/Documents/Reseaux_Ubiquitaire/hei-2019-2020-lab-sens-it-reinert-gerardin/sensit-sdk-v2.0.0/sdk/lib\libSENSIT_SDK_V2.0.0.a(mcu_api.o)
                0x0800180c                MCU_API_timer_start
 .text.MCU_API_timer_stop
                0x08001818        0x4 C:/Users/LENOVO/Documents/Reseaux_Ubiquitaire/hei-2019-2020-lab-sens-it-reinert-gerardin/sensit-sdk-v2.0.0/sdk/lib\libSENSIT_SDK_V2.0.0.a(mcu_api.o)
                0x08001818                MCU_API_timer_stop
 .text.MCU_API_timer_stop_carrier_sense
                0x0800181c       0x38 C:/Users/LENOVO/Documents/Reseaux_Ubiquitaire/hei-2019-2020-lab-sens-it-reinert-gerardin/sensit-sdk-v2.0.0/sdk/lib\libSENSIT_SDK_V2.0.0.a(mcu_api.o)
                0x0800181c                MCU_API_timer_stop_carrier_sense
 .text.MCU_API_timer_wait_for_end
                0x08001854       0x10 C:/Users/LENOVO/Documents/Reseaux_Ubiquitaire/hei-2019-2020-lab-sens-it-reinert-gerardin/sensit-sdk-v2.0.0/sdk/lib\libSENSIT_SDK_V2.0.0.a(mcu_api.o)
                0x08001854                MCU_API_timer_wait_for_end
 .text.MCU_API_report_test_result
                0x08001864        0xa C:/Users/LENOVO/Documents/Reseaux_Ubiquitaire/hei-2019-2020-lab-sens-it-reinert-gerardin/sensit-sdk-v2.0.0/sdk/lib\libSENSIT_SDK_V2.0.0.a(mcu_api.o)
                0x08001864                MCU_API_report_test_result
 .text.MCU_API_get_device_id
                0x0800186e       0x12 C:/Users/LENOVO/Documents/Reseaux_Ubiquitaire/hei-2019-2020-lab-sens-it-reinert-gerardin/sensit-sdk-v2.0.0/sdk/lib\libSENSIT_SDK_V2.0.0.a(mcu_api.o)
                0x0800186e                MCU_API_get_device_id
 .text.NVMEM_API_get_device_id
                0x08001880       0x2c C:/Users/LENOVO/Documents/Reseaux_Ubiquitaire/hei-2019-2020-lab-sens-it-reinert-gerardin/sensit-sdk-v2.0.0/sdk/lib\libSENSIT_SDK_V2.0.0.a(nvmem_api.o)
                0x08001880                NVMEM_API_get_device_id
 .text.NVMEM_API_get_frequency_calibration
                0x080018ac       0x1c C:/Users/LENOVO/Documents/Reseaux_Ubiquitaire/hei-2019-2020-lab-sens-it-reinert-gerardin/sensit-sdk-v2.0.0/sdk/lib\libSENSIT_SDK_V2.0.0.a(nvmem_api.o)
                0x080018ac                NVMEM_API_get_frequency_calibration
 .text.NVMEM_API_get_radio_configuration
                0x080018c8       0x14 C:/Users/LENOVO/Documents/Reseaux_Ubiquitaire/hei-2019-2020-lab-sens-it-reinert-gerardin/sensit-sdk-v2.0.0/sdk/lib\libSENSIT_SDK_V2.0.0.a(nvmem_api.o)
                0x080018c8                NVMEM_API_get_radio_configuration
 .text.NVMEM_API_compute_aes
                0x080018dc       0xc8 C:/Users/LENOVO/Documents/Reseaux_Ubiquitaire/hei-2019-2020-lab-sens-it-reinert-gerardin/sensit-sdk-v2.0.0/sdk/lib\libSENSIT_SDK_V2.0.0.a(nvmem_api.o)
                0x080018dc                NVMEM_API_compute_aes
 .text.NVMEM_API_init_page_index
                0x080019a4       0xb4 C:/Users/LENOVO/Documents/Reseaux_Ubiquitaire/hei-2019-2020-lab-sens-it-reinert-gerardin/sensit-sdk-v2.0.0/sdk/lib\libSENSIT_SDK_V2.0.0.a(nvmem_api.o)
                0x080019a4                NVMEM_API_init_page_index
 .text.NVMEM_API_init
                0x08001a58       0xa0 C:/Users/LENOVO/Documents/Reseaux_Ubiquitaire/hei-2019-2020-lab-sens-it-reinert-gerardin/sensit-sdk-v2.0.0/sdk/lib\libSENSIT_SDK_V2.0.0.a(nvmem_api.o)
                0x08001a58                NVMEM_API_init
 .text.NVMEM_API_set_data
                0x08001af8       0xd8 C:/Users/LENOVO/Documents/Reseaux_Ubiquitaire/hei-2019-2020-lab-sens-it-reinert-gerardin/sensit-sdk-v2.0.0/sdk/lib\libSENSIT_SDK_V2.0.0.a(nvmem_api.o)
                0x08001af8                NVMEM_API_set_data
 .text.NVMEM_API_get_data
                0x08001bd0       0x58 C:/Users/LENOVO/Documents/Reseaux_Ubiquitaire/hei-2019-2020-lab-sens-it-reinert-gerardin/sensit-sdk-v2.0.0/sdk/lib\libSENSIT_SDK_V2.0.0.a(nvmem_api.o)
                0x08001bd0                NVMEM_API_get_data
 .text.RADIO_init
                0x08001c28       0x1c C:/Users/LENOVO/Documents/Reseaux_Ubiquitaire/hei-2019-2020-lab-sens-it-reinert-gerardin/sensit-sdk-v2.0.0/sdk/lib\libSENSIT_SDK_V2.0.0.a(radio.o)
                0x08001c28                RADIO_init
 .text.RADIO_power_on
                0x08001c44       0x44 C:/Users/LENOVO/Documents/Reseaux_Ubiquitaire/hei-2019-2020-lab-sens-it-reinert-gerardin/sensit-sdk-v2.0.0/sdk/lib\libSENSIT_SDK_V2.0.0.a(radio.o)
                0x08001c44                RADIO_power_on
 .text.RADIO_power_off
                0x08001c88       0x2c C:/Users/LENOVO/Documents/Reseaux_Ubiquitaire/hei-2019-2020-lab-sens-it-reinert-gerardin/sensit-sdk-v2.0.0/sdk/lib\libSENSIT_SDK_V2.0.0.a(radio.o)
                0x08001c88                RADIO_power_off
 .text.RADIO_get_state
                0x08001cb4        0xc C:/Users/LENOVO/Documents/Reseaux_Ubiquitaire/hei-2019-2020-lab-sens-it-reinert-gerardin/sensit-sdk-v2.0.0/sdk/lib\libSENSIT_SDK_V2.0.0.a(radio.o)
                0x08001cb4                RADIO_get_state
 .text.RADIO_set_rf_line
                0x08001cc0       0x50 C:/Users/LENOVO/Documents/Reseaux_Ubiquitaire/hei-2019-2020-lab-sens-it-reinert-gerardin/sensit-sdk-v2.0.0/sdk/lib\libSENSIT_SDK_V2.0.0.a(radio.o)
                0x08001cc0                RADIO_set_rf_line
 .text.RADIO_is_600bps
                0x08001d10       0x18 C:/Users/LENOVO/Documents/Reseaux_Ubiquitaire/hei-2019-2020-lab-sens-it-reinert-gerardin/sensit-sdk-v2.0.0/sdk/lib\libSENSIT_SDK_V2.0.0.a(radio.o)
                0x08001d10                RADIO_is_600bps
 .text.RTC_init
                0x08001d28       0x2c C:/Users/LENOVO/Documents/Reseaux_Ubiquitaire/hei-2019-2020-lab-sens-it-reinert-gerardin/sensit-sdk-v2.0.0/sdk/lib\libSENSIT_SDK_V2.0.0.a(rtc.o)
                0x08001d28                RTC_init
 .text.RTC_get_current_time
                0x08001d54        0xc C:/Users/LENOVO/Documents/Reseaux_Ubiquitaire/hei-2019-2020-lab-sens-it-reinert-gerardin/sensit-sdk-v2.0.0/sdk/lib\libSENSIT_SDK_V2.0.0.a(rtc.o)
                0x08001d54                RTC_get_current_time
 .text.RTC_set_alarm_timer
                0x08001d60       0x14 C:/Users/LENOVO/Documents/Reseaux_Ubiquitaire/hei-2019-2020-lab-sens-it-reinert-gerardin/sensit-sdk-v2.0.0/sdk/lib\libSENSIT_SDK_V2.0.0.a(rtc.o)
                0x08001d60                RTC_set_alarm_timer
 .text.RTC_set_rx_timer
                0x08001d74        0xc C:/Users/LENOVO/Documents/Reseaux_Ubiquitaire/hei-2019-2020-lab-sens-it-reinert-gerardin/sensit-sdk-v2.0.0/sdk/lib\libSENSIT_SDK_V2.0.0.a(rtc.o)
                0x08001d74                RTC_set_rx_timer
 .text.RTC_wait_frame
                0x08001d80       0x2c C:/Users/LENOVO/Documents/Reseaux_Ubiquitaire/hei-2019-2020-lab-sens-it-reinert-gerardin/sensit-sdk-v2.0.0/sdk/lib\libSENSIT_SDK_V2.0.0.a(rtc.o)
                0x08001d80                RTC_wait_frame
 .text.RTC_IRQHandler
                0x08001dac       0x68 C:/Users/LENOVO/Documents/Reseaux_Ubiquitaire/hei-2019-2020-lab-sens-it-reinert-gerardin/sensit-sdk-v2.0.0/sdk/lib\libSENSIT_SDK_V2.0.0.a(rtc.o)
                0x08001dac                RTC_IRQHandler
 .text._init    0x08001e14       0x1c C:/Users/LENOVO/Documents/Reseaux_Ubiquitaire/hei-2019-2020-lab-sens-it-reinert-gerardin/sensit-sdk-v2.0.0/sdk/lib\libSENSIT_SDK_V2.0.0.a(sensit_api.o)
                0x08001e14                _init
 .text.SENSIT_API_configure_radio
                0x08001e30       0x2a C:/Users/LENOVO/Documents/Reseaux_Ubiquitaire/hei-2019-2020-lab-sens-it-reinert-gerardin/sensit-sdk-v2.0.0/sdk/lib\libSENSIT_SDK_V2.0.0.a(sensit_api.o)
                0x08001e30                SENSIT_API_configure_radio
 .text.SENSIT_API_switch_radio
                0x08001e5a       0x38 C:/Users/LENOVO/Documents/Reseaux_Ubiquitaire/hei-2019-2020-lab-sens-it-reinert-gerardin/sensit-sdk-v2.0.0/sdk/lib\libSENSIT_SDK_V2.0.0.a(sensit_api.o)
                0x08001e5a                SENSIT_API_switch_radio
 *fill*         0x08001e92        0x2 
 .text.SENSIT_API_reset
                0x08001e94       0x60 C:/Users/LENOVO/Documents/Reseaux_Ubiquitaire/hei-2019-2020-lab-sens-it-reinert-gerardin/sensit-sdk-v2.0.0/sdk/lib\libSENSIT_SDK_V2.0.0.a(sensit_api.o)
                0x08001e94                SENSIT_API_reset
 .text.SENSIT_API_sleep
                0x08001ef4        0xa C:/Users/LENOVO/Documents/Reseaux_Ubiquitaire/hei-2019-2020-lab-sens-it-reinert-gerardin/sensit-sdk-v2.0.0/sdk/lib\libSENSIT_SDK_V2.0.0.a(sensit_api.o)
                0x08001ef4                SENSIT_API_sleep
 .text.SENSIT_API_set_rtc_alarm
                0x08001efe        0xa C:/Users/LENOVO/Documents/Reseaux_Ubiquitaire/hei-2019-2020-lab-sens-it-reinert-gerardin/sensit-sdk-v2.0.0/sdk/lib\libSENSIT_SDK_V2.0.0.a(sensit_api.o)
                0x08001efe                SENSIT_API_set_rtc_alarm
 .text.SENSIT_API_configure_button
                0x08001f08       0x50 C:/Users/LENOVO/Documents/Reseaux_Ubiquitaire/hei-2019-2020-lab-sens-it-reinert-gerardin/sensit-sdk-v2.0.0/sdk/lib\libSENSIT_SDK_V2.0.0.a(sensit_api.o)
                0x08001f08                SENSIT_API_configure_button
 .text.SENSIT_API_get_button_state
                0x08001f58       0x14 C:/Users/LENOVO/Documents/Reseaux_Ubiquitaire/hei-2019-2020-lab-sens-it-reinert-gerardin/sensit-sdk-v2.0.0/sdk/lib\libSENSIT_SDK_V2.0.0.a(sensit_api.o)
                0x08001f58                SENSIT_API_get_button_state
 .text.SENSIT_API_set_rgb_led
                0x08001f6c       0x30 C:/Users/LENOVO/Documents/Reseaux_Ubiquitaire/hei-2019-2020-lab-sens-it-reinert-gerardin/sensit-sdk-v2.0.0/sdk/lib\libSENSIT_SDK_V2.0.0.a(sensit_api.o)
                0x08001f6c                SENSIT_API_set_rgb_led
 .text.SENSIT_API_set_white_led
                0x08001f9c       0x18 C:/Users/LENOVO/Documents/Reseaux_Ubiquitaire/hei-2019-2020-lab-sens-it-reinert-gerardin/sensit-sdk-v2.0.0/sdk/lib\libSENSIT_SDK_V2.0.0.a(sensit_api.o)
                0x08001f9c                SENSIT_API_set_white_led
 .text.SENSIT_API_get_battery_level
                0x08001fb4        0xe C:/Users/LENOVO/Documents/Reseaux_Ubiquitaire/hei-2019-2020-lab-sens-it-reinert-gerardin/sensit-sdk-v2.0.0/sdk/lib\libSENSIT_SDK_V2.0.0.a(sensit_api.o)
                0x08001fb4                SENSIT_API_get_battery_level
 .text.SENSIT_API_get_current_time
                0x08001fc2        0xe C:/Users/LENOVO/Documents/Reseaux_Ubiquitaire/hei-2019-2020-lab-sens-it-reinert-gerardin/sensit-sdk-v2.0.0/sdk/lib\libSENSIT_SDK_V2.0.0.a(sensit_api.o)
                0x08001fc2                SENSIT_API_get_current_time
 .text.SENSIT_API_wait
                0x08001fd0        0xa C:/Users/LENOVO/Documents/Reseaux_Ubiquitaire/hei-2019-2020-lab-sens-it-reinert-gerardin/sensit-sdk-v2.0.0/sdk/lib\libSENSIT_SDK_V2.0.0.a(sensit_api.o)
                0x08001fd0                SENSIT_API_wait
 .text.SENSIT_API_write_read_i2c_bus
                0x08001fda       0x20 C:/Users/LENOVO/Documents/Reseaux_Ubiquitaire/hei-2019-2020-lab-sens-it-reinert-gerardin/sensit-sdk-v2.0.0/sdk/lib\libSENSIT_SDK_V2.0.0.a(sensit_api.o)
                0x08001fda                SENSIT_API_write_read_i2c_bus
 *fill*         0x08001ffa        0x2 
 .text.SENSIT_API_configure_fxos8700_interrupt
                0x08001ffc       0x30 C:/Users/LENOVO/Documents/Reseaux_Ubiquitaire/hei-2019-2020-lab-sens-it-reinert-gerardin/sensit-sdk-v2.0.0/sdk/lib\libSENSIT_SDK_V2.0.0.a(sensit_api.o)
                0x08001ffc                SENSIT_API_configure_fxos8700_interrupt
 .text.SENSIT_API_reset_device_sequence_number
                0x0800202c       0x20 C:/Users/LENOVO/Documents/Reseaux_Ubiquitaire/hei-2019-2020-lab-sens-it-reinert-gerardin/sensit-sdk-v2.0.0/sdk/lib\libSENSIT_SDK_V2.0.0.a(sensit_api.o)
                0x0800202c                SENSIT_API_reset_device_sequence_number
 .text.SIGFOX_API_open
                0x0800204c      0x1b4 C:/Users/LENOVO/Documents/Reseaux_Ubiquitaire/hei-2019-2020-lab-sens-it-reinert-gerardin/sensit-sdk-v2.0.0/sdk/lib\libSENSIT_SDK_V2.0.0.a(sigfox_api.o)
                0x0800204c                SIGFOX_API_open
 .text.SIGFOX_API_send_frame
                0x08002200       0x48 C:/Users/LENOVO/Documents/Reseaux_Ubiquitaire/hei-2019-2020-lab-sens-it-reinert-gerardin/sensit-sdk-v2.0.0/sdk/lib\libSENSIT_SDK_V2.0.0.a(sigfox_api.o)
                0x08002200                SIGFOX_API_send_frame
 .text.SIGFOX_API_set_std_config
                0x08002248       0x90 C:/Users/LENOVO/Documents/Reseaux_Ubiquitaire/hei-2019-2020-lab-sens-it-reinert-gerardin/sensit-sdk-v2.0.0/sdk/lib\libSENSIT_SDK_V2.0.0.a(sigfox_api.o)
                0x08002248                SIGFOX_API_set_std_config
 .text.SIGFOX_INT_randomize
                0x080022d8       0x16 C:/Users/LENOVO/Documents/Reseaux_Ubiquitaire/hei-2019-2020-lab-sens-it-reinert-gerardin/sensit-sdk-v2.0.0/sdk/lib\libSENSIT_SDK_V2.0.0.a(sigfox_internal.o)
                0x080022d8                SIGFOX_INT_randomize
 .text.SIGFOX_INT_get_max_micro_channel
                0x080022ee       0x30 C:/Users/LENOVO/Documents/Reseaux_Ubiquitaire/hei-2019-2020-lab-sens-it-reinert-gerardin/sensit-sdk-v2.0.0/sdk/lib\libSENSIT_SDK_V2.0.0.a(sigfox_internal.o)
                0x080022ee                SIGFOX_INT_get_max_micro_channel
 .text.SIGFOX_INT_get_macro_channel_index
                0x0800231e       0x5a C:/Users/LENOVO/Documents/Reseaux_Ubiquitaire/hei-2019-2020-lab-sens-it-reinert-gerardin/sensit-sdk-v2.0.0/sdk/lib\libSENSIT_SDK_V2.0.0.a(sigfox_internal.o)
                0x0800231e                SIGFOX_INT_get_macro_channel_index
 .text.SIGFOX_INT_dc_lbt_channel_pn_max
                0x08002378       0x30 C:/Users/LENOVO/Documents/Reseaux_Ubiquitaire/hei-2019-2020-lab-sens-it-reinert-gerardin/sensit-sdk-v2.0.0/sdk/lib\libSENSIT_SDK_V2.0.0.a(sigfox_internal.o)
                0x08002378                SIGFOX_INT_dc_lbt_channel_pn_max
 .text.SIGFOX_INT_dc_lbt_channel_pn_min
                0x080023a8       0x22 C:/Users/LENOVO/Documents/Reseaux_Ubiquitaire/hei-2019-2020-lab-sens-it-reinert-gerardin/sensit-sdk-v2.0.0/sdk/lib\libSENSIT_SDK_V2.0.0.a(sigfox_internal.o)
                0x080023a8                SIGFOX_INT_dc_lbt_channel_pn_min
 .text.RETURN_CODE
                0x080023ca        0x8 C:/Users/LENOVO/Documents/Reseaux_Ubiquitaire/hei-2019-2020-lab-sens-it-reinert-gerardin/sensit-sdk-v2.0.0/sdk/lib\libSENSIT_SDK_V2.0.0.a(sigfox_internal.o)
                0x080023ca                RETURN_CODE
 *fill*         0x080023d2        0x2 
 .text.SIGFOX_INT_compute_channels
                0x080023d4      0x134 C:/Users/LENOVO/Documents/Reseaux_Ubiquitaire/hei-2019-2020-lab-sens-it-reinert-gerardin/sensit-sdk-v2.0.0/sdk/lib\libSENSIT_SDK_V2.0.0.a(sigfox_internal.o)
                0x080023d4                SIGFOX_INT_compute_channels
 .text.SIGFOX_INT_compute_carrier_sense_frequency
                0x08002508       0x2e C:/Users/LENOVO/Documents/Reseaux_Ubiquitaire/hei-2019-2020-lab-sens-it-reinert-gerardin/sensit-sdk-v2.0.0/sdk/lib\libSENSIT_SDK_V2.0.0.a(sigfox_internal.o)
                0x08002508                SIGFOX_INT_compute_carrier_sense_frequency
 .text.SIGFOX_INT_store_nvm
                0x08002536       0x32 C:/Users/LENOVO/Documents/Reseaux_Ubiquitaire/hei-2019-2020-lab-sens-it-reinert-gerardin/sensit-sdk-v2.0.0/sdk/lib\libSENSIT_SDK_V2.0.0.a(sigfox_internal.o)
                0x08002536                SIGFOX_INT_store_nvm
 .text.SIGFOX_INT_build_frame
                0x08002568      0x1da C:/Users/LENOVO/Documents/Reseaux_Ubiquitaire/hei-2019-2020-lab-sens-it-reinert-gerardin/sensit-sdk-v2.0.0/sdk/lib\libSENSIT_SDK_V2.0.0.a(sigfox_internal.o)
                0x08002568                SIGFOX_INT_build_frame
 *fill*         0x08002742        0x2 
 .text.SIGFOX_INT_prepare_transmission
                0x08002744       0x88 C:/Users/LENOVO/Documents/Reseaux_Ubiquitaire/hei-2019-2020-lab-sens-it-reinert-gerardin/sensit-sdk-v2.0.0/sdk/lib\libSENSIT_SDK_V2.0.0.a(sigfox_internal.o)
                0x08002744                SIGFOX_INT_prepare_transmission
 .text.SIGFOX_INT_send_single_frame
                0x080027cc       0x98 C:/Users/LENOVO/Documents/Reseaux_Ubiquitaire/hei-2019-2020-lab-sens-it-reinert-gerardin/sensit-sdk-v2.0.0/sdk/lib\libSENSIT_SDK_V2.0.0.a(sigfox_internal.o)
                0x080027cc                SIGFOX_INT_send_single_frame
 .text.SIGFOX_INT_execute_carrier_sense
                0x08002864       0x3a C:/Users/LENOVO/Documents/Reseaux_Ubiquitaire/hei-2019-2020-lab-sens-it-reinert-gerardin/sensit-sdk-v2.0.0/sdk/lib\libSENSIT_SDK_V2.0.0.a(sigfox_internal.o)
                0x08002864                SIGFOX_INT_execute_carrier_sense
 .text.SIGFOX_INT_downlink_configuration
                0x0800289e       0x4c C:/Users/LENOVO/Documents/Reseaux_Ubiquitaire/hei-2019-2020-lab-sens-it-reinert-gerardin/sensit-sdk-v2.0.0/sdk/lib\libSENSIT_SDK_V2.0.0.a(sigfox_internal.o)
                0x0800289e                SIGFOX_INT_downlink_configuration
 .text.SIGFOX_INT_get_received_frames
                0x080028ea      0x10a C:/Users/LENOVO/Documents/Reseaux_Ubiquitaire/hei-2019-2020-lab-sens-it-reinert-gerardin/sensit-sdk-v2.0.0/sdk/lib\libSENSIT_SDK_V2.0.0.a(sigfox_internal.o)
                0x080028ea                SIGFOX_INT_get_received_frames
 .text.SIGFOX_INT_process_downlink
                0x080029f4       0x46 C:/Users/LENOVO/Documents/Reseaux_Ubiquitaire/hei-2019-2020-lab-sens-it-reinert-gerardin/sensit-sdk-v2.0.0/sdk/lib\libSENSIT_SDK_V2.0.0.a(sigfox_internal.o)
                0x080029f4                SIGFOX_INT_process_downlink
 *fill*         0x08002a3a        0x2 
 .text.SIGFOX_INT_compute_uplink_frequency
                0x08002a3c       0x94 C:/Users/LENOVO/Documents/Reseaux_Ubiquitaire/hei-2019-2020-lab-sens-it-reinert-gerardin/sensit-sdk-v2.0.0/sdk/lib\libSENSIT_SDK_V2.0.0.a(sigfox_internal.o)
                0x08002a3c                SIGFOX_INT_compute_uplink_frequency
 .text.SIGFOX_INT_process_uplink
                0x08002ad0      0x28c C:/Users/LENOVO/Documents/Reseaux_Ubiquitaire/hei-2019-2020-lab-sens-it-reinert-gerardin/sensit-sdk-v2.0.0/sdk/lib\libSENSIT_SDK_V2.0.0.a(sigfox_internal.o)
                0x08002ad0                SIGFOX_INT_process_uplink
 .text.SIGFOX_INT_execute_communication_sequence
                0x08002d5c      0x118 C:/Users/LENOVO/Documents/Reseaux_Ubiquitaire/hei-2019-2020-lab-sens-it-reinert-gerardin/sensit-sdk-v2.0.0/sdk/lib\libSENSIT_SDK_V2.0.0.a(sigfox_internal.o)
                0x08002d5c                SIGFOX_INT_execute_communication_sequence
 .text.SIGFOX_INT_get_device_id
                0x08002e74       0x18 C:/Users/LENOVO/Documents/Reseaux_Ubiquitaire/hei-2019-2020-lab-sens-it-reinert-gerardin/sensit-sdk-v2.0.0/sdk/lib\libSENSIT_SDK_V2.0.0.a(sigfox_internal.o)
                0x08002e74                SIGFOX_INT_get_device_id
 .text.SIGFOX_PN_next_pn
                0x08002e8c       0x50 C:/Users/LENOVO/Documents/Reseaux_Ubiquitaire/hei-2019-2020-lab-sens-it-reinert-gerardin/sensit-sdk-v2.0.0/sdk/lib\libSENSIT_SDK_V2.0.0.a(sigfox_pn.o)
                0x08002e8c                SIGFOX_PN_next_pn
 .text.SIGFOX_SCRAMB_compute
                0x08002edc       0x8c C:/Users/LENOVO/Documents/Reseaux_Ubiquitaire/hei-2019-2020-lab-sens-it-reinert-gerardin/sensit-sdk-v2.0.0/sdk/lib\libSENSIT_SDK_V2.0.0.a(sigfox_scramb.o)
                0x08002edc                SIGFOX_SCRAMB_compute
 .text.SLEEP_handler
                0x08002f68       0x88 C:/Users/LENOVO/Documents/Reseaux_Ubiquitaire/hei-2019-2020-lab-sens-it-reinert-gerardin/sensit-sdk-v2.0.0/sdk/lib\libSENSIT_SDK_V2.0.0.a(sleep.o)
                0x08002f68                SLEEP_handler
 .text.SPI_init
                0x08002ff0       0x30 C:/Users/LENOVO/Documents/Reseaux_Ubiquitaire/hei-2019-2020-lab-sens-it-reinert-gerardin/sensit-sdk-v2.0.0/sdk/lib\libSENSIT_SDK_V2.0.0.a(spi.o)
                0x08002ff0                SPI_init
 .text.SPI_disable
                0x08003020       0x34 C:/Users/LENOVO/Documents/Reseaux_Ubiquitaire/hei-2019-2020-lab-sens-it-reinert-gerardin/sensit-sdk-v2.0.0/sdk/lib\libSENSIT_SDK_V2.0.0.a(spi.o)
                0x08003020                SPI_disable
 .text.SPI_enable
                0x08003054       0x30 C:/Users/LENOVO/Documents/Reseaux_Ubiquitaire/hei-2019-2020-lab-sens-it-reinert-gerardin/sensit-sdk-v2.0.0/sdk/lib\libSENSIT_SDK_V2.0.0.a(spi.o)
                0x08003054                SPI_enable
 .text.SPI_write_read
                0x08003084       0x2c C:/Users/LENOVO/Documents/Reseaux_Ubiquitaire/hei-2019-2020-lab-sens-it-reinert-gerardin/sensit-sdk-v2.0.0/sdk/lib\libSENSIT_SDK_V2.0.0.a(spi.o)
                0x08003084                SPI_write_read
 .text.Reset_Handler
                0x080030b0       0x80 C:/Users/LENOVO/Documents/Reseaux_Ubiquitaire/hei-2019-2020-lab-sens-it-reinert-gerardin/sensit-sdk-v2.0.0/sdk/lib\libSENSIT_SDK_V2.0.0.a(startup_stm32f042x6.o)
                0x080030b0                Reset_Handler
 .text.Default_Handler
                0x08003130        0x2 C:/Users/LENOVO/Documents/Reseaux_Ubiquitaire/hei-2019-2020-lab-sens-it-reinert-gerardin/sensit-sdk-v2.0.0/sdk/lib\libSENSIT_SDK_V2.0.0.a(startup_stm32f042x6.o)
                0x08003130                TIM1_CC_IRQHandler
                0x08003130                TSC_IRQHandler
                0x08003130                SysTick_Handler
                0x08003130                PendSV_Handler
                0x08003130                I2C1_IRQHandler
                0x08003130                RCC_CRS_IRQHandler
                0x08003130                SPI1_IRQHandler
                0x08003130                EXTI2_3_IRQHandler
                0x08003130                ADC1_IRQHandler
                0x08003130                TIM17_IRQHandler
                0x08003130                CEC_CAN_IRQHandler
                0x08003130                PVD_VDDIO2_IRQHandler
                0x08003130                TIM3_IRQHandler
                0x08003130                DMA1_Channel1_IRQHandler
                0x08003130                Default_Handler
                0x08003130                TIM14_IRQHandler
                0x08003130                DMA1_Channel4_5_IRQHandler
                0x08003130                EXTI0_1_IRQHandler
                0x08003130                SPI2_IRQHandler
                0x08003130                SVC_Handler
                0x08003130                DMA1_Channel2_3_IRQHandler
                0x08003130                USART2_IRQHandler
                0x08003130                FLASH_IRQHandler
                0x08003130                TIM1_BRK_UP_TRG_COM_IRQHandler
 *fill*         0x08003132        0x2 
 .text.SystemInit
                0x08003134      0x178 C:/Users/LENOVO/Documents/Reseaux_Ubiquitaire/hei-2019-2020-lab-sens-it-reinert-gerardin/sensit-sdk-v2.0.0/sdk/lib\libSENSIT_SDK_V2.0.0.a(system_stm32f0xx.o)
                0x08003134                SystemInit
 .text.SYSTICK_wait_ms
                0x080032ac       0x84 C:/Users/LENOVO/Documents/Reseaux_Ubiquitaire/hei-2019-2020-lab-sens-it-reinert-gerardin/sensit-sdk-v2.0.0/sdk/lib\libSENSIT_SDK_V2.0.0.a(systick.o)
                0x080032ac                SYSTICK_wait_ms
 .text.SYSTICK_wait_tick
                0x08003330       0x38 C:/Users/LENOVO/Documents/Reseaux_Ubiquitaire/hei-2019-2020-lab-sens-it-reinert-gerardin/sensit-sdk-v2.0.0/sdk/lib\libSENSIT_SDK_V2.0.0.a(systick.o)
                0x08003330                SYSTICK_wait_tick
 .text.USART1_IRQHandler
                0x08003368       0x68 C:/Users/LENOVO/Documents/Reseaux_Ubiquitaire/hei-2019-2020-lab-sens-it-reinert-gerardin/sensit-sdk-v2.0.0/sdk/lib\libSENSIT_SDK_V2.0.0.a(uart.o)
                0x08003368                USART1_IRQHandler
 .text.HAL_PCD_SetupStageCallback
                0x080033d0       0x14 C:/Users/LENOVO/Documents/Reseaux_Ubiquitaire/hei-2019-2020-lab-sens-it-reinert-gerardin/sensit-sdk-v2.0.0/sdk/lib\libSENSIT_SDK_V2.0.0.a(usbd_conf.o)
                0x080033d0                HAL_PCD_SetupStageCallback
 .text.HAL_PCD_DataOutStageCallback
                0x080033e4       0x18 C:/Users/LENOVO/Documents/Reseaux_Ubiquitaire/hei-2019-2020-lab-sens-it-reinert-gerardin/sensit-sdk-v2.0.0/sdk/lib\libSENSIT_SDK_V2.0.0.a(usbd_conf.o)
                0x080033e4                HAL_PCD_DataOutStageCallback
 .text.HAL_PCD_DataInStageCallback
                0x080033fc       0x16 C:/Users/LENOVO/Documents/Reseaux_Ubiquitaire/hei-2019-2020-lab-sens-it-reinert-gerardin/sensit-sdk-v2.0.0/sdk/lib\libSENSIT_SDK_V2.0.0.a(usbd_conf.o)
                0x080033fc                HAL_PCD_DataInStageCallback
 .text.HAL_PCD_SOFCallback
                0x08003412        0xe C:/Users/LENOVO/Documents/Reseaux_Ubiquitaire/hei-2019-2020-lab-sens-it-reinert-gerardin/sensit-sdk-v2.0.0/sdk/lib\libSENSIT_SDK_V2.0.0.a(usbd_conf.o)
                0x08003412                HAL_PCD_SOFCallback
 .text.HAL_PCD_ResetCallback
                0x08003420       0x18 C:/Users/LENOVO/Documents/Reseaux_Ubiquitaire/hei-2019-2020-lab-sens-it-reinert-gerardin/sensit-sdk-v2.0.0/sdk/lib\libSENSIT_SDK_V2.0.0.a(usbd_conf.o)
                0x08003420                HAL_PCD_ResetCallback
 .text.HAL_PCD_SuspendCallback
                0x08003438        0xe C:/Users/LENOVO/Documents/Reseaux_Ubiquitaire/hei-2019-2020-lab-sens-it-reinert-gerardin/sensit-sdk-v2.0.0/sdk/lib\libSENSIT_SDK_V2.0.0.a(usbd_conf.o)
                0x08003438                HAL_PCD_SuspendCallback
 .text.HAL_PCD_ResumeCallback
                0x08003446        0xe C:/Users/LENOVO/Documents/Reseaux_Ubiquitaire/hei-2019-2020-lab-sens-it-reinert-gerardin/sensit-sdk-v2.0.0/sdk/lib\libSENSIT_SDK_V2.0.0.a(usbd_conf.o)
                0x08003446                HAL_PCD_ResumeCallback
 .text.USBD_LL_OpenEP
                0x08003454       0x16 C:/Users/LENOVO/Documents/Reseaux_Ubiquitaire/hei-2019-2020-lab-sens-it-reinert-gerardin/sensit-sdk-v2.0.0/sdk/lib\libSENSIT_SDK_V2.0.0.a(usbd_conf.o)
                0x08003454                USBD_LL_OpenEP
 .text.USBD_LL_StallEP
                0x0800346a       0x10 C:/Users/LENOVO/Documents/Reseaux_Ubiquitaire/hei-2019-2020-lab-sens-it-reinert-gerardin/sensit-sdk-v2.0.0/sdk/lib\libSENSIT_SDK_V2.0.0.a(usbd_conf.o)
                0x0800346a                USBD_LL_StallEP
 .text.USBD_LL_ClearStallEP
                0x0800347a       0x10 C:/Users/LENOVO/Documents/Reseaux_Ubiquitaire/hei-2019-2020-lab-sens-it-reinert-gerardin/sensit-sdk-v2.0.0/sdk/lib\libSENSIT_SDK_V2.0.0.a(usbd_conf.o)
                0x0800347a                USBD_LL_ClearStallEP
 .text.USBD_LL_IsStallEP
                0x0800348a       0x26 C:/Users/LENOVO/Documents/Reseaux_Ubiquitaire/hei-2019-2020-lab-sens-it-reinert-gerardin/sensit-sdk-v2.0.0/sdk/lib\libSENSIT_SDK_V2.0.0.a(usbd_conf.o)
                0x0800348a                USBD_LL_IsStallEP
 .text.USBD_LL_SetUSBAddress
                0x080034b0       0x10 C:/Users/LENOVO/Documents/Reseaux_Ubiquitaire/hei-2019-2020-lab-sens-it-reinert-gerardin/sensit-sdk-v2.0.0/sdk/lib\libSENSIT_SDK_V2.0.0.a(usbd_conf.o)
                0x080034b0                USBD_LL_SetUSBAddress
 .text.USBD_LL_Transmit
                0x080034c0       0x10 C:/Users/LENOVO/Documents/Reseaux_Ubiquitaire/hei-2019-2020-lab-sens-it-reinert-gerardin/sensit-sdk-v2.0.0/sdk/lib\libSENSIT_SDK_V2.0.0.a(usbd_conf.o)
                0x080034c0                USBD_LL_Transmit
 .text.USBD_LL_PrepareReceive
                0x080034d0       0x10 C:/Users/LENOVO/Documents/Reseaux_Ubiquitaire/hei-2019-2020-lab-sens-it-reinert-gerardin/sensit-sdk-v2.0.0/sdk/lib\libSENSIT_SDK_V2.0.0.a(usbd_conf.o)
                0x080034d0                USBD_LL_PrepareReceive
 .text.USB_IRQHandler
                0x080034e0       0x10 C:/Users/LENOVO/Documents/Reseaux_Ubiquitaire/hei-2019-2020-lab-sens-it-reinert-gerardin/sensit-sdk-v2.0.0/sdk/lib\libSENSIT_SDK_V2.0.0.a(usbd_conf.o)
                0x080034e0                USB_IRQHandler
 .text.USBD_SetClassConfig
                0x080034f0       0x1a C:/Users/LENOVO/Documents/Reseaux_Ubiquitaire/hei-2019-2020-lab-sens-it-reinert-gerardin/sensit-sdk-v2.0.0/sdk/lib\libSENSIT_SDK_V2.0.0.a(usbd_core.o)
                0x080034f0                USBD_SetClassConfig
 .text.USBD_ClrClassConfig
                0x0800350a       0x10 C:/Users/LENOVO/Documents/Reseaux_Ubiquitaire/hei-2019-2020-lab-sens-it-reinert-gerardin/sensit-sdk-v2.0.0/sdk/lib\libSENSIT_SDK_V2.0.0.a(usbd_core.o)
                0x0800350a                USBD_ClrClassConfig
 *fill*         0x0800351a        0x2 
 .text.USBD_LL_SetupStage
                0x0800351c       0x68 C:/Users/LENOVO/Documents/Reseaux_Ubiquitaire/hei-2019-2020-lab-sens-it-reinert-gerardin/sensit-sdk-v2.0.0/sdk/lib\libSENSIT_SDK_V2.0.0.a(usbd_core.o)
                0x0800351c                USBD_LL_SetupStage
 .text.USBD_LL_DataOutStage
                0x08003584       0x74 C:/Users/LENOVO/Documents/Reseaux_Ubiquitaire/hei-2019-2020-lab-sens-it-reinert-gerardin/sensit-sdk-v2.0.0/sdk/lib\libSENSIT_SDK_V2.0.0.a(usbd_core.o)
                0x08003584                USBD_LL_DataOutStage
 .text.USBD_LL_DataInStage
                0x080035f8       0xac C:/Users/LENOVO/Documents/Reseaux_Ubiquitaire/hei-2019-2020-lab-sens-it-reinert-gerardin/sensit-sdk-v2.0.0/sdk/lib\libSENSIT_SDK_V2.0.0.a(usbd_core.o)
                0x080035f8                USBD_LL_DataInStage
 .text.USBD_LL_Reset
                0x080036a4       0x48 C:/Users/LENOVO/Documents/Reseaux_Ubiquitaire/hei-2019-2020-lab-sens-it-reinert-gerardin/sensit-sdk-v2.0.0/sdk/lib\libSENSIT_SDK_V2.0.0.a(usbd_core.o)
                0x080036a4                USBD_LL_Reset
 .text.USBD_LL_SetSpeed
                0x080036ec        0x6 C:/Users/LENOVO/Documents/Reseaux_Ubiquitaire/hei-2019-2020-lab-sens-it-reinert-gerardin/sensit-sdk-v2.0.0/sdk/lib\libSENSIT_SDK_V2.0.0.a(usbd_core.o)
                0x080036ec                USBD_LL_SetSpeed
 .text.USBD_LL_Suspend
                0x080036f2       0x16 C:/Users/LENOVO/Documents/Reseaux_Ubiquitaire/hei-2019-2020-lab-sens-it-reinert-gerardin/sensit-sdk-v2.0.0/sdk/lib\libSENSIT_SDK_V2.0.0.a(usbd_core.o)
                0x080036f2                USBD_LL_Suspend
 .text.USBD_LL_Resume
                0x08003708        0xe C:/Users/LENOVO/Documents/Reseaux_Ubiquitaire/hei-2019-2020-lab-sens-it-reinert-gerardin/sensit-sdk-v2.0.0/sdk/lib\libSENSIT_SDK_V2.0.0.a(usbd_core.o)
                0x08003708                USBD_LL_Resume
 .text.USBD_LL_SOF
                0x08003716       0x1e C:/Users/LENOVO/Documents/Reseaux_Ubiquitaire/hei-2019-2020-lab-sens-it-reinert-gerardin/sensit-sdk-v2.0.0/sdk/lib\libSENSIT_SDK_V2.0.0.a(usbd_core.o)
                0x08003716                USBD_LL_SOF
 .text.USBD_CtlError.constprop.0
                0x08003734       0x14 C:/Users/LENOVO/Documents/Reseaux_Ubiquitaire/hei-2019-2020-lab-sens-it-reinert-gerardin/sensit-sdk-v2.0.0/sdk/lib\libSENSIT_SDK_V2.0.0.a(usbd_ctlreq.o)
 .text.USBD_StdDevReq
                0x08003748      0x224 C:/Users/LENOVO/Documents/Reseaux_Ubiquitaire/hei-2019-2020-lab-sens-it-reinert-gerardin/sensit-sdk-v2.0.0/sdk/lib\libSENSIT_SDK_V2.0.0.a(usbd_ctlreq.o)
                0x08003748                USBD_StdDevReq
 .text.USBD_StdItfReq
                0x0800396c       0x38 C:/Users/LENOVO/Documents/Reseaux_Ubiquitaire/hei-2019-2020-lab-sens-it-reinert-gerardin/sensit-sdk-v2.0.0/sdk/lib\libSENSIT_SDK_V2.0.0.a(usbd_ctlreq.o)
                0x0800396c                USBD_StdItfReq
 .text.USBD_StdEPReq
                0x080039a4       0xd4 C:/Users/LENOVO/Documents/Reseaux_Ubiquitaire/hei-2019-2020-lab-sens-it-reinert-gerardin/sensit-sdk-v2.0.0/sdk/lib\libSENSIT_SDK_V2.0.0.a(usbd_ctlreq.o)
                0x080039a4                USBD_StdEPReq
 .text.USBD_ParseSetupRequest
                0x08003a78       0x28 C:/Users/LENOVO/Documents/Reseaux_Ubiquitaire/hei-2019-2020-lab-sens-it-reinert-gerardin/sensit-sdk-v2.0.0/sdk/lib\libSENSIT_SDK_V2.0.0.a(usbd_ctlreq.o)
                0x08003a78                USBD_ParseSetupRequest
 .text.USBD_CtlSendData
                0x08003aa0       0x1c C:/Users/LENOVO/Documents/Reseaux_Ubiquitaire/hei-2019-2020-lab-sens-it-reinert-gerardin/sensit-sdk-v2.0.0/sdk/lib\libSENSIT_SDK_V2.0.0.a(usbd_ioreq.o)
                0x08003aa0                USBD_CtlSendData
 .text.USBD_CtlContinueSendData
                0x08003abc       0x10 C:/Users/LENOVO/Documents/Reseaux_Ubiquitaire/hei-2019-2020-lab-sens-it-reinert-gerardin/sensit-sdk-v2.0.0/sdk/lib\libSENSIT_SDK_V2.0.0.a(usbd_ioreq.o)
                0x08003abc                USBD_CtlContinueSendData
 .text.USBD_CtlContinueRx
                0x08003acc       0x10 C:/Users/LENOVO/Documents/Reseaux_Ubiquitaire/hei-2019-2020-lab-sens-it-reinert-gerardin/sensit-sdk-v2.0.0/sdk/lib\libSENSIT_SDK_V2.0.0.a(usbd_ioreq.o)
                0x08003acc                USBD_CtlContinueRx
 .text.USBD_CtlSendStatus
                0x08003adc       0x18 C:/Users/LENOVO/Documents/Reseaux_Ubiquitaire/hei-2019-2020-lab-sens-it-reinert-gerardin/sensit-sdk-v2.0.0/sdk/lib\libSENSIT_SDK_V2.0.0.a(usbd_ioreq.o)
                0x08003adc                USBD_CtlSendStatus
 .text.USBD_CtlReceiveStatus
                0x08003af4       0x18 C:/Users/LENOVO/Documents/Reseaux_Ubiquitaire/hei-2019-2020-lab-sens-it-reinert-gerardin/sensit-sdk-v2.0.0/sdk/lib\libSENSIT_SDK_V2.0.0.a(usbd_ioreq.o)
                0x08003af4                USBD_CtlReceiveStatus
 .text.WATCHDOG_clear
                0x08003b0c       0x10 C:/Users/LENOVO/Documents/Reseaux_Ubiquitaire/hei-2019-2020-lab-sens-it-reinert-gerardin/sensit-sdk-v2.0.0/sdk/lib\libSENSIT_SDK_V2.0.0.a(watchdog.o)
                0x08003b0c                WATCHDOG_clear
 .text.ADC_init
                0x08003b1c       0x88 C:/Users/LENOVO/Documents/Reseaux_Ubiquitaire/hei-2019-2020-lab-sens-it-reinert-gerardin/sensit-sdk-v2.0.0/sdk/lib\libSENSIT_SDK_V2.0.0.a(adc.o)
                0x08003b1c                ADC_init
 .text.ADC_measure_battery
                0x08003ba4       0x84 C:/Users/LENOVO/Documents/Reseaux_Ubiquitaire/hei-2019-2020-lab-sens-it-reinert-gerardin/sensit-sdk-v2.0.0/sdk/lib\libSENSIT_SDK_V2.0.0.a(adc.o)
                0x08003ba4                ADC_measure_battery
 .text.ADC_get_last_battery_level
                0x08003c28        0xc C:/Users/LENOVO/Documents/Reseaux_Ubiquitaire/hei-2019-2020-lab-sens-it-reinert-gerardin/sensit-sdk-v2.0.0/sdk/lib\libSENSIT_SDK_V2.0.0.a(adc.o)
                0x08003c28                ADC_get_last_battery_level
 .text.ADC_get_battery_level
                0x08003c34       0x10 C:/Users/LENOVO/Documents/Reseaux_Ubiquitaire/hei-2019-2020-lab-sens-it-reinert-gerardin/sensit-sdk-v2.0.0/sdk/lib\libSENSIT_SDK_V2.0.0.a(adc.o)
                0x08003c34                ADC_get_battery_level
 .text.ADC_measure_temperature
                0x08003c44       0x68 C:/Users/LENOVO/Documents/Reseaux_Ubiquitaire/hei-2019-2020-lab-sens-it-reinert-gerardin/sensit-sdk-v2.0.0/sdk/lib\libSENSIT_SDK_V2.0.0.a(adc.o)
                0x08003c44                ADC_measure_temperature
 .text.AESEncode
                0x08003cac      0x1c0 C:/Users/LENOVO/Documents/Reseaux_Ubiquitaire/hei-2019-2020-lab-sens-it-reinert-gerardin/sensit-sdk-v2.0.0/sdk/lib\libSENSIT_SDK_V2.0.0.a(aes.o)
                0x08003cac                AESEncode
 .text.calibReadHSI48clk
                0x08003e6c       0x84 C:/Users/LENOVO/Documents/Reseaux_Ubiquitaire/hei-2019-2020-lab-sens-it-reinert-gerardin/sensit-sdk-v2.0.0/sdk/lib\libSENSIT_SDK_V2.0.0.a(calib.o)
 .text.calibRTCclkIsCalibrated
                0x08003ef0      0x1a0 C:/Users/LENOVO/Documents/Reseaux_Ubiquitaire/hei-2019-2020-lab-sens-it-reinert-gerardin/sensit-sdk-v2.0.0/sdk/lib\libSENSIT_SDK_V2.0.0.a(calib.o)
                0x08003ef0                calibRTCclkIsCalibrated
 .text.calibHSI48clkIsCalibrated
                0x08004090       0x90 C:/Users/LENOVO/Documents/Reseaux_Ubiquitaire/hei-2019-2020-lab-sens-it-reinert-gerardin/sensit-sdk-v2.0.0/sdk/lib\libSENSIT_SDK_V2.0.0.a(calib.o)
                0x08004090                calibHSI48clkIsCalibrated
 .text.CC1125_send_strobe
                0x08004120       0x2c C:/Users/LENOVO/Documents/Reseaux_Ubiquitaire/hei-2019-2020-lab-sens-it-reinert-gerardin/sensit-sdk-v2.0.0/sdk/lib\libSENSIT_SDK_V2.0.0.a(cc1125.o)
                0x08004120                CC1125_send_strobe
 .text.CC1125_write_reg
                0x0800414c       0x54 C:/Users/LENOVO/Documents/Reseaux_Ubiquitaire/hei-2019-2020-lab-sens-it-reinert-gerardin/sensit-sdk-v2.0.0/sdk/lib\libSENSIT_SDK_V2.0.0.a(cc1125.o)
                0x0800414c                CC1125_write_reg
 .text.CC1125_read_reg
                0x080041a0       0x54 C:/Users/LENOVO/Documents/Reseaux_Ubiquitaire/hei-2019-2020-lab-sens-it-reinert-gerardin/sensit-sdk-v2.0.0/sdk/lib\libSENSIT_SDK_V2.0.0.a(cc1125.o)
                0x080041a0                CC1125_read_reg
 .text.CC1125_output_clock
                0x080041f4       0x18 C:/Users/LENOVO/Documents/Reseaux_Ubiquitaire/hei-2019-2020-lab-sens-it-reinert-gerardin/sensit-sdk-v2.0.0/sdk/lib\libSENSIT_SDK_V2.0.0.a(cc1125.o)
                0x080041f4                CC1125_output_clock
 .text.CRC_compute
                0x0800420c       0x4c C:/Users/LENOVO/Documents/Reseaux_Ubiquitaire/hei-2019-2020-lab-sens-it-reinert-gerardin/sensit-sdk-v2.0.0/sdk/lib\libSENSIT_SDK_V2.0.0.a(crc.o)
                0x0800420c                CRC_compute
 .text.FLASH_unlock
                0x08004258       0x3c C:/Users/LENOVO/Documents/Reseaux_Ubiquitaire/hei-2019-2020-lab-sens-it-reinert-gerardin/sensit-sdk-v2.0.0/sdk/lib\libSENSIT_SDK_V2.0.0.a(flash.o)
                0x08004258                FLASH_unlock
 .text.FLASH_lock
                0x08004294       0x14 C:/Users/LENOVO/Documents/Reseaux_Ubiquitaire/hei-2019-2020-lab-sens-it-reinert-gerardin/sensit-sdk-v2.0.0/sdk/lib\libSENSIT_SDK_V2.0.0.a(flash.o)
                0x08004294                FLASH_lock
 .text.FLASH_write
                0x080042a8       0x40 C:/Users/LENOVO/Documents/Reseaux_Ubiquitaire/hei-2019-2020-lab-sens-it-reinert-gerardin/sensit-sdk-v2.0.0/sdk/lib\libSENSIT_SDK_V2.0.0.a(flash.o)
                0x080042a8                FLASH_write
 .text.FLASH_erase_page
                0x080042e8       0x90 C:/Users/LENOVO/Documents/Reseaux_Ubiquitaire/hei-2019-2020-lab-sens-it-reinert-gerardin/sensit-sdk-v2.0.0/sdk/lib\libSENSIT_SDK_V2.0.0.a(flash.o)
                0x080042e8                FLASH_erase_page
 .text._handler
                0x08004378       0x44 C:/Users/LENOVO/Documents/Reseaux_Ubiquitaire/hei-2019-2020-lab-sens-it-reinert-gerardin/sensit-sdk-v2.0.0/sdk/lib\libSENSIT_SDK_V2.0.0.a(gpio.o)
 .text.GPIO_init
                0x080043bc       0xcc C:/Users/LENOVO/Documents/Reseaux_Ubiquitaire/hei-2019-2020-lab-sens-it-reinert-gerardin/sensit-sdk-v2.0.0/sdk/lib\libSENSIT_SDK_V2.0.0.a(gpio.o)
                0x080043bc                GPIO_init
 .text.EXTI4_15_IRQHandler
                0x08004488       0x88 C:/Users/LENOVO/Documents/Reseaux_Ubiquitaire/hei-2019-2020-lab-sens-it-reinert-gerardin/sensit-sdk-v2.0.0/sdk/lib\libSENSIT_SDK_V2.0.0.a(gpio.o)
                0x08004488                EXTI4_15_IRQHandler
 .text.HardFault_Handler
                0x08004510        0x8 C:/Users/LENOVO/Documents/Reseaux_Ubiquitaire/hei-2019-2020-lab-sens-it-reinert-gerardin/sensit-sdk-v2.0.0/sdk/lib\libSENSIT_SDK_V2.0.0.a(gpio.o)
                0x08004510                HardFault_Handler
 .text.NMI_Handler
                0x08004518        0x8 C:/Users/LENOVO/Documents/Reseaux_Ubiquitaire/hei-2019-2020-lab-sens-it-reinert-gerardin/sensit-sdk-v2.0.0/sdk/lib\libSENSIT_SDK_V2.0.0.a(gpio.o)
                0x08004518                NMI_Handler
 .text.WWDG_IRQHandler
                0x08004520        0x8 C:/Users/LENOVO/Documents/Reseaux_Ubiquitaire/hei-2019-2020-lab-sens-it-reinert-gerardin/sensit-sdk-v2.0.0/sdk/lib\libSENSIT_SDK_V2.0.0.a(gpio.o)
                0x08004520                WWDG_IRQHandler
 .text.I2C_init
                0x08004528       0x30 C:/Users/LENOVO/Documents/Reseaux_Ubiquitaire/hei-2019-2020-lab-sens-it-reinert-gerardin/sensit-sdk-v2.0.0/sdk/lib\libSENSIT_SDK_V2.0.0.a(i2c.o)
                0x08004528                I2C_init
 .text.I2C_write_read
                0x08004558      0x160 C:/Users/LENOVO/Documents/Reseaux_Ubiquitaire/hei-2019-2020-lab-sens-it-reinert-gerardin/sensit-sdk-v2.0.0/sdk/lib\libSENSIT_SDK_V2.0.0.a(i2c.o)
                0x08004558                I2C_write_read
 .text.LED_set_toggle_color
                0x080046b8        0xc C:/Users/LENOVO/Documents/Reseaux_Ubiquitaire/hei-2019-2020-lab-sens-it-reinert-gerardin/sensit-sdk-v2.0.0/sdk/lib\libSENSIT_SDK_V2.0.0.a(led.o)
                0x080046b8                LED_set_toggle_color
 .text.LED_toggle
                0x080046c4       0x5c C:/Users/LENOVO/Documents/Reseaux_Ubiquitaire/hei-2019-2020-lab-sens-it-reinert-gerardin/sensit-sdk-v2.0.0/sdk/lib\libSENSIT_SDK_V2.0.0.a(led.o)
                0x080046c4                LED_toggle
 .text.my_memcpy
                0x08004720       0x1c C:/Users/LENOVO/Documents/Reseaux_Ubiquitaire/hei-2019-2020-lab-sens-it-reinert-gerardin/sensit-sdk-v2.0.0/sdk/lib\libSENSIT_SDK_V2.0.0.a(my_string.o)
                0x08004720                my_memcpy
 .text.my_memcmp
                0x0800473c       0x1c C:/Users/LENOVO/Documents/Reseaux_Ubiquitaire/hei-2019-2020-lab-sens-it-reinert-gerardin/sensit-sdk-v2.0.0/sdk/lib\libSENSIT_SDK_V2.0.0.a(my_string.o)
                0x0800473c                my_memcmp
 .text.RF_API_init
                0x08004758       0x64 C:/Users/LENOVO/Documents/Reseaux_Ubiquitaire/hei-2019-2020-lab-sens-it-reinert-gerardin/sensit-sdk-v2.0.0/sdk/lib\libSENSIT_SDK_V2.0.0.a(rf_api.o)
                0x08004758                RF_API_init
 .text.RF_API_stop
                0x080047bc       0x28 C:/Users/LENOVO/Documents/Reseaux_Ubiquitaire/hei-2019-2020-lab-sens-it-reinert-gerardin/sensit-sdk-v2.0.0/sdk/lib\libSENSIT_SDK_V2.0.0.a(rf_api.o)
                0x080047bc                RF_API_stop
 .text.RF_API_send
                0x080047e4       0x3c C:/Users/LENOVO/Documents/Reseaux_Ubiquitaire/hei-2019-2020-lab-sens-it-reinert-gerardin/sensit-sdk-v2.0.0/sdk/lib\libSENSIT_SDK_V2.0.0.a(rf_api.o)
                0x080047e4                RF_API_send
 .text.RF_API_change_frequency
                0x08004820      0x180 C:/Users/LENOVO/Documents/Reseaux_Ubiquitaire/hei-2019-2020-lab-sens-it-reinert-gerardin/sensit-sdk-v2.0.0/sdk/lib\libSENSIT_SDK_V2.0.0.a(rf_api.o)
                0x08004820                RF_API_change_frequency
 .text.RF_API_wait_frame
                0x080049a0       0xe0 C:/Users/LENOVO/Documents/Reseaux_Ubiquitaire/hei-2019-2020-lab-sens-it-reinert-gerardin/sensit-sdk-v2.0.0/sdk/lib\libSENSIT_SDK_V2.0.0.a(rf_api.o)
                0x080049a0                RF_API_wait_frame
 .text.RF_API_wait_for_clear_channel
                0x08004a80       0xb0 C:/Users/LENOVO/Documents/Reseaux_Ubiquitaire/hei-2019-2020-lab-sens-it-reinert-gerardin/sensit-sdk-v2.0.0/sdk/lib\libSENSIT_SDK_V2.0.0.a(rf_api.o)
                0x08004a80                RF_API_wait_for_clear_channel
 .text.SIGFOX_CRC_crc16
                0x08004b30       0x3c C:/Users/LENOVO/Documents/Reseaux_Ubiquitaire/hei-2019-2020-lab-sens-it-reinert-gerardin/sensit-sdk-v2.0.0/sdk/lib\libSENSIT_SDK_V2.0.0.a(sigfox_crc.o)
                0x08004b30                SIGFOX_CRC_crc16
 .text.SIGFOX_CRC_crc8
                0x08004b6c       0x34 C:/Users/LENOVO/Documents/Reseaux_Ubiquitaire/hei-2019-2020-lab-sens-it-reinert-gerardin/sensit-sdk-v2.0.0/sdk/lib\libSENSIT_SDK_V2.0.0.a(sigfox_crc.o)
                0x08004b6c                SIGFOX_CRC_crc8
 .text.SIGFOX_DECODE_dewhitening_pn
                0x08004ba0       0x26 C:/Users/LENOVO/Documents/Reseaux_Ubiquitaire/hei-2019-2020-lab-sens-it-reinert-gerardin/sensit-sdk-v2.0.0/sdk/lib\libSENSIT_SDK_V2.0.0.a(sigfox_decode.o)
 *fill*         0x08004bc6        0x2 
 .text.SIGFOX_DECODE_decode_frame
                0x08004bc8      0x164 C:/Users/LENOVO/Documents/Reseaux_Ubiquitaire/hei-2019-2020-lab-sens-it-reinert-gerardin/sensit-sdk-v2.0.0/sdk/lib\libSENSIT_SDK_V2.0.0.a(sigfox_decode.o)
                0x08004bc8                SIGFOX_DECODE_decode_frame
 .text.SIGFOX_HMAC_compute_aes
                0x08004d2c       0x54 C:/Users/LENOVO/Documents/Reseaux_Ubiquitaire/hei-2019-2020-lab-sens-it-reinert-gerardin/sensit-sdk-v2.0.0/sdk/lib\libSENSIT_SDK_V2.0.0.a(sigfox_hmac.o)
                0x08004d2c                SIGFOX_HMAC_compute_aes
 .text.PCD_WritePMA
                0x08004d80       0x28 C:/Users/LENOVO/Documents/Reseaux_Ubiquitaire/hei-2019-2020-lab-sens-it-reinert-gerardin/sensit-sdk-v2.0.0/sdk/lib\libSENSIT_SDK_V2.0.0.a(stm32f0xx_hal_pcd.o)
 .text.PCD_ReadPMA
                0x08004da8       0x20 C:/Users/LENOVO/Documents/Reseaux_Ubiquitaire/hei-2019-2020-lab-sens-it-reinert-gerardin/sensit-sdk-v2.0.0/sdk/lib\libSENSIT_SDK_V2.0.0.a(stm32f0xx_hal_pcd.o)
 .text.HAL_PCD_SetAddress
                0x08004dc8       0x2c C:/Users/LENOVO/Documents/Reseaux_Ubiquitaire/hei-2019-2020-lab-sens-it-reinert-gerardin/sensit-sdk-v2.0.0/sdk/lib\libSENSIT_SDK_V2.0.0.a(stm32f0xx_hal_pcd.o)
                0x08004dc8                HAL_PCD_SetAddress
 .text.HAL_PCD_EP_Open
                0x08004df4      0x2b0 C:/Users/LENOVO/Documents/Reseaux_Ubiquitaire/hei-2019-2020-lab-sens-it-reinert-gerardin/sensit-sdk-v2.0.0/sdk/lib\libSENSIT_SDK_V2.0.0.a(stm32f0xx_hal_pcd.o)
                0x08004df4                HAL_PCD_EP_Open
 .text.HAL_PCD_EP_Receive
                0x080050a4       0xe8 C:/Users/LENOVO/Documents/Reseaux_Ubiquitaire/hei-2019-2020-lab-sens-it-reinert-gerardin/sensit-sdk-v2.0.0/sdk/lib\libSENSIT_SDK_V2.0.0.a(stm32f0xx_hal_pcd.o)
                0x080050a4                HAL_PCD_EP_Receive
 .text.HAL_PCD_EP_Transmit
                0x0800518c      0x1e4 C:/Users/LENOVO/Documents/Reseaux_Ubiquitaire/hei-2019-2020-lab-sens-it-reinert-gerardin/sensit-sdk-v2.0.0/sdk/lib\libSENSIT_SDK_V2.0.0.a(stm32f0xx_hal_pcd.o)
                0x0800518c                HAL_PCD_EP_Transmit
 .text.HAL_PCD_IRQHandler
                0x08005370      0x464 C:/Users/LENOVO/Documents/Reseaux_Ubiquitaire/hei-2019-2020-lab-sens-it-reinert-gerardin/sensit-sdk-v2.0.0/sdk/lib\libSENSIT_SDK_V2.0.0.a(stm32f0xx_hal_pcd.o)
                0x08005370                HAL_PCD_IRQHandler
 .text.HAL_PCD_EP_SetStall
                0x080057d4       0x90 C:/Users/LENOVO/Documents/Reseaux_Ubiquitaire/hei-2019-2020-lab-sens-it-reinert-gerardin/sensit-sdk-v2.0.0/sdk/lib\libSENSIT_SDK_V2.0.0.a(stm32f0xx_hal_pcd.o)
                0x080057d4                HAL_PCD_EP_SetStall
 .text.HAL_PCD_EP_ClrStall
                0x08005864       0xbc C:/Users/LENOVO/Documents/Reseaux_Ubiquitaire/hei-2019-2020-lab-sens-it-reinert-gerardin/sensit-sdk-v2.0.0/sdk/lib\libSENSIT_SDK_V2.0.0.a(stm32f0xx_hal_pcd.o)
                0x08005864                HAL_PCD_EP_ClrStall
 .text.MODULATION_ramp_up
                0x08005920       0x28 C:/Users/LENOVO/Documents/Reseaux_Ubiquitaire/hei-2019-2020-lab-sens-it-reinert-gerardin/sensit-sdk-v2.0.0/sdk/lib\libSENSIT_SDK_V2.0.0.a(modulation.o)
 .text.MODULATION_ramp_down
                0x08005948       0x2c C:/Users/LENOVO/Documents/Reseaux_Ubiquitaire/hei-2019-2020-lab-sens-it-reinert-gerardin/sensit-sdk-v2.0.0/sdk/lib\libSENSIT_SDK_V2.0.0.a(modulation.o)
 .text.MODULATION_init
                0x08005974       0xe0 C:/Users/LENOVO/Documents/Reseaux_Ubiquitaire/hei-2019-2020-lab-sens-it-reinert-gerardin/sensit-sdk-v2.0.0/sdk/lib\libSENSIT_SDK_V2.0.0.a(modulation.o)
                0x08005974                MODULATION_init
 .text.MODULATION_stop
                0x08005a54       0x3c C:/Users/LENOVO/Documents/Reseaux_Ubiquitaire/hei-2019-2020-lab-sens-it-reinert-gerardin/sensit-sdk-v2.0.0/sdk/lib\libSENSIT_SDK_V2.0.0.a(modulation.o)
                0x08005a54                MODULATION_stop
 .text.MODULATION_process
                0x08005a90       0xa4 C:/Users/LENOVO/Documents/Reseaux_Ubiquitaire/hei-2019-2020-lab-sens-it-reinert-gerardin/sensit-sdk-v2.0.0/sdk/lib\libSENSIT_SDK_V2.0.0.a(modulation.o)
                0x08005a90                MODULATION_process
 .text.TIM2_IRQHandler
                0x08005b34       0x2c C:/Users/LENOVO/Documents/Reseaux_Ubiquitaire/hei-2019-2020-lab-sens-it-reinert-gerardin/sensit-sdk-v2.0.0/sdk/lib\libSENSIT_SDK_V2.0.0.a(modulation.o)
                0x08005b34                TIM2_IRQHandler
 .text.__libc_init_array
                0x08005b60       0x44 c:/program files (x86)/gnu tools arm embedded/8 2019-q3-update/bin/../lib/gcc/arm-none-eabi/8.3.1/../../../../arm-none-eabi/lib/thumb/v6-m/nofp\libc.a(lib_a-init.o)
                0x08005b60                __libc_init_array
 .text.memset   0x08005ba4       0xa8 c:/program files (x86)/gnu tools arm embedded/8 2019-q3-update/bin/../lib/gcc/arm-none-eabi/8.3.1/../../../../arm-none-eabi/lib/thumb/v6-m/nofp\libc.a(lib_a-memset.o)
                0x08005ba4                memset
 *(.glue_7)
 .glue_7        0x08005c4c        0x0 linker stubs
 *(.glue_7t)
 .glue_7t       0x08005c4c        0x0 linker stubs
 *(.eh_frame)
 *(.init)
 *(.fini)
                0x08005c4c                . = ALIGN (0x4)
                0x08005c4c                _etext = .

.vfp11_veneer   0x08005c4c        0x0
 .vfp11_veneer  0x08005c4c        0x0 linker stubs

.v4_bx          0x08005c4c        0x0
 .v4_bx         0x08005c4c        0x0 linker stubs

.iplt           0x08005c4c        0x0
 .iplt          0x08005c4c        0x0 C:/Users/LENOVO/Documents/Reseaux_Ubiquitaire/hei-2019-2020-lab-sens-it-reinert-gerardin/sensit-sdk-v2.0.0/sdk/obj/error.o

.rodata         0x08005c4c      0x3f0
                0x08005c4c                . = ALIGN (0x4)
 *(.rodata)
 .rodata        0x08005c4c       0x10 C:/Users/LENOVO/Documents/Reseaux_Ubiquitaire/hei-2019-2020-lab-sens-it-reinert-gerardin/sensit-sdk-v2.0.0/sdk/lib\libSENSIT_SDK_V2.0.0.a(nvmem_api.o)
 .rodata        0x08005c5c       0x34 C:/Users/LENOVO/Documents/Reseaux_Ubiquitaire/hei-2019-2020-lab-sens-it-reinert-gerardin/sensit-sdk-v2.0.0/sdk/lib\libSENSIT_SDK_V2.0.0.a(sigfox_internal.o)
                0x08005c5c                fsync_lut_tx
                0x08005c80                public_key
 .rodata        0x08005c90       0x10 C:/Users/LENOVO/Documents/Reseaux_Ubiquitaire/hei-2019-2020-lab-sens-it-reinert-gerardin/sensit-sdk-v2.0.0/sdk/lib\libSENSIT_SDK_V2.0.0.a(sigfox_scramb.o)
 .rodata        0x08005ca0      0x100 C:/Users/LENOVO/Documents/Reseaux_Ubiquitaire/hei-2019-2020-lab-sens-it-reinert-gerardin/sensit-sdk-v2.0.0/sdk/lib\libSENSIT_SDK_V2.0.0.a(aes.o)
                0x08005ca0                STable
 .rodata        0x08005da0      0x190 C:/Users/LENOVO/Documents/Reseaux_Ubiquitaire/hei-2019-2020-lab-sens-it-reinert-gerardin/sensit-sdk-v2.0.0/sdk/lib\libSENSIT_SDK_V2.0.0.a(rf_api.o)
 .rodata        0x08005f30       0x20 C:/Users/LENOVO/Documents/Reseaux_Ubiquitaire/hei-2019-2020-lab-sens-it-reinert-gerardin/sensit-sdk-v2.0.0/sdk/lib\libSENSIT_SDK_V2.0.0.a(sigfox_decode.o)
                0x08005f30                pow_alpha
                0x08005f40                log_alpha
 .rodata        0x08005f50       0xac c:/program files (x86)/gnu tools arm embedded/8 2019-q3-update/bin/../lib/gcc/arm-none-eabi/8.3.1/thumb/v6-m/nofp\libgcc.a(divsf3.o)
 .rodata        0x08005ffc       0x40 c:/program files (x86)/gnu tools arm embedded/8 2019-q3-update/bin/../lib/gcc/arm-none-eabi/8.3.1/thumb/v6-m/nofp\libgcc.a(mulsf3.o)
 *(.rodata*)
                0x0800603c                . = ALIGN (0x4)

.rel.dyn        0x0800603c        0x0
 .rel.iplt      0x0800603c        0x0 C:/Users/LENOVO/Documents/Reseaux_Ubiquitaire/hei-2019-2020-lab-sens-it-reinert-gerardin/sensit-sdk-v2.0.0/sdk/obj/error.o

.ARM.extab      0x0800603c        0x0
                0x0800603c                . = ALIGN (0x4)
 *(.ARM.extab* .gnu.linkonce.armextab.*)
                0x0800603c                . = ALIGN (0x4)

.ARM            0x0800603c        0x0
                0x0800603c                . = ALIGN (0x4)
                0x0800603c                __exidx_start = .
 *(.ARM.exidx*)
                0x0800603c                __exidx_end = .
                0x0800603c                . = ALIGN (0x4)

.preinit_array  0x0800603c        0x0
                0x0800603c                . = ALIGN (0x4)
                0x0800603c                PROVIDE (__preinit_array_start = .)
 *(.preinit_array*)
                0x0800603c                PROVIDE (__preinit_array_end = .)
                0x0800603c                . = ALIGN (0x4)

.init_array     0x0800603c        0x0
                0x0800603c                . = ALIGN (0x4)
                0x0800603c                PROVIDE (__init_array_start = .)
 *(SORT_BY_NAME(.init_array.*))
 *(.init_array*)
                0x0800603c                PROVIDE (__init_array_end = .)
                0x0800603c                . = ALIGN (0x4)

.fini_array     0x0800603c        0x0
                0x0800603c                . = ALIGN (0x4)
                [!provide]                PROVIDE (__fini_array_start = .)
 *(SORT_BY_NAME(.fini_array.*))
 *(.fini_array*)
                [!provide]                PROVIDE (__fini_array_end = .)
                0x0800603c                . = ALIGN (0x4)
                0x0800603c                _sidata = LOADADDR (.data)

.data           0x20000000      0x1e8 load address 0x0800603c
                0x20000000                . = ALIGN (0x4)
                0x20000000                _sdata = .
 *(.data)
 .data          0x20000000        0x2 C:/Users/LENOVO/Documents/Reseaux_Ubiquitaire/hei-2019-2020-lab-sens-it-reinert-gerardin/sensit-sdk-v2.0.0/sdk/obj/battery.o
 *fill*         0x20000002        0x2 
 .data          0x20000004       0xa0 C:/Users/LENOVO/Documents/Reseaux_Ubiquitaire/hei-2019-2020-lab-sens-it-reinert-gerardin/sensit-sdk-v2.0.0/sdk/obj/radio_api.o
 .data          0x200000a4       0x10 C:/Users/LENOVO/Documents/Reseaux_Ubiquitaire/hei-2019-2020-lab-sens-it-reinert-gerardin/sensit-sdk-v2.0.0/sdk/obj/main.o
                0x200000a4                firmware_version
 .data          0x200000b4       0x15 C:/Users/LENOVO/Documents/Reseaux_Ubiquitaire/hei-2019-2020-lab-sens-it-reinert-gerardin/sensit-sdk-v2.0.0/sdk/lib\libSENSIT_SDK_V2.0.0.a(nvmem_api.o)
 .data          0x200000c9        0x1 C:/Users/LENOVO/Documents/Reseaux_Ubiquitaire/hei-2019-2020-lab-sens-it-reinert-gerardin/sensit-sdk-v2.0.0/sdk/lib\libSENSIT_SDK_V2.0.0.a(radio.o)
 .data          0x200000ca      0x11d C:/Users/LENOVO/Documents/Reseaux_Ubiquitaire/hei-2019-2020-lab-sens-it-reinert-gerardin/sensit-sdk-v2.0.0/sdk/lib\libSENSIT_SDK_V2.0.0.a(modulation.o)
 *(.data*)
                0x200001e8                . = ALIGN (0x4)
 *fill*         0x200001e7        0x1 
                0x200001e8                _edata = .

.igot.plt       0x200001e8        0x0 load address 0x08006224
 .igot.plt      0x200001e8        0x0 C:/Users/LENOVO/Documents/Reseaux_Ubiquitaire/hei-2019-2020-lab-sens-it-reinert-gerardin/sensit-sdk-v2.0.0/sdk/obj/error.o
                0x200001e8                . = ALIGN (0x4)

.bss            0x200001e8      0x5d0 load address 0x08006224
                0x200001e8                _sbss = .
                0x200001e8                __bss_start__ = _sbss
 *(.bss)
 .bss           0x200001e8        0x1 C:/Users/LENOVO/Documents/Reseaux_Ubiquitaire/hei-2019-2020-lab-sens-it-reinert-gerardin/sensit-sdk-v2.0.0/sdk/obj/radio_api.o
 *fill*         0x200001e9        0x3 
 .bss           0x200001ec       0x50 C:/Users/LENOVO/Documents/Reseaux_Ubiquitaire/hei-2019-2020-lab-sens-it-reinert-gerardin/sensit-sdk-v2.0.0/sdk/obj/etsi.o
 .bss           0x2000023c       0x10 C:/Users/LENOVO/Documents/Reseaux_Ubiquitaire/hei-2019-2020-lab-sens-it-reinert-gerardin/sensit-sdk-v2.0.0/sdk/obj/fcc.o
 .bss           0x2000024c       0x10 C:/Users/LENOVO/Documents/Reseaux_Ubiquitaire/hei-2019-2020-lab-sens-it-reinert-gerardin/sensit-sdk-v2.0.0/sdk/obj/hts221.o
 .bss           0x2000025c       0xa8 C:/Users/LENOVO/Documents/Reseaux_Ubiquitaire/hei-2019-2020-lab-sens-it-reinert-gerardin/sensit-sdk-v2.0.0/sdk/lib\libSENSIT_SDK_V2.0.0.a(mcu_api.o)
 .bss           0x20000304       0x14 C:/Users/LENOVO/Documents/Reseaux_Ubiquitaire/hei-2019-2020-lab-sens-it-reinert-gerardin/sensit-sdk-v2.0.0/sdk/lib\libSENSIT_SDK_V2.0.0.a(nvmem_api.o)
 .bss           0x20000318        0x1 C:/Users/LENOVO/Documents/Reseaux_Ubiquitaire/hei-2019-2020-lab-sens-it-reinert-gerardin/sensit-sdk-v2.0.0/sdk/lib\libSENSIT_SDK_V2.0.0.a(radio.o)
 *fill*         0x20000319        0x3 
 .bss           0x2000031c        0xc C:/Users/LENOVO/Documents/Reseaux_Ubiquitaire/hei-2019-2020-lab-sens-it-reinert-gerardin/sensit-sdk-v2.0.0/sdk/lib\libSENSIT_SDK_V2.0.0.a(rtc.o)
                0x2000031c                rtc_current_time
                0x20000320                rtc_alarm_timer
                0x20000324                rx_timer
 .bss           0x20000328        0x1 C:/Users/LENOVO/Documents/Reseaux_Ubiquitaire/hei-2019-2020-lab-sens-it-reinert-gerardin/sensit-sdk-v2.0.0/sdk/lib\libSENSIT_SDK_V2.0.0.a(sigfox_api.o)
                0x20000328                g_state
 .bss           0x20000329        0x1 C:/Users/LENOVO/Documents/Reseaux_Ubiquitaire/hei-2019-2020-lab-sens-it-reinert-gerardin/sensit-sdk-v2.0.0/sdk/lib\libSENSIT_SDK_V2.0.0.a(sleep.o)
 .bss           0x2000032a      0x204 C:/Users/LENOVO/Documents/Reseaux_Ubiquitaire/hei-2019-2020-lab-sens-it-reinert-gerardin/sensit-sdk-v2.0.0/sdk/lib\libSENSIT_SDK_V2.0.0.a(uart.o)
 .bss           0x2000052e        0x1 C:/Users/LENOVO/Documents/Reseaux_Ubiquitaire/hei-2019-2020-lab-sens-it-reinert-gerardin/sensit-sdk-v2.0.0/sdk/lib\libSENSIT_SDK_V2.0.0.a(usbd_ctlreq.o)
 *fill*         0x2000052f        0x1 
 .bss           0x20000530        0x4 C:/Users/LENOVO/Documents/Reseaux_Ubiquitaire/hei-2019-2020-lab-sens-it-reinert-gerardin/sensit-sdk-v2.0.0/sdk/lib\libSENSIT_SDK_V2.0.0.a(adc.o)
 .bss           0x20000534        0xc C:/Users/LENOVO/Documents/Reseaux_Ubiquitaire/hei-2019-2020-lab-sens-it-reinert-gerardin/sensit-sdk-v2.0.0/sdk/lib\libSENSIT_SDK_V2.0.0.a(calib.o)
 .bss           0x20000540        0x1 C:/Users/LENOVO/Documents/Reseaux_Ubiquitaire/hei-2019-2020-lab-sens-it-reinert-gerardin/sensit-sdk-v2.0.0/sdk/lib\libSENSIT_SDK_V2.0.0.a(led.o)
 *fill*         0x20000541        0x3 
 .bss           0x20000544       0x1d C:/Users/LENOVO/Documents/Reseaux_Ubiquitaire/hei-2019-2020-lab-sens-it-reinert-gerardin/sensit-sdk-v2.0.0/sdk/lib\libSENSIT_SDK_V2.0.0.a(modulation.o)
 *(.bss*)
 *(COMMON)
 COMMON         0x20000561        0x1 C:/Users/LENOVO/Documents/Reseaux_Ubiquitaire/hei-2019-2020-lab-sens-it-reinert-gerardin/sensit-sdk-v2.0.0/sdk/obj/error.o
                0x20000561                pending_interrupt
 *fill*         0x20000562        0x2 
 COMMON         0x20000564        0x9 C:/Users/LENOVO/Documents/Reseaux_Ubiquitaire/hei-2019-2020-lab-sens-it-reinert-gerardin/sensit-sdk-v2.0.0/sdk/lib\libSENSIT_SDK_V2.0.0.a(mcu_api.o)
                0x20000564                sleep_end
                0x20000568                cs_timer
                0x2000056c                tx_end
 *fill*         0x2000056d        0x3 
 COMMON         0x20000570        0x4 C:/Users/LENOVO/Documents/Reseaux_Ubiquitaire/hei-2019-2020-lab-sens-it-reinert-gerardin/sensit-sdk-v2.0.0/sdk/lib\libSENSIT_SDK_V2.0.0.a(rtc.o)
                0x20000570                rtc_alarm_reload
 COMMON         0x20000574        0x4 C:/Users/LENOVO/Documents/Reseaux_Ubiquitaire/hei-2019-2020-lab-sens-it-reinert-gerardin/sensit-sdk-v2.0.0/sdk/lib\libSENSIT_SDK_V2.0.0.a(sigfox_api.o)
                0x20000574                rs
 COMMON         0x20000578      0x220 C:/Users/LENOVO/Documents/Reseaux_Ubiquitaire/hei-2019-2020-lab-sens-it-reinert-gerardin/sensit-sdk-v2.0.0/sdk/lib\libSENSIT_SDK_V2.0.0.a(usbd_conf.o)
                0x20000578                hpcd_USB_FS
 COMMON         0x20000798       0x20 C:/Users/LENOVO/Documents/Reseaux_Ubiquitaire/hei-2019-2020-lab-sens-it-reinert-gerardin/sensit-sdk-v2.0.0/sdk/lib\libSENSIT_SDK_V2.0.0.a(sigfox_hmac.o)
                0x20000798                aes_in
                0x200007b8                . = ALIGN (0x4)
                0x200007b8                _ebss = .
                0x200007b8                __bss_end__ = _ebss

._user_heap_stack
                0x200007b8      0x400 load address 0x08006224
                0x200007b8                . = ALIGN (0x8)
                [!provide]                PROVIDE (end = .)
                [!provide]                PROVIDE (_end = .)
                0x200007b8                . = (. + _Min_Heap_Size)
                0x20000bb8                . = (. + _Min_Stack_Size)
 *fill*         0x200007b8      0x400 
                0x20000bb8                . = ALIGN (0x8)

/DISCARD/
 libc.a(*)
 libm.a(*)
 libgcc.a(*)

.ARM.attributes
                0x00000000       0x2a
 *(.ARM.attributes)
 .ARM.attributes
                0x00000000       0x2c C:/Users/LENOVO/Documents/Reseaux_Ubiquitaire/hei-2019-2020-lab-sens-it-reinert-gerardin/sensit-sdk-v2.0.0/sdk/obj/error.o
 .ARM.attributes
                0x0000002c       0x2c C:/Users/LENOVO/Documents/Reseaux_Ubiquitaire/hei-2019-2020-lab-sens-it-reinert-gerardin/sensit-sdk-v2.0.0/sdk/obj/button.o
 .ARM.attributes
                0x00000058       0x2c C:/Users/LENOVO/Documents/Reseaux_Ubiquitaire/hei-2019-2020-lab-sens-it-reinert-gerardin/sensit-sdk-v2.0.0/sdk/obj/battery.o
 .ARM.attributes
                0x00000084       0x2c C:/Users/LENOVO/Documents/Reseaux_Ubiquitaire/hei-2019-2020-lab-sens-it-reinert-gerardin/sensit-sdk-v2.0.0/sdk/obj/callback.o
 .ARM.attributes
                0x000000b0       0x2c C:/Users/LENOVO/Documents/Reseaux_Ubiquitaire/hei-2019-2020-lab-sens-it-reinert-gerardin/sensit-sdk-v2.0.0/sdk/obj/radio_api.o
 .ARM.attributes
                0x000000dc       0x2c C:/Users/LENOVO/Documents/Reseaux_Ubiquitaire/hei-2019-2020-lab-sens-it-reinert-gerardin/sensit-sdk-v2.0.0/sdk/obj/etsi.o
 .ARM.attributes
                0x00000108       0x2c C:/Users/LENOVO/Documents/Reseaux_Ubiquitaire/hei-2019-2020-lab-sens-it-reinert-gerardin/sensit-sdk-v2.0.0/sdk/obj/fcc.o
 .ARM.attributes
                0x00000134       0x2c C:/Users/LENOVO/Documents/Reseaux_Ubiquitaire/hei-2019-2020-lab-sens-it-reinert-gerardin/sensit-sdk-v2.0.0/sdk/obj/hts221.o
 .ARM.attributes
                0x00000160       0x2c C:/Users/LENOVO/Documents/Reseaux_Ubiquitaire/hei-2019-2020-lab-sens-it-reinert-gerardin/sensit-sdk-v2.0.0/sdk/obj/ltr329.o
 .ARM.attributes
                0x0000018c       0x2c C:/Users/LENOVO/Documents/Reseaux_Ubiquitaire/hei-2019-2020-lab-sens-it-reinert-gerardin/sensit-sdk-v2.0.0/sdk/obj/fxos8700.o
 .ARM.attributes
                0x000001b8       0x2c C:/Users/LENOVO/Documents/Reseaux_Ubiquitaire/hei-2019-2020-lab-sens-it-reinert-gerardin/sensit-sdk-v2.0.0/sdk/obj/discovery.o
 .ARM.attributes
                0x000001e4       0x2c C:/Users/LENOVO/Documents/Reseaux_Ubiquitaire/hei-2019-2020-lab-sens-it-reinert-gerardin/sensit-sdk-v2.0.0/sdk/obj/main.o
 .ARM.attributes
                0x00000210       0x31 C:/Users/LENOVO/Documents/Reseaux_Ubiquitaire/hei-2019-2020-lab-sens-it-reinert-gerardin/sensit-sdk-v2.0.0/sdk/lib\libSENSIT_SDK_V2.0.0.a(mcu_api.o)
 .ARM.attributes
                0x00000241       0x31 C:/Users/LENOVO/Documents/Reseaux_Ubiquitaire/hei-2019-2020-lab-sens-it-reinert-gerardin/sensit-sdk-v2.0.0/sdk/lib\libSENSIT_SDK_V2.0.0.a(nvmem_api.o)
 .ARM.attributes
                0x00000272       0x31 C:/Users/LENOVO/Documents/Reseaux_Ubiquitaire/hei-2019-2020-lab-sens-it-reinert-gerardin/sensit-sdk-v2.0.0/sdk/lib\libSENSIT_SDK_V2.0.0.a(radio.o)
 .ARM.attributes
                0x000002a3       0x31 C:/Users/LENOVO/Documents/Reseaux_Ubiquitaire/hei-2019-2020-lab-sens-it-reinert-gerardin/sensit-sdk-v2.0.0/sdk/lib\libSENSIT_SDK_V2.0.0.a(rtc.o)
 .ARM.attributes
                0x000002d4       0x31 C:/Users/LENOVO/Documents/Reseaux_Ubiquitaire/hei-2019-2020-lab-sens-it-reinert-gerardin/sensit-sdk-v2.0.0/sdk/lib\libSENSIT_SDK_V2.0.0.a(sensit_api.o)
 .ARM.attributes
                0x00000305       0x31 C:/Users/LENOVO/Documents/Reseaux_Ubiquitaire/hei-2019-2020-lab-sens-it-reinert-gerardin/sensit-sdk-v2.0.0/sdk/lib\libSENSIT_SDK_V2.0.0.a(sigfox_api.o)
 .ARM.attributes
                0x00000336       0x31 C:/Users/LENOVO/Documents/Reseaux_Ubiquitaire/hei-2019-2020-lab-sens-it-reinert-gerardin/sensit-sdk-v2.0.0/sdk/lib\libSENSIT_SDK_V2.0.0.a(sigfox_internal.o)
 .ARM.attributes
                0x00000367       0x31 C:/Users/LENOVO/Documents/Reseaux_Ubiquitaire/hei-2019-2020-lab-sens-it-reinert-gerardin/sensit-sdk-v2.0.0/sdk/lib\libSENSIT_SDK_V2.0.0.a(sigfox_pn.o)
 .ARM.attributes
                0x00000398       0x31 C:/Users/LENOVO/Documents/Reseaux_Ubiquitaire/hei-2019-2020-lab-sens-it-reinert-gerardin/sensit-sdk-v2.0.0/sdk/lib\libSENSIT_SDK_V2.0.0.a(sigfox_scramb.o)
 .ARM.attributes
                0x000003c9       0x31 C:/Users/LENOVO/Documents/Reseaux_Ubiquitaire/hei-2019-2020-lab-sens-it-reinert-gerardin/sensit-sdk-v2.0.0/sdk/lib\libSENSIT_SDK_V2.0.0.a(sleep.o)
 .ARM.attributes
                0x000003fa       0x31 C:/Users/LENOVO/Documents/Reseaux_Ubiquitaire/hei-2019-2020-lab-sens-it-reinert-gerardin/sensit-sdk-v2.0.0/sdk/lib\libSENSIT_SDK_V2.0.0.a(spi.o)
 .ARM.attributes
                0x0000042b       0x21 C:/Users/LENOVO/Documents/Reseaux_Ubiquitaire/hei-2019-2020-lab-sens-it-reinert-gerardin/sensit-sdk-v2.0.0/sdk/lib\libSENSIT_SDK_V2.0.0.a(startup_stm32f042x6.o)
 .ARM.attributes
                0x0000044c       0x31 C:/Users/LENOVO/Documents/Reseaux_Ubiquitaire/hei-2019-2020-lab-sens-it-reinert-gerardin/sensit-sdk-v2.0.0/sdk/lib\libSENSIT_SDK_V2.0.0.a(system_stm32f0xx.o)
 .ARM.attributes
                0x0000047d       0x31 C:/Users/LENOVO/Documents/Reseaux_Ubiquitaire/hei-2019-2020-lab-sens-it-reinert-gerardin/sensit-sdk-v2.0.0/sdk/lib\libSENSIT_SDK_V2.0.0.a(systick.o)
 .ARM.attributes
                0x000004ae       0x31 C:/Users/LENOVO/Documents/Reseaux_Ubiquitaire/hei-2019-2020-lab-sens-it-reinert-gerardin/sensit-sdk-v2.0.0/sdk/lib\libSENSIT_SDK_V2.0.0.a(uart.o)
 .ARM.attributes
                0x000004df       0x31 C:/Users/LENOVO/Documents/Reseaux_Ubiquitaire/hei-2019-2020-lab-sens-it-reinert-gerardin/sensit-sdk-v2.0.0/sdk/lib\libSENSIT_SDK_V2.0.0.a(usbd_conf.o)
 .ARM.attributes
                0x00000510       0x31 C:/Users/LENOVO/Documents/Reseaux_Ubiquitaire/hei-2019-2020-lab-sens-it-reinert-gerardin/sensit-sdk-v2.0.0/sdk/lib\libSENSIT_SDK_V2.0.0.a(usbd_core.o)
 .ARM.attributes
                0x00000541       0x31 C:/Users/LENOVO/Documents/Reseaux_Ubiquitaire/hei-2019-2020-lab-sens-it-reinert-gerardin/sensit-sdk-v2.0.0/sdk/lib\libSENSIT_SDK_V2.0.0.a(usbd_ctlreq.o)
 .ARM.attributes
                0x00000572       0x31 C:/Users/LENOVO/Documents/Reseaux_Ubiquitaire/hei-2019-2020-lab-sens-it-reinert-gerardin/sensit-sdk-v2.0.0/sdk/lib\libSENSIT_SDK_V2.0.0.a(usbd_ioreq.o)
 .ARM.attributes
                0x000005a3       0x31 C:/Users/LENOVO/Documents/Reseaux_Ubiquitaire/hei-2019-2020-lab-sens-it-reinert-gerardin/sensit-sdk-v2.0.0/sdk/lib\libSENSIT_SDK_V2.0.0.a(watchdog.o)
 .ARM.attributes
                0x000005d4       0x31 C:/Users/LENOVO/Documents/Reseaux_Ubiquitaire/hei-2019-2020-lab-sens-it-reinert-gerardin/sensit-sdk-v2.0.0/sdk/lib\libSENSIT_SDK_V2.0.0.a(adc.o)
 .ARM.attributes
                0x00000605       0x31 C:/Users/LENOVO/Documents/Reseaux_Ubiquitaire/hei-2019-2020-lab-sens-it-reinert-gerardin/sensit-sdk-v2.0.0/sdk/lib\libSENSIT_SDK_V2.0.0.a(aes.o)
 .ARM.attributes
                0x00000636       0x31 C:/Users/LENOVO/Documents/Reseaux_Ubiquitaire/hei-2019-2020-lab-sens-it-reinert-gerardin/sensit-sdk-v2.0.0/sdk/lib\libSENSIT_SDK_V2.0.0.a(calib.o)
 .ARM.attributes
                0x00000667       0x31 C:/Users/LENOVO/Documents/Reseaux_Ubiquitaire/hei-2019-2020-lab-sens-it-reinert-gerardin/sensit-sdk-v2.0.0/sdk/lib\libSENSIT_SDK_V2.0.0.a(cc1125.o)
 .ARM.attributes
                0x00000698       0x31 C:/Users/LENOVO/Documents/Reseaux_Ubiquitaire/hei-2019-2020-lab-sens-it-reinert-gerardin/sensit-sdk-v2.0.0/sdk/lib\libSENSIT_SDK_V2.0.0.a(crc.o)
 .ARM.attributes
                0x000006c9       0x31 C:/Users/LENOVO/Documents/Reseaux_Ubiquitaire/hei-2019-2020-lab-sens-it-reinert-gerardin/sensit-sdk-v2.0.0/sdk/lib\libSENSIT_SDK_V2.0.0.a(flash.o)
 .ARM.attributes
                0x000006fa       0x31 C:/Users/LENOVO/Documents/Reseaux_Ubiquitaire/hei-2019-2020-lab-sens-it-reinert-gerardin/sensit-sdk-v2.0.0/sdk/lib\libSENSIT_SDK_V2.0.0.a(gpio.o)
 .ARM.attributes
                0x0000072b       0x31 C:/Users/LENOVO/Documents/Reseaux_Ubiquitaire/hei-2019-2020-lab-sens-it-reinert-gerardin/sensit-sdk-v2.0.0/sdk/lib\libSENSIT_SDK_V2.0.0.a(i2c.o)
 .ARM.attributes
                0x0000075c       0x31 C:/Users/LENOVO/Documents/Reseaux_Ubiquitaire/hei-2019-2020-lab-sens-it-reinert-gerardin/sensit-sdk-v2.0.0/sdk/lib\libSENSIT_SDK_V2.0.0.a(led.o)
 .ARM.attributes
                0x0000078d       0x31 C:/Users/LENOVO/Documents/Reseaux_Ubiquitaire/hei-2019-2020-lab-sens-it-reinert-gerardin/sensit-sdk-v2.0.0/sdk/lib\libSENSIT_SDK_V2.0.0.a(my_string.o)
 .ARM.attributes
                0x000007be       0x31 C:/Users/LENOVO/Documents/Reseaux_Ubiquitaire/hei-2019-2020-lab-sens-it-reinert-gerardin/sensit-sdk-v2.0.0/sdk/lib\libSENSIT_SDK_V2.0.0.a(rf_api.o)
 .ARM.attributes
                0x000007ef       0x31 C:/Users/LENOVO/Documents/Reseaux_Ubiquitaire/hei-2019-2020-lab-sens-it-reinert-gerardin/sensit-sdk-v2.0.0/sdk/lib\libSENSIT_SDK_V2.0.0.a(sigfox_crc.o)
 .ARM.attributes
                0x00000820       0x31 C:/Users/LENOVO/Documents/Reseaux_Ubiquitaire/hei-2019-2020-lab-sens-it-reinert-gerardin/sensit-sdk-v2.0.0/sdk/lib\libSENSIT_SDK_V2.0.0.a(sigfox_decode.o)
 .ARM.attributes
                0x00000851       0x31 C:/Users/LENOVO/Documents/Reseaux_Ubiquitaire/hei-2019-2020-lab-sens-it-reinert-gerardin/sensit-sdk-v2.0.0/sdk/lib\libSENSIT_SDK_V2.0.0.a(sigfox_hmac.o)
 .ARM.attributes
                0x00000882       0x31 C:/Users/LENOVO/Documents/Reseaux_Ubiquitaire/hei-2019-2020-lab-sens-it-reinert-gerardin/sensit-sdk-v2.0.0/sdk/lib\libSENSIT_SDK_V2.0.0.a(stm32f0xx_hal_pcd.o)
 .ARM.attributes
                0x000008b3       0x31 C:/Users/LENOVO/Documents/Reseaux_Ubiquitaire/hei-2019-2020-lab-sens-it-reinert-gerardin/sensit-sdk-v2.0.0/sdk/lib\libSENSIT_SDK_V2.0.0.a(modulation.o)
OUTPUT(C:/Users/LENOVO/Documents/Reseaux_Ubiquitaire/hei-2019-2020-lab-sens-it-reinert-gerardin/sensit-sdk-v2.0.0/sdk/bin/sensit.elf elf32-littlearm)

.debug_info     0x00000000     0x2802
 .debug_info    0x00000000      0x3f1 C:/Users/LENOVO/Documents/Reseaux_Ubiquitaire/hei-2019-2020-lab-sens-it-reinert-gerardin/sensit-sdk-v2.0.0/sdk/obj/error.o
 .debug_info    0x000003f1      0x206 C:/Users/LENOVO/Documents/Reseaux_Ubiquitaire/hei-2019-2020-lab-sens-it-reinert-gerardin/sensit-sdk-v2.0.0/sdk/obj/button.o
 .debug_info    0x000005f7      0x323 C:/Users/LENOVO/Documents/Reseaux_Ubiquitaire/hei-2019-2020-lab-sens-it-reinert-gerardin/sensit-sdk-v2.0.0/sdk/obj/battery.o
 .debug_info    0x0000091a       0x97 C:/Users/LENOVO/Documents/Reseaux_Ubiquitaire/hei-2019-2020-lab-sens-it-reinert-gerardin/sensit-sdk-v2.0.0/sdk/obj/callback.o
 .debug_info    0x000009b1      0x4f5 C:/Users/LENOVO/Documents/Reseaux_Ubiquitaire/hei-2019-2020-lab-sens-it-reinert-gerardin/sensit-sdk-v2.0.0/sdk/obj/radio_api.o
 .debug_info    0x00000ea6      0x1a1 C:/Users/LENOVO/Documents/Reseaux_Ubiquitaire/hei-2019-2020-lab-sens-it-reinert-gerardin/sensit-sdk-v2.0.0/sdk/obj/etsi.o
 .debug_info    0x00001047      0x194 C:/Users/LENOVO/Documents/Reseaux_Ubiquitaire/hei-2019-2020-lab-sens-it-reinert-gerardin/sensit-sdk-v2.0.0/sdk/obj/fcc.o
 .debug_info    0x000011db      0x38f C:/Users/LENOVO/Documents/Reseaux_Ubiquitaire/hei-2019-2020-lab-sens-it-reinert-gerardin/sensit-sdk-v2.0.0/sdk/obj/hts221.o
 .debug_info    0x0000156a      0x399 C:/Users/LENOVO/Documents/Reseaux_Ubiquitaire/hei-2019-2020-lab-sens-it-reinert-gerardin/sensit-sdk-v2.0.0/sdk/obj/ltr329.o
 .debug_info    0x00001903      0x553 C:/Users/LENOVO/Documents/Reseaux_Ubiquitaire/hei-2019-2020-lab-sens-it-reinert-gerardin/sensit-sdk-v2.0.0/sdk/obj/fxos8700.o
 .debug_info    0x00001e56      0x32d C:/Users/LENOVO/Documents/Reseaux_Ubiquitaire/hei-2019-2020-lab-sens-it-reinert-gerardin/sensit-sdk-v2.0.0/sdk/obj/discovery.o
 .debug_info    0x00002183      0x67f C:/Users/LENOVO/Documents/Reseaux_Ubiquitaire/hei-2019-2020-lab-sens-it-reinert-gerardin/sensit-sdk-v2.0.0/sdk/obj/main.o

.debug_abbrev   0x00000000      0xfa9
 .debug_abbrev  0x00000000      0x154 C:/Users/LENOVO/Documents/Reseaux_Ubiquitaire/hei-2019-2020-lab-sens-it-reinert-gerardin/sensit-sdk-v2.0.0/sdk/obj/error.o
 .debug_abbrev  0x00000154      0x125 C:/Users/LENOVO/Documents/Reseaux_Ubiquitaire/hei-2019-2020-lab-sens-it-reinert-gerardin/sensit-sdk-v2.0.0/sdk/obj/button.o
 .debug_abbrev  0x00000279      0x19e C:/Users/LENOVO/Documents/Reseaux_Ubiquitaire/hei-2019-2020-lab-sens-it-reinert-gerardin/sensit-sdk-v2.0.0/sdk/obj/battery.o
 .debug_abbrev  0x00000417       0x68 C:/Users/LENOVO/Documents/Reseaux_Ubiquitaire/hei-2019-2020-lab-sens-it-reinert-gerardin/sensit-sdk-v2.0.0/sdk/obj/callback.o
 .debug_abbrev  0x0000047f      0x1b3 C:/Users/LENOVO/Documents/Reseaux_Ubiquitaire/hei-2019-2020-lab-sens-it-reinert-gerardin/sensit-sdk-v2.0.0/sdk/obj/radio_api.o
 .debug_abbrev  0x00000632      0x142 C:/Users/LENOVO/Documents/Reseaux_Ubiquitaire/hei-2019-2020-lab-sens-it-reinert-gerardin/sensit-sdk-v2.0.0/sdk/obj/etsi.o
 .debug_abbrev  0x00000774      0x131 C:/Users/LENOVO/Documents/Reseaux_Ubiquitaire/hei-2019-2020-lab-sens-it-reinert-gerardin/sensit-sdk-v2.0.0/sdk/obj/fcc.o
 .debug_abbrev  0x000008a5      0x158 C:/Users/LENOVO/Documents/Reseaux_Ubiquitaire/hei-2019-2020-lab-sens-it-reinert-gerardin/sensit-sdk-v2.0.0/sdk/obj/hts221.o
 .debug_abbrev  0x000009fd      0x156 C:/Users/LENOVO/Documents/Reseaux_Ubiquitaire/hei-2019-2020-lab-sens-it-reinert-gerardin/sensit-sdk-v2.0.0/sdk/obj/ltr329.o
 .debug_abbrev  0x00000b53      0x182 C:/Users/LENOVO/Documents/Reseaux_Ubiquitaire/hei-2019-2020-lab-sens-it-reinert-gerardin/sensit-sdk-v2.0.0/sdk/obj/fxos8700.o
 .debug_abbrev  0x00000cd5       0xf7 C:/Users/LENOVO/Documents/Reseaux_Ubiquitaire/hei-2019-2020-lab-sens-it-reinert-gerardin/sensit-sdk-v2.0.0/sdk/obj/discovery.o
 .debug_abbrev  0x00000dcc      0x1dd C:/Users/LENOVO/Documents/Reseaux_Ubiquitaire/hei-2019-2020-lab-sens-it-reinert-gerardin/sensit-sdk-v2.0.0/sdk/obj/main.o

.debug_loc      0x00000000      0xd75
 .debug_loc     0x00000000      0x112 C:/Users/LENOVO/Documents/Reseaux_Ubiquitaire/hei-2019-2020-lab-sens-it-reinert-gerardin/sensit-sdk-v2.0.0/sdk/obj/error.o
 .debug_loc     0x00000112       0xb8 C:/Users/LENOVO/Documents/Reseaux_Ubiquitaire/hei-2019-2020-lab-sens-it-reinert-gerardin/sensit-sdk-v2.0.0/sdk/obj/button.o
 .debug_loc     0x000001ca       0x8a C:/Users/LENOVO/Documents/Reseaux_Ubiquitaire/hei-2019-2020-lab-sens-it-reinert-gerardin/sensit-sdk-v2.0.0/sdk/obj/battery.o
 .debug_loc     0x00000254      0x191 C:/Users/LENOVO/Documents/Reseaux_Ubiquitaire/hei-2019-2020-lab-sens-it-reinert-gerardin/sensit-sdk-v2.0.0/sdk/obj/radio_api.o
 .debug_loc     0x000003e5       0xd8 C:/Users/LENOVO/Documents/Reseaux_Ubiquitaire/hei-2019-2020-lab-sens-it-reinert-gerardin/sensit-sdk-v2.0.0/sdk/obj/etsi.o
 .debug_loc     0x000004bd       0xc6 C:/Users/LENOVO/Documents/Reseaux_Ubiquitaire/hei-2019-2020-lab-sens-it-reinert-gerardin/sensit-sdk-v2.0.0/sdk/obj/fcc.o
 .debug_loc     0x00000583      0x28c C:/Users/LENOVO/Documents/Reseaux_Ubiquitaire/hei-2019-2020-lab-sens-it-reinert-gerardin/sensit-sdk-v2.0.0/sdk/obj/hts221.o
 .debug_loc     0x0000080f      0x19d C:/Users/LENOVO/Documents/Reseaux_Ubiquitaire/hei-2019-2020-lab-sens-it-reinert-gerardin/sensit-sdk-v2.0.0/sdk/obj/ltr329.o
 .debug_loc     0x000009ac      0x289 C:/Users/LENOVO/Documents/Reseaux_Ubiquitaire/hei-2019-2020-lab-sens-it-reinert-gerardin/sensit-sdk-v2.0.0/sdk/obj/fxos8700.o
 .debug_loc     0x00000c35       0xa3 C:/Users/LENOVO/Documents/Reseaux_Ubiquitaire/hei-2019-2020-lab-sens-it-reinert-gerardin/sensit-sdk-v2.0.0/sdk/obj/discovery.o
 .debug_loc     0x00000cd8       0x9d C:/Users/LENOVO/Documents/Reseaux_Ubiquitaire/hei-2019-2020-lab-sens-it-reinert-gerardin/sensit-sdk-v2.0.0/sdk/obj/main.o

.debug_aranges  0x00000000      0x1d8
 .debug_aranges
                0x00000000       0x28 C:/Users/LENOVO/Documents/Reseaux_Ubiquitaire/hei-2019-2020-lab-sens-it-reinert-gerardin/sensit-sdk-v2.0.0/sdk/obj/error.o
 .debug_aranges
                0x00000028       0x20 C:/Users/LENOVO/Documents/Reseaux_Ubiquitaire/hei-2019-2020-lab-sens-it-reinert-gerardin/sensit-sdk-v2.0.0/sdk/obj/button.o
 .debug_aranges
                0x00000048       0x20 C:/Users/LENOVO/Documents/Reseaux_Ubiquitaire/hei-2019-2020-lab-sens-it-reinert-gerardin/sensit-sdk-v2.0.0/sdk/obj/battery.o
 .debug_aranges
                0x00000068       0x20 C:/Users/LENOVO/Documents/Reseaux_Ubiquitaire/hei-2019-2020-lab-sens-it-reinert-gerardin/sensit-sdk-v2.0.0/sdk/obj/callback.o
 .debug_aranges
                0x00000088       0x28 C:/Users/LENOVO/Documents/Reseaux_Ubiquitaire/hei-2019-2020-lab-sens-it-reinert-gerardin/sensit-sdk-v2.0.0/sdk/obj/radio_api.o
 .debug_aranges
                0x000000b0       0x20 C:/Users/LENOVO/Documents/Reseaux_Ubiquitaire/hei-2019-2020-lab-sens-it-reinert-gerardin/sensit-sdk-v2.0.0/sdk/obj/etsi.o
 .debug_aranges
                0x000000d0       0x20 C:/Users/LENOVO/Documents/Reseaux_Ubiquitaire/hei-2019-2020-lab-sens-it-reinert-gerardin/sensit-sdk-v2.0.0/sdk/obj/fcc.o
 .debug_aranges
                0x000000f0       0x28 C:/Users/LENOVO/Documents/Reseaux_Ubiquitaire/hei-2019-2020-lab-sens-it-reinert-gerardin/sensit-sdk-v2.0.0/sdk/obj/hts221.o
 .debug_aranges
                0x00000118       0x38 C:/Users/LENOVO/Documents/Reseaux_Ubiquitaire/hei-2019-2020-lab-sens-it-reinert-gerardin/sensit-sdk-v2.0.0/sdk/obj/ltr329.o
 .debug_aranges
                0x00000150       0x48 C:/Users/LENOVO/Documents/Reseaux_Ubiquitaire/hei-2019-2020-lab-sens-it-reinert-gerardin/sensit-sdk-v2.0.0/sdk/obj/fxos8700.o
 .debug_aranges
                0x00000198       0x20 C:/Users/LENOVO/Documents/Reseaux_Ubiquitaire/hei-2019-2020-lab-sens-it-reinert-gerardin/sensit-sdk-v2.0.0/sdk/obj/discovery.o
 .debug_aranges
                0x000001b8       0x20 C:/Users/LENOVO/Documents/Reseaux_Ubiquitaire/hei-2019-2020-lab-sens-it-reinert-gerardin/sensit-sdk-v2.0.0/sdk/obj/main.o

.debug_ranges   0x00000000      0x118
 .debug_ranges  0x00000000       0x18 C:/Users/LENOVO/Documents/Reseaux_Ubiquitaire/hei-2019-2020-lab-sens-it-reinert-gerardin/sensit-sdk-v2.0.0/sdk/obj/error.o
 .debug_ranges  0x00000018       0x10 C:/Users/LENOVO/Documents/Reseaux_Ubiquitaire/hei-2019-2020-lab-sens-it-reinert-gerardin/sensit-sdk-v2.0.0/sdk/obj/button.o
 .debug_ranges  0x00000028       0x10 C:/Users/LENOVO/Documents/Reseaux_Ubiquitaire/hei-2019-2020-lab-sens-it-reinert-gerardin/sensit-sdk-v2.0.0/sdk/obj/battery.o
 .debug_ranges  0x00000038       0x10 C:/Users/LENOVO/Documents/Reseaux_Ubiquitaire/hei-2019-2020-lab-sens-it-reinert-gerardin/sensit-sdk-v2.0.0/sdk/obj/callback.o
 .debug_ranges  0x00000048       0x18 C:/Users/LENOVO/Documents/Reseaux_Ubiquitaire/hei-2019-2020-lab-sens-it-reinert-gerardin/sensit-sdk-v2.0.0/sdk/obj/radio_api.o
 .debug_ranges  0x00000060       0x10 C:/Users/LENOVO/Documents/Reseaux_Ubiquitaire/hei-2019-2020-lab-sens-it-reinert-gerardin/sensit-sdk-v2.0.0/sdk/obj/etsi.o
 .debug_ranges  0x00000070       0x10 C:/Users/LENOVO/Documents/Reseaux_Ubiquitaire/hei-2019-2020-lab-sens-it-reinert-gerardin/sensit-sdk-v2.0.0/sdk/obj/fcc.o
 .debug_ranges  0x00000080       0x18 C:/Users/LENOVO/Documents/Reseaux_Ubiquitaire/hei-2019-2020-lab-sens-it-reinert-gerardin/sensit-sdk-v2.0.0/sdk/obj/hts221.o
 .debug_ranges  0x00000098       0x28 C:/Users/LENOVO/Documents/Reseaux_Ubiquitaire/hei-2019-2020-lab-sens-it-reinert-gerardin/sensit-sdk-v2.0.0/sdk/obj/ltr329.o
 .debug_ranges  0x000000c0       0x38 C:/Users/LENOVO/Documents/Reseaux_Ubiquitaire/hei-2019-2020-lab-sens-it-reinert-gerardin/sensit-sdk-v2.0.0/sdk/obj/fxos8700.o